Oct 20 03:02:39 openeuler NetworkManager[354]: <info>  [1697742159.9021] dhcp4 (enp0s5): canceled DHCP transaction, DHCP client pid 1626
Oct 20 03:02:39 openeuler NetworkManager[354]: <info>  [1697742159.9027] dhcp4 (enp0s5): activation: beginning transaction (timeout in 45 seconds)
Oct 20 03:02:39 openeuler NetworkManager[354]: <info>  [1697742159.9030] dhcp4 (enp0s5): state changed no lease
Oct 20 03:02:40 openeuler NetworkManager[354]: <info>  [1697742160.0286] manager: startup complete
Oct 20 03:03:28 openeuler [RPM][2199]: Transaction ID 65317d80 started
Oct 20 03:03:28 openeuler kernel: [  269.990036] capability: warning: `dnf' uses 32-bit capabilities (legacy support in use)
Oct 20 03:03:28 openeuler [RPM][2199]: install ctags-5.8-29.oe2309.riscv64: success
Oct 20 03:03:28 openeuler [RPM][2199]: install ctags-5.8-29.oe2309.riscv64: success
Oct 20 03:03:29 openeuler [RPM][2199]: install ctags-5.8-29.oe2309.riscv64: success
Oct 20 03:03:29 openeuler [RPM][2199]: Transaction ID 65317d80 finished: 0
Oct 20 03:03:41 openeuler [RPM][2223]: Transaction ID 65317d8d started
Oct 20 03:03:41 openeuler [RPM][2223]: erase ctags-5.8-29.oe2309.riscv64: success
Oct 20 03:03:41 openeuler [RPM][2223]: erase ctags-5.8-29.oe2309.riscv64: success
Oct 20 03:03:41 openeuler [RPM][2223]: Transaction ID 65317d8d finished: 0
Oct 20 03:07:39 openeuler NetworkManager[354]: <info>  [1697742459.6330] policy: auto-activating connection 'Wired connection 2' (4a29acb3-afe4-3ef4-9b97-3d94df9fd918)
Oct 20 03:07:39 openeuler NetworkManager[354]: <info>  [1697742459.6354] policy: auto-activating connection 'Wired connection 3' (782645d7-b1fb-3efd-a43c-de4deb486bb9)
Oct 20 03:07:39 openeuler NetworkManager[354]: <info>  [1697742459.6400] device (enp0s4): Activation: starting connection 'Wired connection 2' (4a29acb3-afe4-3ef4-9b97-3d94df9fd918)
Oct 20 03:07:39 openeuler NetworkManager[354]: <info>  [1697742459.6427] device (enp0s5): Activation: starting connection 'Wired connection 3' (782645d7-b1fb-3efd-a43c-de4deb486bb9)
Oct 20 03:07:39 openeuler NetworkManager[354]: <info>  [1697742459.6449] device (enp0s4): state change: disconnected -> prepare (reason 'none', sys-iface-state: 'managed')
Oct 20 03:07:39 openeuler NetworkManager[354]: <info>  [1697742459.6503] device (enp0s4): state change: prepare -> config (reason 'none', sys-iface-state: 'managed')
Oct 20 03:07:39 openeuler NetworkManager[354]: <info>  [1697742459.6584] device (enp0s5): state change: disconnected -> prepare (reason 'none', sys-iface-state: 'managed')
Oct 20 03:07:39 openeuler NetworkManager[354]: <info>  [1697742459.6670] device (enp0s5): state change: prepare -> config (reason 'none', sys-iface-state: 'managed')
Oct 20 03:07:39 openeuler NetworkManager[354]: <info>  [1697742459.8874] device (enp0s4): state change: config -> ip-config (reason 'none', sys-iface-state: 'managed')
Oct 20 03:07:39 openeuler NetworkManager[354]: <info>  [1697742459.8970] dhcp4 (enp0s4): activation: beginning transaction (timeout in 45 seconds)
Oct 20 03:07:39 openeuler NetworkManager[354]: <info>  [1697742459.9301] dhcp4 (enp0s4): dhclient started with pid 6537
Oct 20 03:07:40 openeuler dhclient[6537]: DHCPDISCOVER on enp0s4 to 255.255.255.255 port 67 interval 7 (xid=0x61ee9215)
Oct 20 03:07:40 openeuler NetworkManager[354]: <info>  [1697742460.1895] device (enp0s5): state change: config -> ip-config (reason 'none', sys-iface-state: 'managed')
Oct 20 03:07:40 openeuler NetworkManager[354]: <info>  [1697742460.2105] dhcp4 (enp0s5): activation: beginning transaction (timeout in 45 seconds)
Oct 20 03:07:40 openeuler NetworkManager[354]: <info>  [1697742460.2508] dhcp4 (enp0s5): dhclient started with pid 6544
Oct 20 03:07:40 openeuler dhclient[6544]: DHCPDISCOVER on enp0s5 to 255.255.255.255 port 67 interval 4 (xid=0x63dbcc6b)
Oct 20 03:07:44 openeuler dhclient[6544]: DHCPDISCOVER on enp0s5 to 255.255.255.255 port 67 interval 5 (xid=0x63dbcc6b)
Oct 20 03:07:47 openeuler dhclient[6537]: DHCPDISCOVER on enp0s4 to 255.255.255.255 port 67 interval 10 (xid=0x61ee9215)
Oct 20 03:07:49 openeuler dhclient[6544]: DHCPDISCOVER on enp0s5 to 255.255.255.255 port 67 interval 14 (xid=0x63dbcc6b)
Oct 20 03:07:57 openeuler dhclient[6537]: DHCPDISCOVER on enp0s4 to 255.255.255.255 port 67 interval 21 (xid=0x61ee9215)
Oct 20 03:08:03 openeuler dhclient[6544]: DHCPDISCOVER on enp0s5 to 255.255.255.255 port 67 interval 15 (xid=0x63dbcc6b)
Oct 20 03:08:18 openeuler dhclient[6544]: DHCPDISCOVER on enp0s5 to 255.255.255.255 port 67 interval 13 (xid=0x63dbcc6b)
Oct 20 03:08:18 openeuler dhclient[6537]: DHCPDISCOVER on enp0s4 to 255.255.255.255 port 67 interval 10 (xid=0x61ee9215)
Oct 20 03:08:25 openeuler NetworkManager[354]: <info>  [1697742505.6447] device (enp0s4): state change: ip-config -> failed (reason 'ip-config-unavailable', sys-iface-state: 'managed')
Oct 20 03:08:25 openeuler NetworkManager[354]: <warn>  [1697742505.6533] device (enp0s4): Activation: failed for connection 'Wired connection 2'
Oct 20 03:08:25 openeuler NetworkManager[354]: <info>  [1697742505.6540] device (enp0s5): state change: ip-config -> failed (reason 'ip-config-unavailable', sys-iface-state: 'managed')
Oct 20 03:08:25 openeuler NetworkManager[354]: <warn>  [1697742505.6743] device (enp0s5): Activation: failed for connection 'Wired connection 3'
Oct 20 03:08:25 openeuler NetworkManager[354]: <info>  [1697742505.6819] device (enp0s4): state change: failed -> disconnected (reason 'none', sys-iface-state: 'managed')
Oct 20 03:08:25 openeuler NetworkManager[354]: <info>  [1697742505.7217] dhcp4 (enp0s4): canceled DHCP transaction, DHCP client pid 6537
Oct 20 03:08:25 openeuler NetworkManager[354]: <info>  [1697742505.7222] dhcp4 (enp0s4): activation: beginning transaction (timeout in 45 seconds)
Oct 20 03:08:25 openeuler NetworkManager[354]: <info>  [1697742505.7225] dhcp4 (enp0s4): state changed no lease
Oct 20 03:08:25 openeuler NetworkManager[354]: <info>  [1697742505.9262] device (enp0s5): state change: failed -> disconnected (reason 'none', sys-iface-state: 'managed')
Oct 20 03:08:25 openeuler NetworkManager[354]: <info>  [1697742505.9563] dhcp4 (enp0s5): canceled DHCP transaction, DHCP client pid 6544
Oct 20 03:08:25 openeuler NetworkManager[354]: <info>  [1697742505.9569] dhcp4 (enp0s5): activation: beginning transaction (timeout in 45 seconds)
Oct 20 03:08:25 openeuler NetworkManager[354]: <info>  [1697742505.9573] dhcp4 (enp0s5): state changed no lease
Oct 20 03:08:26 openeuler NetworkManager[354]: <info>  [1697742506.1719] policy: auto-activating connection 'Wired connection 2' (4a29acb3-afe4-3ef4-9b97-3d94df9fd918)
Oct 20 03:08:26 openeuler NetworkManager[354]: <info>  [1697742506.1769] policy: auto-activating connection 'Wired connection 3' (782645d7-b1fb-3efd-a43c-de4deb486bb9)
Oct 20 03:08:26 openeuler NetworkManager[354]: <info>  [1697742506.1859] device (enp0s4): Activation: starting connection 'Wired connection 2' (4a29acb3-afe4-3ef4-9b97-3d94df9fd918)
Oct 20 03:08:26 openeuler NetworkManager[354]: <info>  [1697742506.1905] device (enp0s5): Activation: starting connection 'Wired connection 3' (782645d7-b1fb-3efd-a43c-de4deb486bb9)
Oct 20 03:08:26 openeuler NetworkManager[354]: <info>  [1697742506.1924] device (enp0s4): state change: disconnected -> prepare (reason 'none', sys-iface-state: 'managed')
Oct 20 03:08:26 openeuler NetworkManager[354]: <info>  [1697742506.1983] device (enp0s4): state change: prepare -> config (reason 'none', sys-iface-state: 'managed')
Oct 20 03:08:26 openeuler NetworkManager[354]: <info>  [1697742506.2084] device (enp0s5): state change: disconnected -> prepare (reason 'none', sys-iface-state: 'managed')
Oct 20 03:08:26 openeuler NetworkManager[354]: <info>  [1697742506.2144] device (enp0s5): state change: prepare -> config (reason 'none', sys-iface-state: 'managed')
Oct 20 03:08:26 openeuler NetworkManager[354]: <info>  [1697742506.4579] device (enp0s4): state change: config -> ip-config (reason 'none', sys-iface-state: 'managed')
Oct 20 03:08:26 openeuler NetworkManager[354]: <info>  [1697742506.4687] dhcp4 (enp0s4): activation: beginning transaction (timeout in 45 seconds)
Oct 20 03:08:26 openeuler NetworkManager[354]: <info>  [1697742506.5187] dhcp4 (enp0s4): dhclient started with pid 6668
Oct 20 03:08:26 openeuler NetworkManager[354]: <info>  [1697742506.6666] device (enp0s5): state change: config -> ip-config (reason 'none', sys-iface-state: 'managed')
Oct 20 03:08:26 openeuler NetworkManager[354]: <info>  [1697742506.6768] dhcp4 (enp0s5): activation: beginning transaction (timeout in 45 seconds)
Oct 20 03:08:26 openeuler NetworkManager[354]: <info>  [1697742506.7133] dhcp4 (enp0s5): dhclient started with pid 6671
Oct 20 03:08:26 openeuler dhclient[6668]: DHCPDISCOVER on enp0s4 to 255.255.255.255 port 67 interval 5 (xid=0xd6f5c026)
Oct 20 03:08:26 openeuler dhclient[6671]: DHCPDISCOVER on enp0s5 to 255.255.255.255 port 67 interval 8 (xid=0xad651036)
Oct 20 03:08:28 openeuler [RPM][6657]: Transaction ID 65317eac started
Oct 20 03:08:29 openeuler [RPM][6657]: install m4-1.4.19-3.oe2309.riscv64: success
Oct 20 03:08:30 openeuler [RPM][6657]: install autoconf-2.71-4.oe2309.noarch: success
Oct 20 03:08:30 openeuler [RPM][6657]: install m4-1.4.19-3.oe2309.riscv64: success
Oct 20 03:08:30 openeuler [RPM][6657]: install autoconf-2.71-4.oe2309.noarch: success
Oct 20 03:08:30 openeuler [RPM][6657]: Transaction ID 65317eac finished: 0
Oct 20 03:08:31 openeuler dhclient[6668]: DHCPDISCOVER on enp0s4 to 255.255.255.255 port 67 interval 8 (xid=0xd6f5c026)
Oct 20 03:08:34 openeuler dhclient[6671]: DHCPDISCOVER on enp0s5 to 255.255.255.255 port 67 interval 12 (xid=0xad651036)
Oct 20 03:08:39 openeuler dhclient[6668]: DHCPDISCOVER on enp0s4 to 255.255.255.255 port 67 interval 12 (xid=0xd6f5c026)
Oct 20 03:08:46 openeuler dhclient[6671]: DHCPDISCOVER on enp0s5 to 255.255.255.255 port 67 interval 10 (xid=0xad651036)
Oct 20 03:08:48 openeuler [RPM][6696]: Transaction ID 65317ec0 started
Oct 20 03:08:49 openeuler [RPM][6696]: erase autoconf-2.71-4.oe2309.noarch: success
Oct 20 03:08:49 openeuler [RPM][6696]: erase m4-1.4.19-3.oe2309.riscv64: success
Oct 20 03:08:49 openeuler [RPM][6696]: erase autoconf-2.71-4.oe2309.noarch: success
Oct 20 03:08:49 openeuler [RPM][6696]: erase m4-1.4.19-3.oe2309.riscv64: success
Oct 20 03:08:49 openeuler [RPM][6696]: Transaction ID 65317ec0 finished: 0
Oct 20 03:08:51 openeuler dhclient[6668]: DHCPDISCOVER on enp0s4 to 255.255.255.255 port 67 interval 13 (xid=0xd6f5c026)
Oct 20 03:08:56 openeuler dhclient[6671]: DHCPDISCOVER on enp0s5 to 255.255.255.255 port 67 interval 14 (xid=0xad651036)
Oct 20 03:09:04 openeuler dhclient[6668]: DHCPDISCOVER on enp0s4 to 255.255.255.255 port 67 interval 15 (xid=0xd6f5c026)
Oct 20 03:09:10 openeuler dhclient[6671]: DHCPDISCOVER on enp0s5 to 255.255.255.255 port 67 interval 13 (xid=0xad651036)
Oct 20 03:09:11 openeuler NetworkManager[354]: <info>  [1697742551.6413] device (enp0s4): state change: ip-config -> failed (reason 'ip-config-unavailable', sys-iface-state: 'managed')
Oct 20 03:09:11 openeuler NetworkManager[354]: <warn>  [1697742551.6474] device (enp0s4): Activation: failed for connection 'Wired connection 2'
Oct 20 03:09:11 openeuler NetworkManager[354]: <info>  [1697742551.6480] device (enp0s5): state change: ip-config -> failed (reason 'ip-config-unavailable', sys-iface-state: 'managed')
Oct 20 03:09:11 openeuler NetworkManager[354]: <warn>  [1697742551.6525] device (enp0s5): Activation: failed for connection 'Wired connection 3'
Oct 20 03:09:11 openeuler NetworkManager[354]: <info>  [1697742551.6562] device (enp0s4): state change: failed -> disconnected (reason 'none', sys-iface-state: 'managed')
Oct 20 03:09:11 openeuler NetworkManager[354]: <info>  [1697742551.7130] dhcp4 (enp0s4): canceled DHCP transaction, DHCP client pid 6668
Oct 20 03:09:11 openeuler NetworkManager[354]: <info>  [1697742551.7133] dhcp4 (enp0s4): activation: beginning transaction (timeout in 45 seconds)
Oct 20 03:09:11 openeuler NetworkManager[354]: <info>  [1697742551.7135] dhcp4 (enp0s4): state changed no lease
Oct 20 03:09:11 openeuler NetworkManager[354]: <info>  [1697742551.8199] device (enp0s5): state change: failed -> disconnected (reason 'none', sys-iface-state: 'managed')
Oct 20 03:09:11 openeuler NetworkManager[354]: <info>  [1697742551.8568] dhcp4 (enp0s5): canceled DHCP transaction, DHCP client pid 6671
Oct 20 03:09:11 openeuler NetworkManager[354]: <info>  [1697742551.8572] dhcp4 (enp0s5): activation: beginning transaction (timeout in 45 seconds)
Oct 20 03:09:11 openeuler NetworkManager[354]: <info>  [1697742551.8574] dhcp4 (enp0s5): state changed no lease
Oct 20 03:09:11 openeuler NetworkManager[354]: <info>  [1697742551.9650] policy: auto-activating connection 'Wired connection 2' (4a29acb3-afe4-3ef4-9b97-3d94df9fd918)
Oct 20 03:09:11 openeuler NetworkManager[354]: <info>  [1697742551.9672] policy: auto-activating connection 'Wired connection 3' (782645d7-b1fb-3efd-a43c-de4deb486bb9)
Oct 20 03:09:11 openeuler NetworkManager[354]: <info>  [1697742551.9707] device (enp0s4): Activation: starting connection 'Wired connection 2' (4a29acb3-afe4-3ef4-9b97-3d94df9fd918)
Oct 20 03:09:11 openeuler NetworkManager[354]: <info>  [1697742551.9763] device (enp0s5): Activation: starting connection 'Wired connection 3' (782645d7-b1fb-3efd-a43c-de4deb486bb9)
Oct 20 03:09:11 openeuler NetworkManager[354]: <info>  [1697742551.9772] device (enp0s4): state change: disconnected -> prepare (reason 'none', sys-iface-state: 'managed')
Oct 20 03:09:11 openeuler NetworkManager[354]: <info>  [1697742551.9801] device (enp0s4): state change: prepare -> config (reason 'none', sys-iface-state: 'managed')
Oct 20 03:09:11 openeuler NetworkManager[354]: <info>  [1697742551.9852] device (enp0s5): state change: disconnected -> prepare (reason 'none', sys-iface-state: 'managed')
Oct 20 03:09:12 openeuler NetworkManager[354]: <info>  [1697742551.9919] device (enp0s5): state change: prepare -> config (reason 'none', sys-iface-state: 'managed')
Oct 20 03:09:12 openeuler NetworkManager[354]: <info>  [1697742552.2462] device (enp0s4): state change: config -> ip-config (reason 'none', sys-iface-state: 'managed')
Oct 20 03:09:12 openeuler NetworkManager[354]: <info>  [1697742552.2529] dhcp4 (enp0s4): activation: beginning transaction (timeout in 45 seconds)
Oct 20 03:09:12 openeuler NetworkManager[354]: <info>  [1697742552.2919] dhcp4 (enp0s4): dhclient started with pid 6861
Oct 20 03:09:12 openeuler NetworkManager[354]: <info>  [1697742552.4225] device (enp0s5): state change: config -> ip-config (reason 'none', sys-iface-state: 'managed')
Oct 20 03:09:12 openeuler NetworkManager[354]: <info>  [1697742552.4335] dhcp4 (enp0s5): activation: beginning transaction (timeout in 45 seconds)
Oct 20 03:09:12 openeuler dhclient[6861]: DHCPDISCOVER on enp0s4 to 255.255.255.255 port 67 interval 8 (xid=0x8cd20f0f)
Oct 20 03:09:12 openeuler NetworkManager[354]: <info>  [1697742552.4669] dhcp4 (enp0s5): dhclient started with pid 6868
Oct 20 03:09:12 openeuler dhclient[6868]: DHCPDISCOVER on enp0s5 to 255.255.255.255 port 67 interval 6 (xid=0x95d04312)
Oct 20 03:09:18 openeuler dhclient[6868]: DHCPDISCOVER on enp0s5 to 255.255.255.255 port 67 interval 15 (xid=0x95d04312)
Oct 20 03:09:20 openeuler dhclient[6861]: DHCPDISCOVER on enp0s4 to 255.255.255.255 port 67 interval 16 (xid=0x8cd20f0f)
Oct 20 03:09:33 openeuler dhclient[6868]: DHCPDISCOVER on enp0s5 to 255.255.255.255 port 67 interval 15 (xid=0x95d04312)
Oct 20 03:09:36 openeuler dhclient[6861]: DHCPDISCOVER on enp0s4 to 255.255.255.255 port 67 interval 10 (xid=0x8cd20f0f)
Oct 20 03:09:46 openeuler dhclient[6861]: DHCPDISCOVER on enp0s4 to 255.255.255.255 port 67 interval 12 (xid=0x8cd20f0f)
Oct 20 03:09:48 openeuler [RPM][6965]: Transaction ID 65317efb started
Oct 20 03:09:48 openeuler [RPM][6965]: install sgpio-1.2.1-2.oe2309.riscv64: success
Oct 20 03:09:48 openeuler [RPM][6965]: install dmraid-events-1.0.0.rc16-54.oe2309.riscv64: success
Oct 20 03:09:48 openeuler dhclient[6868]: DHCPDISCOVER on enp0s5 to 255.255.255.255 port 67 interval 12 (xid=0x95d04312)
Oct 20 03:09:49 openeuler [RPM][6965]: install dmraid-1.0.0.rc16-54.oe2309.riscv64: success
Oct 20 03:09:49 openeuler systemd[1]: Started /usr/bin/systemctl start man-db-cache-update.
Oct 20 03:09:49 openeuler [RPM][6965]: install sgpio-1.2.1-2.oe2309.riscv64: success
Oct 20 03:09:49 openeuler [RPM][6965]: install dmraid-events-1.0.0.rc16-54.oe2309.riscv64: success
Oct 20 03:09:49 openeuler [RPM][6965]: install dmraid-1.0.0.rc16-54.oe2309.riscv64: success
Oct 20 03:09:49 openeuler [RPM][6965]: Transaction ID 65317efb finished: 0
Oct 20 03:09:50 openeuler systemctl[6980]: [/usr/bin/systemctl start man-db-cache-update] called by PID 1 (/sbin/init)
Oct 20 03:09:50 openeuler systemd[1]: cgroup compatibility translation between legacy and unified hierarchy settings activated. See cgroup-compat debug messages for details.
Oct 20 03:09:50 openeuler systemd[1]: Starting man-db-cache-update.service...
Oct 20 03:09:51 openeuler systemd[1]: man-db-cache-update.service: Deactivated successfully.
Oct 20 03:09:51 openeuler systemd[1]: Finished man-db-cache-update.service.
Oct 20 03:09:51 openeuler systemd[1]: run-r798dcf25b5b14a78949a7629ff8a8e5f.service: Deactivated successfully.
Oct 20 03:09:52 openeuler kernel: [  654.102202] dmraid[6997]: unhandled signal 11 code 0x1 at 0x702d656369766560 in libc.so.6[3f9e74e000+18b000]
Oct 20 03:09:52 openeuler kernel: [  654.102679] CPU: 3 PID: 6997 Comm: dmraid Not tainted 6.4.0-10.1.0.20.oe2309.riscv64 #1
Oct 20 03:09:52 openeuler kernel: [  654.102852] Hardware name: riscv-virtio,qemu (DT)
Oct 20 03:09:52 openeuler kernel: [  654.103031] epc : 0000003f9e7e6640 ra : 0000003f9e7a6af0 sp : 0000003fe280cf00
Oct 20 03:09:52 openeuler kernel: [  654.103202]  gp : 0000002ab27f6800 tp : 0000003f9e5f2ba0 t0 : 0000000000000008
Oct 20 03:09:52 openeuler kernel: [  654.103352]  t1 : 0000003f9e9b46dc t2 : 0000003f9e9dec46 s0 : 0000003fe280d4b8
Oct 20 03:09:52 openeuler kernel: [  654.103502]  s1 : 0000003fe280d608 a0 : 702d656369766564 a1 : 0000002ab27f3708
Oct 20 03:09:52 openeuler kernel: [  654.103652]  a2 : 0000000000000053 a3 : 0000000000000020 a4 : 0000000000000073
Oct 20 03:09:52 openeuler kernel: [  654.103800]  a5 : 702d656369766560 a6 : 2525252525252525 a7 : 0000000000000000
Oct 20 03:09:52 openeuler kernel: [  654.103950]  s2 : 0000003f9e8a0da8 s3 : ffffffffffffffff s4 : 0000000000000000
Oct 20 03:09:52 openeuler kernel: [  654.104099]  s5 : 0000000000000000 s6 : 702d656369766564 s7 : 0000003f9e7a5528
Oct 20 03:09:52 openeuler kernel: [  654.104284]  s8 : 0000000000000000 s9 : 0000000000000000 s10: 0000000000000000
Oct 20 03:09:52 openeuler kernel: [  654.104434]  s11: 0000002ab27f64a0 t3 : 0000003f9e84a470 t4 : 0000002ae09e8308
Oct 20 03:09:52 openeuler kernel: [  654.104583]  t5 : 0000000000000030 t6 : 0000000000000002
Oct 20 03:09:52 openeuler kernel: [  654.104716] status: 0000000200004020 badaddr: 702d656369766560 cause: 000000000000000d
Oct 20 03:09:52 openeuler systemd[1]: Created slice Slice /system/systemd-coredump.
Oct 20 03:09:52 openeuler systemd[1]: Started Process Core Dump (PID 6999/UID 0).
Oct 20 03:09:53 openeuler systemd-coredump[7000]: Resource limits disable core dumping for process 6997 (dmraid).
Oct 20 03:09:53 openeuler systemd-coredump[7000]: Process 6997 (dmraid) of user 0 dumped core.
Oct 20 03:09:53 openeuler systemd[1]: systemd-coredump@0-6999-0.service: Deactivated successfully.
Oct 20 03:09:54 openeuler kernel: [  656.467455] device-mapper: core: CONFIG_IMA_DISABLE_HTABLE is disabled. Duplicate IMA measurements will not be recorded in the IMA log.
Oct 20 03:09:54 openeuler kernel: [  656.468393] device-mapper: uevent: version 1.0.3
Oct 20 03:09:54 openeuler kernel: [  656.470324] device-mapper: ioctl: 4.48.0-ioctl (2023-03-01) initialised: dm-devel@redhat.com
Oct 20 03:09:57 openeuler NetworkManager[354]: <info>  [1697742597.6365] device (enp0s4): state change: ip-config -> failed (reason 'ip-config-unavailable', sys-iface-state: 'managed')
Oct 20 03:09:57 openeuler NetworkManager[354]: <warn>  [1697742597.6444] device (enp0s4): Activation: failed for connection 'Wired connection 2'
Oct 20 03:09:57 openeuler NetworkManager[354]: <info>  [1697742597.6451] device (enp0s5): state change: ip-config -> failed (reason 'ip-config-unavailable', sys-iface-state: 'managed')
Oct 20 03:09:57 openeuler NetworkManager[354]: <warn>  [1697742597.6514] device (enp0s5): Activation: failed for connection 'Wired connection 3'
Oct 20 03:09:57 openeuler NetworkManager[354]: <info>  [1697742597.6559] device (enp0s4): state change: failed -> disconnected (reason 'none', sys-iface-state: 'managed')
Oct 20 03:09:57 openeuler NetworkManager[354]: <info>  [1697742597.7130] dhcp4 (enp0s4): canceled DHCP transaction, DHCP client pid 6861
Oct 20 03:09:57 openeuler NetworkManager[354]: <info>  [1697742597.7134] dhcp4 (enp0s4): activation: beginning transaction (timeout in 45 seconds)
Oct 20 03:09:57 openeuler NetworkManager[354]: <info>  [1697742597.7136] dhcp4 (enp0s4): state changed no lease
Oct 20 03:09:57 openeuler NetworkManager[354]: <info>  [1697742597.8501] device (enp0s5): state change: failed -> disconnected (reason 'none', sys-iface-state: 'managed')
Oct 20 03:09:57 openeuler NetworkManager[354]: <info>  [1697742597.9140] dhcp4 (enp0s5): canceled DHCP transaction, DHCP client pid 6868
Oct 20 03:09:57 openeuler NetworkManager[354]: <info>  [1697742597.9145] dhcp4 (enp0s5): activation: beginning transaction (timeout in 45 seconds)
Oct 20 03:09:57 openeuler NetworkManager[354]: <info>  [1697742597.9148] dhcp4 (enp0s5): state changed no lease
Oct 20 03:09:58 openeuler NetworkManager[354]: <info>  [1697742598.0895] policy: auto-activating connection 'Wired connection 2' (4a29acb3-afe4-3ef4-9b97-3d94df9fd918)
Oct 20 03:09:58 openeuler NetworkManager[354]: <info>  [1697742598.0937] policy: auto-activating connection 'Wired connection 3' (782645d7-b1fb-3efd-a43c-de4deb486bb9)
Oct 20 03:09:58 openeuler NetworkManager[354]: <info>  [1697742598.1019] device (enp0s4): Activation: starting connection 'Wired connection 2' (4a29acb3-afe4-3ef4-9b97-3d94df9fd918)
Oct 20 03:09:58 openeuler NetworkManager[354]: <info>  [1697742598.1062] device (enp0s5): Activation: starting connection 'Wired connection 3' (782645d7-b1fb-3efd-a43c-de4deb486bb9)
Oct 20 03:09:58 openeuler NetworkManager[354]: <info>  [1697742598.1087] device (enp0s4): state change: disconnected -> prepare (reason 'none', sys-iface-state: 'managed')
Oct 20 03:09:58 openeuler NetworkManager[354]: <info>  [1697742598.1143] device (enp0s4): state change: prepare -> config (reason 'none', sys-iface-state: 'managed')
Oct 20 03:09:58 openeuler NetworkManager[354]: <info>  [1697742598.1234] device (enp0s5): state change: disconnected -> prepare (reason 'none', sys-iface-state: 'managed')
Oct 20 03:09:58 openeuler NetworkManager[354]: <info>  [1697742598.1286] device (enp0s5): state change: prepare -> config (reason 'none', sys-iface-state: 'managed')
Oct 20 03:09:58 openeuler NetworkManager[354]: <info>  [1697742598.3451] device (enp0s4): state change: config -> ip-config (reason 'none', sys-iface-state: 'managed')
Oct 20 03:09:58 openeuler NetworkManager[354]: <info>  [1697742598.3542] dhcp4 (enp0s4): activation: beginning transaction (timeout in 45 seconds)
Oct 20 03:09:58 openeuler NetworkManager[354]: <info>  [1697742598.3956] dhcp4 (enp0s4): dhclient started with pid 7030
Oct 20 03:09:58 openeuler NetworkManager[354]: <info>  [1697742598.5465] device (enp0s5): state change: config -> ip-config (reason 'none', sys-iface-state: 'managed')
Oct 20 03:09:58 openeuler NetworkManager[354]: <info>  [1697742598.5562] dhcp4 (enp0s5): activation: beginning transaction (timeout in 45 seconds)
Oct 20 03:09:58 openeuler NetworkManager[354]: <info>  [1697742598.5821] dhcp4 (enp0s5): dhclient started with pid 7036
Oct 20 03:09:58 openeuler dhclient[7030]: DHCPDISCOVER on enp0s4 to 255.255.255.255 port 67 interval 8 (xid=0x7be69340)
Oct 20 03:09:58 openeuler dhclient[7036]: DHCPDISCOVER on enp0s5 to 255.255.255.255 port 67 interval 6 (xid=0x4fefce78)
Oct 20 03:10:04 openeuler dhclient[7036]: DHCPDISCOVER on enp0s5 to 255.255.255.255 port 67 interval 20 (xid=0x4fefce78)
Oct 20 03:10:04 openeuler [RPM][7043]: Transaction ID 65317f0c started
Oct 20 03:10:05 openeuler [RPM][7043]: erase dmraid-1.0.0.rc16-54.oe2309.riscv64: success
Oct 20 03:10:05 openeuler [RPM][7043]: erase dmraid-events-1.0.0.rc16-54.oe2309.riscv64: success
Oct 20 03:10:05 openeuler [RPM][7043]: erase sgpio-1.2.1-2.oe2309.riscv64: success
Oct 20 03:10:05 openeuler [RPM][7043]: erase dmraid-1.0.0.rc16-54.oe2309.riscv64: success
Oct 20 03:10:05 openeuler [RPM][7043]: erase dmraid-events-1.0.0.rc16-54.oe2309.riscv64: success
Oct 20 03:10:05 openeuler [RPM][7043]: erase sgpio-1.2.1-2.oe2309.riscv64: success
Oct 20 03:10:06 openeuler dhclient[7030]: DHCPDISCOVER on enp0s4 to 255.255.255.255 port 67 interval 9 (xid=0x7be69340)
Oct 20 03:10:06 openeuler systemd[1]: Started /usr/bin/systemctl start man-db-cache-update.
Oct 20 03:10:06 openeuler [RPM][7043]: Transaction ID 65317f0c finished: 0
Oct 20 03:10:06 openeuler systemctl[7052]: [/usr/bin/systemctl start man-db-cache-update] called by PID 1 (/sbin/init)
Oct 20 03:10:07 openeuler systemd[1]: Starting man-db-cache-update.service...
Oct 20 03:10:08 openeuler systemd[1]: man-db-cache-update.service: Deactivated successfully.
Oct 20 03:10:08 openeuler systemd[1]: Finished man-db-cache-update.service.
Oct 20 03:10:09 openeuler systemd[1]: run-rc3d4538e41ee4246b3c90b5545bad992.service: Deactivated successfully.
Oct 20 03:10:15 openeuler dhclient[7030]: DHCPDISCOVER on enp0s4 to 255.255.255.255 port 67 interval 10 (xid=0x7be69340)
Oct 20 03:10:24 openeuler dhclient[7036]: DHCPDISCOVER on enp0s5 to 255.255.255.255 port 67 interval 13 (xid=0x4fefce78)
Oct 20 03:10:25 openeuler dhclient[7030]: DHCPDISCOVER on enp0s4 to 255.255.255.255 port 67 interval 11 (xid=0x7be69340)
Oct 20 03:10:36 openeuler dhclient[7030]: DHCPDISCOVER on enp0s4 to 255.255.255.255 port 67 interval 15 (xid=0x7be69340)
Oct 20 03:10:37 openeuler dhclient[7036]: DHCPDISCOVER on enp0s5 to 255.255.255.255 port 67 interval 18 (xid=0x4fefce78)
Oct 20 03:10:43 openeuler NetworkManager[354]: <info>  [1697742643.6444] device (enp0s4): state change: ip-config -> failed (reason 'ip-config-unavailable', sys-iface-state: 'managed')
Oct 20 03:10:43 openeuler NetworkManager[354]: <warn>  [1697742643.6500] device (enp0s4): Activation: failed for connection 'Wired connection 2'
Oct 20 03:10:43 openeuler NetworkManager[354]: <info>  [1697742643.6505] device (enp0s5): state change: ip-config -> failed (reason 'ip-config-unavailable', sys-iface-state: 'managed')
Oct 20 03:10:43 openeuler NetworkManager[354]: <warn>  [1697742643.6541] device (enp0s5): Activation: failed for connection 'Wired connection 3'
Oct 20 03:10:43 openeuler NetworkManager[354]: <info>  [1697742643.6582] device (enp0s4): state change: failed -> disconnected (reason 'none', sys-iface-state: 'managed')
Oct 20 03:10:43 openeuler NetworkManager[354]: <info>  [1697742643.6898] dhcp4 (enp0s4): canceled DHCP transaction, DHCP client pid 7030
Oct 20 03:10:43 openeuler NetworkManager[354]: <info>  [1697742643.6901] dhcp4 (enp0s4): activation: beginning transaction (timeout in 45 seconds)
Oct 20 03:10:43 openeuler NetworkManager[354]: <info>  [1697742643.6903] dhcp4 (enp0s4): state changed no lease
Oct 20 03:10:43 openeuler NetworkManager[354]: <info>  [1697742643.8069] device (enp0s5): state change: failed -> disconnected (reason 'none', sys-iface-state: 'managed')
Oct 20 03:10:43 openeuler NetworkManager[354]: <info>  [1697742643.8449] dhcp4 (enp0s5): canceled DHCP transaction, DHCP client pid 7036
Oct 20 03:10:43 openeuler NetworkManager[354]: <info>  [1697742643.8452] dhcp4 (enp0s5): activation: beginning transaction (timeout in 45 seconds)
Oct 20 03:10:43 openeuler NetworkManager[354]: <info>  [1697742643.8454] dhcp4 (enp0s5): state changed no lease
Oct 20 03:10:51 openeuler [RPM][7153]: Transaction ID 65317f3a started
Oct 20 03:10:55 openeuler [RPM][7153]: install libstdc++-devel-12.3.1-16.oe2309.riscv64: success
Oct 20 03:11:01 openeuler [RPM][7153]: install gcc-c++-12.3.1-16.oe2309.riscv64: success
Oct 20 03:11:02 openeuler systemd[1]: Started /usr/bin/systemctl start man-db-cache-update.
Oct 20 03:11:02 openeuler [RPM][7153]: install libstdc++-devel-12.3.1-16.oe2309.riscv64: success
Oct 20 03:11:02 openeuler [RPM][7153]: install gcc-c++-12.3.1-16.oe2309.riscv64: success
Oct 20 03:11:02 openeuler [RPM][7153]: Transaction ID 65317f3a finished: 0
Oct 20 03:11:02 openeuler systemctl[7168]: [/usr/bin/systemctl start man-db-cache-update] called by PID 1 (/sbin/init)
Oct 20 03:11:02 openeuler systemd[1]: Starting man-db-cache-update.service...
Oct 20 03:11:03 openeuler systemd[1]: man-db-cache-update.service: Deactivated successfully.
Oct 20 03:11:03 openeuler systemd[1]: Finished man-db-cache-update.service.
Oct 20 03:11:04 openeuler systemd[1]: run-r4ac91dcd33b748f8a6bb7582ed0f5294.service: Deactivated successfully.
Oct 20 03:11:20 openeuler [RPM][7200]: Transaction ID 65317f58 started
Oct 20 03:11:20 openeuler [RPM][7200]: erase gcc-c++-12.3.1-16.oe2309.riscv64: success
Oct 20 03:11:20 openeuler [RPM][7200]: erase libstdc++-devel-12.3.1-16.oe2309.riscv64: success
Oct 20 03:11:21 openeuler [RPM][7200]: erase gcc-c++-12.3.1-16.oe2309.riscv64: success
Oct 20 03:11:21 openeuler [RPM][7200]: erase libstdc++-devel-12.3.1-16.oe2309.riscv64: success
Oct 20 03:11:22 openeuler systemd[1]: Started /usr/bin/systemctl start man-db-cache-update.
Oct 20 03:11:22 openeuler [RPM][7200]: Transaction ID 65317f58 finished: 0
Oct 20 03:11:22 openeuler systemctl[7203]: [/usr/bin/systemctl start man-db-cache-update] called by PID 1 (/sbin/init)
Oct 20 03:11:22 openeuler systemd[1]: Starting man-db-cache-update.service...
Oct 20 03:11:23 openeuler systemd[1]: man-db-cache-update.service: Deactivated successfully.
Oct 20 03:11:23 openeuler systemd[1]: Finished man-db-cache-update.service.
Oct 20 03:11:24 openeuler systemd[1]: run-r69afe78c68eb497486cf4c2620606581.service: Deactivated successfully.
Oct 20 03:12:14 openeuler [RPM][7381]: Transaction ID 65317f8e started
Oct 20 03:12:15 openeuler [RPM][7381]: install autogen-5.18.16-3.oe2309.riscv64: success
Oct 20 03:12:15 openeuler [RPM][7381]: install ntpstat-0.6-4.oe2309.noarch: success
Oct 20 03:12:17 openeuler systemctl[7404]: [systemctl --no-reload preset ntpd.service ntpdate.service sntp.service] called by PID 7403 (bash /usr/lib/systemd/systemd-update-helper install-system-units ntpd.service ntpdate.service sntp.service)
Oct 20 03:12:17 openeuler [RPM][7381]: install ntp-4.2.8p17-1.oe2309.riscv64: success
Oct 20 03:12:18 openeuler systemctl[7408]: [/usr/bin/systemctl daemon-reload] called by PID 7407 (/bin/sh /var/tmp/rpm-tmp.GA3er3 0)
Oct 20 03:12:18 openeuler systemd[1]: Reloading requested from client PID 7408 (unit sshd.service)...
Oct 20 03:12:18 openeuler systemd[1]: Reloading.
Oct 20 03:12:18 openeuler kernel: [  799.547792] memfd_create() without MFD_EXEC nor MFD_NOEXEC_SEAL, pid=1 'systemd'
Oct 20 03:12:19 openeuler systemd[1]: /usr/lib/systemd/system/dbus.socket:5: ListenStream= references a path below legacy directory /var/run/, updating /var/run/dbus/system_bus_socket → /run/dbus/system_bus_socket; please update the unit file accordingly.
Oct 20 03:12:21 openeuler [RPM][7381]: install autogen-5.18.16-3.oe2309.riscv64: success
Oct 20 03:12:21 openeuler [RPM][7381]: install ntpstat-0.6-4.oe2309.noarch: success
Oct 20 03:12:21 openeuler [RPM][7381]: install ntp-4.2.8p17-1.oe2309.riscv64: success
Oct 20 03:12:21 openeuler [RPM][7381]: Transaction ID 65317f8e finished: 0
Oct 20 03:12:32 openeuler [RPM][7437]: Transaction ID 65317fa0 started
Oct 20 03:12:33 openeuler [RPM][7437]: erase ntp-4.2.8p17-1.oe2309.riscv64: success
Oct 20 03:12:33 openeuler [RPM][7437]: erase ntpstat-0.6-4.oe2309.noarch: success
Oct 20 03:12:33 openeuler [RPM][7437]: erase autogen-5.18.16-3.oe2309.riscv64: success
Oct 20 03:12:33 openeuler systemctl[7443]: [systemctl --no-reload --now --no-warn disable ntpd.service ntpdate.service sntp.service] called by PID 7442 (bash /usr/lib/systemd/systemd-update-helper remove-system-units ntpd.service ntpdate.service sntp.service)
Oct 20 03:12:33 openeuler systemctl[7446]: [/usr/bin/systemctl daemon-reload] called by PID 7444 (/bin/sh /var/tmp/rpm-tmp.vhRC29 0)
Oct 20 03:12:34 openeuler systemd[1]: Reloading requested from client PID 7446 (unit sshd.service)...
Oct 20 03:12:34 openeuler systemd[1]: Reloading.
Oct 20 03:12:35 openeuler systemd[1]: /usr/lib/systemd/system/dbus.socket:5: ListenStream= references a path below legacy directory /var/run/, updating /var/run/dbus/system_bus_socket → /run/dbus/system_bus_socket; please update the unit file accordingly.
Oct 20 03:12:37 openeuler [RPM][7437]: erase ntp-4.2.8p17-1.oe2309.riscv64: success
Oct 20 03:12:37 openeuler [RPM][7437]: erase ntpstat-0.6-4.oe2309.noarch: success
Oct 20 03:12:37 openeuler [RPM][7437]: erase autogen-5.18.16-3.oe2309.riscv64: success
Oct 20 03:12:37 openeuler [RPM][7437]: Transaction ID 65317fa0 finished: 0
Oct 20 03:14:05 openeuler systemd[1]: Starting Cleanup of Temporary Directories...
Oct 20 03:14:05 openeuler systemd[1]: home-test.mount: Deactivated successfully.
Oct 20 03:14:05 openeuler systemd-tmpfiles[7874]: /usr/lib/tmpfiles.d/dbus.conf:13: Line references path below legacy directory /var/run/, updating /var/run/dbus/containers → /run/dbus/containers; please update the tmpfiles.d/ drop-in file accordingly.
Oct 20 03:14:05 openeuler systemd[1]: systemd-tmpfiles-clean.service: Deactivated successfully.
Oct 20 03:14:05 openeuler systemd[1]: Finished Cleanup of Temporary Directories.
Oct 20 03:14:05 openeuler systemd[1]: run-credentials-systemd\x2dtmpfiles\x2dclean.service.mount: Deactivated successfully.
Oct 20 03:15:43 openeuler NetworkManager[354]: <info>  [1697742943.6327] policy: auto-activating connection 'Wired connection 2' (4a29acb3-afe4-3ef4-9b97-3d94df9fd918)
Oct 20 03:15:43 openeuler NetworkManager[354]: <info>  [1697742943.6348] policy: auto-activating connection 'Wired connection 3' (782645d7-b1fb-3efd-a43c-de4deb486bb9)
Oct 20 03:15:43 openeuler NetworkManager[354]: <info>  [1697742943.6392] device (enp0s4): Activation: starting connection 'Wired connection 2' (4a29acb3-afe4-3ef4-9b97-3d94df9fd918)
Oct 20 03:15:43 openeuler NetworkManager[354]: <info>  [1697742943.6422] device (enp0s5): Activation: starting connection 'Wired connection 3' (782645d7-b1fb-3efd-a43c-de4deb486bb9)
Oct 20 03:15:43 openeuler NetworkManager[354]: <info>  [1697742943.6437] device (enp0s4): state change: disconnected -> prepare (reason 'none', sys-iface-state: 'managed')
Oct 20 03:15:43 openeuler NetworkManager[354]: <info>  [1697742943.6477] device (enp0s4): state change: prepare -> config (reason 'none', sys-iface-state: 'managed')
Oct 20 03:15:43 openeuler NetworkManager[354]: <info>  [1697742943.6535] device (enp0s5): state change: disconnected -> prepare (reason 'none', sys-iface-state: 'managed')
Oct 20 03:15:43 openeuler NetworkManager[354]: <info>  [1697742943.6576] device (enp0s5): state change: prepare -> config (reason 'none', sys-iface-state: 'managed')
Oct 20 03:15:43 openeuler NetworkManager[354]: <info>  [1697742943.8884] device (enp0s4): state change: config -> ip-config (reason 'none', sys-iface-state: 'managed')
Oct 20 03:15:43 openeuler NetworkManager[354]: <info>  [1697742943.9024] dhcp4 (enp0s4): activation: beginning transaction (timeout in 45 seconds)
Oct 20 03:15:43 openeuler NetworkManager[354]: <info>  [1697742943.9582] dhcp4 (enp0s4): dhclient started with pid 8555
Oct 20 03:15:44 openeuler NetworkManager[354]: <info>  [1697742944.1054] device (enp0s5): state change: config -> ip-config (reason 'none', sys-iface-state: 'managed')
Oct 20 03:15:44 openeuler NetworkManager[354]: <info>  [1697742944.1170] dhcp4 (enp0s5): activation: beginning transaction (timeout in 45 seconds)
Oct 20 03:15:44 openeuler NetworkManager[354]: <info>  [1697742944.1511] dhcp4 (enp0s5): dhclient started with pid 8561
Oct 20 03:15:44 openeuler dhclient[8555]: DHCPDISCOVER on enp0s4 to 255.255.255.255 port 67 interval 7 (xid=0x36ba6050)
Oct 20 03:15:44 openeuler dhclient[8561]: DHCPDISCOVER on enp0s5 to 255.255.255.255 port 67 interval 3 (xid=0xc36c8c4b)
Oct 20 03:15:47 openeuler dhclient[8561]: DHCPDISCOVER on enp0s5 to 255.255.255.255 port 67 interval 6 (xid=0xc36c8c4b)
Oct 20 03:15:51 openeuler dhclient[8555]: DHCPDISCOVER on enp0s4 to 255.255.255.255 port 67 interval 20 (xid=0x36ba6050)
Oct 20 03:15:53 openeuler dhclient[8561]: DHCPDISCOVER on enp0s5 to 255.255.255.255 port 67 interval 11 (xid=0xc36c8c4b)
Oct 20 03:16:04 openeuler dhclient[8561]: DHCPDISCOVER on enp0s5 to 255.255.255.255 port 67 interval 16 (xid=0xc36c8c4b)
Oct 20 03:16:11 openeuler dhclient[8555]: DHCPDISCOVER on enp0s4 to 255.255.255.255 port 67 interval 17 (xid=0x36ba6050)
Oct 20 03:16:13 openeuler [RPM][8591]: Transaction ID 6531807d started
Oct 20 03:16:13 openeuler [RPM][8591]: install bsdcat-3.7.1-1.oe2309.riscv64: success
Oct 20 03:16:13 openeuler [RPM][8591]: install bsdcat-3.7.1-1.oe2309.riscv64: success
Oct 20 03:16:13 openeuler [RPM][8591]: Transaction ID 6531807d finished: 0
Oct 20 03:16:20 openeuler dhclient[8561]: DHCPDISCOVER on enp0s5 to 255.255.255.255 port 67 interval 21 (xid=0xc36c8c4b)
Oct 20 03:16:25 openeuler [RPM][8608]: Transaction ID 65318089 started
Oct 20 03:16:25 openeuler [RPM][8608]: erase bsdcat-3.7.1-1.oe2309.riscv64: success
Oct 20 03:16:25 openeuler [RPM][8608]: erase bsdcat-3.7.1-1.oe2309.riscv64: success
Oct 20 03:16:25 openeuler [RPM][8608]: Transaction ID 65318089 finished: 0
Oct 20 03:16:28 openeuler dhclient[8555]: DHCPDISCOVER on enp0s4 to 255.255.255.255 port 67 interval 17 (xid=0x36ba6050)
Oct 20 03:16:29 openeuler NetworkManager[354]: <info>  [1697742989.6325] device (enp0s4): state change: ip-config -> failed (reason 'ip-config-unavailable', sys-iface-state: 'managed')
Oct 20 03:16:29 openeuler NetworkManager[354]: <warn>  [1697742989.6406] device (enp0s4): Activation: failed for connection 'Wired connection 2'
Oct 20 03:16:29 openeuler NetworkManager[354]: <info>  [1697742989.6414] device (enp0s5): state change: ip-config -> failed (reason 'ip-config-unavailable', sys-iface-state: 'managed')
Oct 20 03:16:29 openeuler NetworkManager[354]: <warn>  [1697742989.6476] device (enp0s5): Activation: failed for connection 'Wired connection 3'
Oct 20 03:16:29 openeuler NetworkManager[354]: <info>  [1697742989.6542] device (enp0s4): state change: failed -> disconnected (reason 'none', sys-iface-state: 'managed')
Oct 20 03:16:29 openeuler NetworkManager[354]: <info>  [1697742989.6944] dhcp4 (enp0s4): canceled DHCP transaction, DHCP client pid 8555
Oct 20 03:16:29 openeuler NetworkManager[354]: <info>  [1697742989.6947] dhcp4 (enp0s4): activation: beginning transaction (timeout in 45 seconds)
Oct 20 03:16:29 openeuler NetworkManager[354]: <info>  [1697742989.6949] dhcp4 (enp0s4): state changed no lease
Oct 20 03:16:29 openeuler NetworkManager[354]: <info>  [1697742989.8206] device (enp0s5): state change: failed -> disconnected (reason 'none', sys-iface-state: 'managed')
Oct 20 03:16:29 openeuler NetworkManager[354]: <info>  [1697742989.8502] dhcp4 (enp0s5): canceled DHCP transaction, DHCP client pid 8561
Oct 20 03:16:29 openeuler NetworkManager[354]: <info>  [1697742989.8504] dhcp4 (enp0s5): activation: beginning transaction (timeout in 45 seconds)
Oct 20 03:16:29 openeuler NetworkManager[354]: <info>  [1697742989.8506] dhcp4 (enp0s5): state changed no lease
Oct 20 03:16:29 openeuler NetworkManager[354]: <info>  [1697742989.9589] policy: auto-activating connection 'Wired connection 2' (4a29acb3-afe4-3ef4-9b97-3d94df9fd918)
Oct 20 03:16:29 openeuler NetworkManager[354]: <info>  [1697742989.9617] policy: auto-activating connection 'Wired connection 3' (782645d7-b1fb-3efd-a43c-de4deb486bb9)
Oct 20 03:16:29 openeuler NetworkManager[354]: <info>  [1697742989.9762] device (enp0s4): Activation: starting connection 'Wired connection 2' (4a29acb3-afe4-3ef4-9b97-3d94df9fd918)
Oct 20 03:16:29 openeuler NetworkManager[354]: <info>  [1697742989.9792] device (enp0s5): Activation: starting connection 'Wired connection 3' (782645d7-b1fb-3efd-a43c-de4deb486bb9)
Oct 20 03:16:29 openeuler NetworkManager[354]: <info>  [1697742989.9806] device (enp0s4): state change: disconnected -> prepare (reason 'none', sys-iface-state: 'managed')
Oct 20 03:16:29 openeuler NetworkManager[354]: <info>  [1697742989.9843] device (enp0s4): state change: prepare -> config (reason 'none', sys-iface-state: 'managed')
Oct 20 03:16:29 openeuler NetworkManager[354]: <info>  [1697742989.9910] device (enp0s5): state change: disconnected -> prepare (reason 'none', sys-iface-state: 'managed')
Oct 20 03:16:29 openeuler NetworkManager[354]: <info>  [1697742989.9952] device (enp0s5): state change: prepare -> config (reason 'none', sys-iface-state: 'managed')
Oct 20 03:16:30 openeuler NetworkManager[354]: <info>  [1697742990.2368] device (enp0s4): state change: config -> ip-config (reason 'none', sys-iface-state: 'managed')
Oct 20 03:16:30 openeuler NetworkManager[354]: <info>  [1697742990.2436] dhcp4 (enp0s4): activation: beginning transaction (timeout in 45 seconds)
Oct 20 03:16:30 openeuler NetworkManager[354]: <info>  [1697742990.2760] dhcp4 (enp0s4): dhclient started with pid 8648
Oct 20 03:16:30 openeuler dhclient[8648]: DHCPDISCOVER on enp0s4 to 255.255.255.255 port 67 interval 3 (xid=0x9f72d825)
Oct 20 03:16:30 openeuler NetworkManager[354]: <info>  [1697742990.4717] device (enp0s5): state change: config -> ip-config (reason 'none', sys-iface-state: 'managed')
Oct 20 03:16:30 openeuler NetworkManager[354]: <info>  [1697742990.4800] dhcp4 (enp0s5): activation: beginning transaction (timeout in 45 seconds)
Oct 20 03:16:30 openeuler NetworkManager[354]: <info>  [1697742990.5112] dhcp4 (enp0s5): dhclient started with pid 8659
Oct 20 03:16:30 openeuler dhclient[8659]: DHCPDISCOVER on enp0s5 to 255.255.255.255 port 67 interval 8 (xid=0x5c6ce35b)
Oct 20 03:16:33 openeuler dhclient[8648]: DHCPDISCOVER on enp0s4 to 255.255.255.255 port 67 interval 7 (xid=0x9f72d825)
Oct 20 03:16:38 openeuler dhclient[8659]: DHCPDISCOVER on enp0s5 to 255.255.255.255 port 67 interval 13 (xid=0x5c6ce35b)
Oct 20 03:16:40 openeuler dhclient[8648]: DHCPDISCOVER on enp0s4 to 255.255.255.255 port 67 interval 12 (xid=0x9f72d825)
Oct 20 03:16:51 openeuler dhclient[8659]: DHCPDISCOVER on enp0s5 to 255.255.255.255 port 67 interval 19 (xid=0x5c6ce35b)
Oct 20 03:16:52 openeuler dhclient[8648]: DHCPDISCOVER on enp0s4 to 255.255.255.255 port 67 interval 19 (xid=0x9f72d825)
Oct 20 03:17:10 openeuler dhclient[8659]: DHCPDISCOVER on enp0s5 to 255.255.255.255 port 67 interval 14 (xid=0x5c6ce35b)
Oct 20 03:17:11 openeuler dhclient[8648]: DHCPDISCOVER on enp0s4 to 255.255.255.255 port 67 interval 14 (xid=0x9f72d825)
Oct 20 03:17:15 openeuler NetworkManager[354]: <info>  [1697743035.6442] device (enp0s4): state change: ip-config -> failed (reason 'ip-config-unavailable', sys-iface-state: 'managed')
Oct 20 03:17:15 openeuler NetworkManager[354]: <warn>  [1697743035.6510] device (enp0s4): Activation: failed for connection 'Wired connection 2'
Oct 20 03:17:15 openeuler NetworkManager[354]: <info>  [1697743035.6516] device (enp0s5): state change: ip-config -> failed (reason 'ip-config-unavailable', sys-iface-state: 'managed')
Oct 20 03:17:15 openeuler NetworkManager[354]: <warn>  [1697743035.6555] device (enp0s5): Activation: failed for connection 'Wired connection 3'
Oct 20 03:17:15 openeuler NetworkManager[354]: <info>  [1697743035.6604] device (enp0s4): state change: failed -> disconnected (reason 'none', sys-iface-state: 'managed')
Oct 20 03:17:15 openeuler NetworkManager[354]: <info>  [1697743035.6991] dhcp4 (enp0s4): canceled DHCP transaction, DHCP client pid 8648
Oct 20 03:17:15 openeuler NetworkManager[354]: <info>  [1697743035.6994] dhcp4 (enp0s4): activation: beginning transaction (timeout in 45 seconds)
Oct 20 03:17:15 openeuler NetworkManager[354]: <info>  [1697743035.6998] dhcp4 (enp0s4): state changed no lease
Oct 20 03:17:15 openeuler NetworkManager[354]: <info>  [1697743035.8232] device (enp0s5): state change: failed -> disconnected (reason 'none', sys-iface-state: 'managed')
Oct 20 03:17:15 openeuler NetworkManager[354]: <info>  [1697743035.8608] dhcp4 (enp0s5): canceled DHCP transaction, DHCP client pid 8659
Oct 20 03:17:15 openeuler NetworkManager[354]: <info>  [1697743035.8612] dhcp4 (enp0s5): activation: beginning transaction (timeout in 45 seconds)
Oct 20 03:17:15 openeuler NetworkManager[354]: <info>  [1697743035.8616] dhcp4 (enp0s5): state changed no lease
Oct 20 03:17:16 openeuler NetworkManager[354]: <info>  [1697743036.0172] policy: auto-activating connection 'Wired connection 2' (4a29acb3-afe4-3ef4-9b97-3d94df9fd918)
Oct 20 03:17:16 openeuler NetworkManager[354]: <info>  [1697743036.0228] policy: auto-activating connection 'Wired connection 3' (782645d7-b1fb-3efd-a43c-de4deb486bb9)
Oct 20 03:17:16 openeuler NetworkManager[354]: <info>  [1697743036.0274] device (enp0s4): Activation: starting connection 'Wired connection 2' (4a29acb3-afe4-3ef4-9b97-3d94df9fd918)
Oct 20 03:17:16 openeuler NetworkManager[354]: <info>  [1697743036.0301] device (enp0s5): Activation: starting connection 'Wired connection 3' (782645d7-b1fb-3efd-a43c-de4deb486bb9)
Oct 20 03:17:16 openeuler NetworkManager[354]: <info>  [1697743036.0310] device (enp0s4): state change: disconnected -> prepare (reason 'none', sys-iface-state: 'managed')
Oct 20 03:17:16 openeuler NetworkManager[354]: <info>  [1697743036.0362] device (enp0s4): state change: prepare -> config (reason 'none', sys-iface-state: 'managed')
Oct 20 03:17:16 openeuler NetworkManager[354]: <info>  [1697743036.0448] device (enp0s5): state change: disconnected -> prepare (reason 'none', sys-iface-state: 'managed')
Oct 20 03:17:16 openeuler NetworkManager[354]: <info>  [1697743036.0533] device (enp0s5): state change: prepare -> config (reason 'none', sys-iface-state: 'managed')
Oct 20 03:17:16 openeuler NetworkManager[354]: <info>  [1697743036.2621] device (enp0s4): state change: config -> ip-config (reason 'none', sys-iface-state: 'managed')
Oct 20 03:17:16 openeuler NetworkManager[354]: <info>  [1697743036.2703] dhcp4 (enp0s4): activation: beginning transaction (timeout in 45 seconds)
Oct 20 03:17:16 openeuler NetworkManager[354]: <info>  [1697743036.3017] dhcp4 (enp0s4): dhclient started with pid 9034
Oct 20 03:17:16 openeuler dhclient[9034]: DHCPDISCOVER on enp0s4 to 255.255.255.255 port 67 interval 4 (xid=0x8e3d5d6c)
Oct 20 03:17:16 openeuler NetworkManager[354]: <info>  [1697743036.5682] device (enp0s5): state change: config -> ip-config (reason 'none', sys-iface-state: 'managed')
Oct 20 03:17:16 openeuler NetworkManager[354]: <info>  [1697743036.5864] dhcp4 (enp0s5): activation: beginning transaction (timeout in 45 seconds)
Oct 20 03:17:16 openeuler NetworkManager[354]: <info>  [1697743036.6214] dhcp4 (enp0s5): dhclient started with pid 9042
Oct 20 03:17:16 openeuler dbus-daemon[302]: [system] Activating via systemd: service name='org.freedesktop.timedate1' unit='dbus-org.freedesktop.timedate1.service' requested by ':1.16' (uid=0 pid=9043 comm="timedatectl set-ntp no")
Oct 20 03:17:16 openeuler dhclient[9042]: DHCPDISCOVER on enp0s5 to 255.255.255.255 port 67 interval 4 (xid=0x47fb2d3d)
Oct 20 03:17:16 openeuler systemd[1]: Starting Time & Date Service...
Oct 20 03:17:17 openeuler dbus-daemon[302]: [system] Successfully activated service 'org.freedesktop.timedate1'
Oct 20 03:17:17 openeuler systemd[1]: Started Time & Date Service.
Oct 20 03:17:17 openeuler systemd-timedated[9049]: chronyd.service: Disabling unit.
Oct 20 03:17:17 openeuler systemd[1]: Reloading requested from client PID 9049 ('systemd-timedat') (unit systemd-timedated.service)...
Oct 20 03:17:17 openeuler systemd[1]: Reloading.
Oct 20 03:17:19 openeuler systemd[1]: /usr/lib/systemd/system/dbus.socket:5: ListenStream= references a path below legacy directory /var/run/, updating /var/run/dbus/system_bus_socket → /run/dbus/system_bus_socket; please update the unit file accordingly.
Oct 20 03:17:20 openeuler chronyd[320]: chronyd exiting
Oct 20 03:17:20 openeuler systemd-timedated[9049]: Set NTP to disabled.
Oct 20 03:17:20 openeuler systemd[1]: Stopping NTP client/server...
Oct 20 03:17:20 openeuler systemd[1]: chronyd.service: Deactivated successfully.
Oct 20 03:17:20 openeuler systemd[1]: Stopped NTP client/server.
Oct 20 03:17:20 openeuler dhclient[9042]: DHCPDISCOVER on enp0s5 to 255.255.255.255 port 67 interval 11 (xid=0x47fb2d3d)
Oct 20 03:17:20 openeuler dhclient[9034]: DHCPDISCOVER on enp0s4 to 255.255.255.255 port 67 interval 8 (xid=0x8e3d5d6c)
Oct 20 03:17:22 openeuler systemd-timedated[9049]: chronyd.service: Enabling unit.
Oct 20 03:17:22 openeuler systemd[1]: Reloading requested from client PID 9049 ('systemd-timedat') (unit systemd-timedated.service)...
Oct 20 03:17:22 openeuler systemd[1]: Reloading.
Oct 20 03:17:23 openeuler systemd[1]: /usr/lib/systemd/system/dbus.socket:5: ListenStream= references a path below legacy directory /var/run/, updating /var/run/dbus/system_bus_socket → /run/dbus/system_bus_socket; please update the unit file accordingly.
Oct 20 03:17:25 openeuler systemd-timedated[9049]: Set NTP to enabled (chronyd.service).
Oct 20 03:17:25 openeuler systemd[1]: Starting NTP client/server...
Oct 20 03:17:25 openeuler chronyd[9094]: chronyd version 4.3 starting (+CMDMON +NTP +REFCLOCK +RTC +PRIVDROP +SCFILTER +SIGND +ASYNCDNS +NTS +SECHASH +IPV6 +DEBUG)
Oct 20 03:17:25 openeuler chronyd[9094]: Frequency -1.166 +/- 2.710 ppm read from /var/lib/chrony/drift
Oct 20 03:17:25 openeuler systemd[1]: Started NTP client/server.
