Oct 20 03:34:09 openeuler NetworkManager[354]: <info>  [1697744049.8385] policy: auto-activating connection 'Wired connection 3' (782645d7-b1fb-3efd-a43c-de4deb486bb9)
Oct 20 03:34:09 openeuler NetworkManager[354]: <info>  [1697744049.8446] device (enp0s5): Activation: starting connection 'Wired connection 3' (782645d7-b1fb-3efd-a43c-de4deb486bb9)
Oct 20 03:34:09 openeuler NetworkManager[354]: <info>  [1697744049.8466] device (enp0s5): state change: disconnected -> prepare (reason 'none', sys-iface-state: 'managed')
Oct 20 03:34:09 openeuler NetworkManager[354]: <info>  [1697744049.8519] device (enp0s5): state change: prepare -> config (reason 'none', sys-iface-state: 'managed')
Oct 20 03:34:10 openeuler NetworkManager[354]: <info>  [1697744050.0826] device (enp0s5): state change: config -> ip-config (reason 'none', sys-iface-state: 'managed')
Oct 20 03:34:10 openeuler NetworkManager[354]: <info>  [1697744050.0913] dhcp4 (enp0s5): activation: beginning transaction (timeout in 45 seconds)
Oct 20 03:34:10 openeuler NetworkManager[354]: <info>  [1697744050.1339] dhcp4 (enp0s5): dhclient started with pid 9669
Oct 20 03:34:10 openeuler dhclient[9669]: DHCPDISCOVER on enp0s5 to 255.255.255.255 port 67 interval 5 (xid=0xe88f9a5b)
Oct 20 03:34:15 openeuler dhclient[9669]: DHCPDISCOVER on enp0s5 to 255.255.255.255 port 67 interval 14 (xid=0xe88f9a5b)
Oct 20 03:34:15 openeuler dhclient[9659]: DHCPDISCOVER on enp0s4 to 255.255.255.255 port 67 interval 12 (xid=0xfc7ef167)
Oct 20 03:34:27 openeuler dhclient[9659]: DHCPDISCOVER on enp0s4 to 255.255.255.255 port 67 interval 19 (xid=0xfc7ef167)
Oct 20 03:34:29 openeuler dhclient[9669]: DHCPDISCOVER on enp0s5 to 255.255.255.255 port 67 interval 10 (xid=0xe88f9a5b)
Oct 20 03:34:39 openeuler dhclient[9669]: DHCPDISCOVER on enp0s5 to 255.255.255.255 port 67 interval 11 (xid=0xe88f9a5b)
Oct 20 03:34:46 openeuler dhclient[9659]: DHCPDISCOVER on enp0s4 to 255.255.255.255 port 67 interval 11 (xid=0xfc7ef167)
Oct 20 03:34:50 openeuler dhclient[9669]: DHCPDISCOVER on enp0s5 to 255.255.255.255 port 67 interval 10 (xid=0xe88f9a5b)
Oct 20 03:34:54 openeuler NetworkManager[354]: <info>  [1697744094.6416] device (enp0s4): state change: ip-config -> failed (reason 'ip-config-unavailable', sys-iface-state: 'managed')
Oct 20 03:34:54 openeuler NetworkManager[354]: <warn>  [1697744094.6476] device (enp0s4): Activation: failed for connection 'Wired connection 2'
Oct 20 03:34:54 openeuler NetworkManager[354]: <info>  [1697744094.6507] device (enp0s4): state change: failed -> disconnected (reason 'none', sys-iface-state: 'managed')
Oct 20 03:34:54 openeuler NetworkManager[354]: <info>  [1697744094.6780] dhcp4 (enp0s4): canceled DHCP transaction, DHCP client pid 9659
Oct 20 03:34:54 openeuler NetworkManager[354]: <info>  [1697744094.6784] dhcp4 (enp0s4): activation: beginning transaction (timeout in 45 seconds)
Oct 20 03:34:54 openeuler NetworkManager[354]: <info>  [1697744094.6786] dhcp4 (enp0s4): state changed no lease
Oct 20 03:34:55 openeuler NetworkManager[354]: <info>  [1697744095.6413] device (enp0s5): state change: ip-config -> failed (reason 'ip-config-unavailable', sys-iface-state: 'managed')
Oct 20 03:34:55 openeuler NetworkManager[354]: <warn>  [1697744095.6465] device (enp0s5): Activation: failed for connection 'Wired connection 3'
Oct 20 03:34:55 openeuler NetworkManager[354]: <info>  [1697744095.6488] device (enp0s5): state change: failed -> disconnected (reason 'none', sys-iface-state: 'managed')
Oct 20 03:34:55 openeuler NetworkManager[354]: <info>  [1697744095.6860] dhcp4 (enp0s5): canceled DHCP transaction, DHCP client pid 9669
Oct 20 03:34:55 openeuler NetworkManager[354]: <info>  [1697744095.6864] dhcp4 (enp0s5): activation: beginning transaction (timeout in 45 seconds)
Oct 20 03:34:55 openeuler NetworkManager[354]: <info>  [1697744095.6866] dhcp4 (enp0s5): state changed no lease
Oct 20 03:39:54 openeuler NetworkManager[354]: <info>  [1697744394.6629] policy: auto-activating connection 'Wired connection 2' (4a29acb3-afe4-3ef4-9b97-3d94df9fd918)
Oct 20 03:39:54 openeuler NetworkManager[354]: <info>  [1697744394.6700] device (enp0s4): Activation: starting connection 'Wired connection 2' (4a29acb3-afe4-3ef4-9b97-3d94df9fd918)
Oct 20 03:39:54 openeuler NetworkManager[354]: <info>  [1697744394.6715] device (enp0s4): state change: disconnected -> prepare (reason 'none', sys-iface-state: 'managed')
Oct 20 03:39:54 openeuler NetworkManager[354]: <info>  [1697744394.6768] device (enp0s4): state change: prepare -> config (reason 'none', sys-iface-state: 'managed')
Oct 20 03:39:54 openeuler NetworkManager[354]: <info>  [1697744394.8972] device (enp0s4): state change: config -> ip-config (reason 'none', sys-iface-state: 'managed')
Oct 20 03:39:54 openeuler NetworkManager[354]: <info>  [1697744394.9060] dhcp4 (enp0s4): activation: beginning transaction (timeout in 45 seconds)
Oct 20 03:39:54 openeuler NetworkManager[354]: <info>  [1697744394.9481] dhcp4 (enp0s4): dhclient started with pid 9765
Oct 20 03:39:55 openeuler dhclient[9765]: DHCPDISCOVER on enp0s4 to 255.255.255.255 port 67 interval 6 (xid=0x53197939)
Oct 20 03:39:55 openeuler NetworkManager[354]: <info>  [1697744395.6421] policy: auto-activating connection 'Wired connection 3' (782645d7-b1fb-3efd-a43c-de4deb486bb9)
Oct 20 03:39:55 openeuler NetworkManager[354]: <info>  [1697744395.6480] device (enp0s5): Activation: starting connection 'Wired connection 3' (782645d7-b1fb-3efd-a43c-de4deb486bb9)
Oct 20 03:39:55 openeuler NetworkManager[354]: <info>  [1697744395.6501] device (enp0s5): state change: disconnected -> prepare (reason 'none', sys-iface-state: 'managed')
Oct 20 03:39:55 openeuler NetworkManager[354]: <info>  [1697744395.6549] device (enp0s5): state change: prepare -> config (reason 'none', sys-iface-state: 'managed')
Oct 20 03:39:55 openeuler NetworkManager[354]: <info>  [1697744395.9116] device (enp0s5): state change: config -> ip-config (reason 'none', sys-iface-state: 'managed')
Oct 20 03:39:55 openeuler NetworkManager[354]: <info>  [1697744395.9221] dhcp4 (enp0s5): activation: beginning transaction (timeout in 45 seconds)
Oct 20 03:39:55 openeuler NetworkManager[354]: <info>  [1697744395.9611] dhcp4 (enp0s5): dhclient started with pid 9773
Oct 20 03:39:56 openeuler dhclient[9773]: DHCPDISCOVER on enp0s5 to 255.255.255.255 port 67 interval 7 (xid=0xcca0c15d)
Oct 20 03:40:01 openeuler dhclient[9765]: DHCPDISCOVER on enp0s4 to 255.255.255.255 port 67 interval 7 (xid=0x53197939)
Oct 20 03:40:03 openeuler dhclient[9773]: DHCPDISCOVER on enp0s5 to 255.255.255.255 port 67 interval 7 (xid=0xcca0c15d)
Oct 20 03:40:08 openeuler dhclient[9765]: DHCPDISCOVER on enp0s4 to 255.255.255.255 port 67 interval 14 (xid=0x53197939)
Oct 20 03:40:10 openeuler dhclient[9773]: DHCPDISCOVER on enp0s5 to 255.255.255.255 port 67 interval 9 (xid=0xcca0c15d)
Oct 20 03:40:19 openeuler dhclient[9773]: DHCPDISCOVER on enp0s5 to 255.255.255.255 port 67 interval 13 (xid=0xcca0c15d)
Oct 20 03:40:22 openeuler dhclient[9765]: DHCPDISCOVER on enp0s4 to 255.255.255.255 port 67 interval 16 (xid=0x53197939)
Oct 20 03:40:32 openeuler dhclient[9773]: DHCPDISCOVER on enp0s5 to 255.255.255.255 port 67 interval 16 (xid=0xcca0c15d)
Oct 20 03:40:38 openeuler dhclient[9765]: DHCPDISCOVER on enp0s4 to 255.255.255.255 port 67 interval 10 (xid=0x53197939)
Oct 20 03:40:40 openeuler NetworkManager[354]: <info>  [1697744440.6537] device (enp0s4): state change: ip-config -> failed (reason 'ip-config-unavailable', sys-iface-state: 'managed')
Oct 20 03:40:40 openeuler NetworkManager[354]: <warn>  [1697744440.6615] device (enp0s4): Activation: failed for connection 'Wired connection 2'
Oct 20 03:40:40 openeuler NetworkManager[354]: <info>  [1697744440.6656] device (enp0s4): state change: failed -> disconnected (reason 'none', sys-iface-state: 'managed')
Oct 20 03:40:40 openeuler NetworkManager[354]: <info>  [1697744440.7027] dhcp4 (enp0s4): canceled DHCP transaction, DHCP client pid 9765
Oct 20 03:40:40 openeuler NetworkManager[354]: <info>  [1697744440.7032] dhcp4 (enp0s4): activation: beginning transaction (timeout in 45 seconds)
Oct 20 03:40:40 openeuler NetworkManager[354]: <info>  [1697744440.7035] dhcp4 (enp0s4): state changed no lease
Oct 20 03:40:40 openeuler NetworkManager[354]: <info>  [1697744440.8574] policy: auto-activating connection 'Wired connection 2' (4a29acb3-afe4-3ef4-9b97-3d94df9fd918)
Oct 20 03:40:40 openeuler NetworkManager[354]: <info>  [1697744440.8625] device (enp0s4): Activation: starting connection 'Wired connection 2' (4a29acb3-afe4-3ef4-9b97-3d94df9fd918)
Oct 20 03:40:40 openeuler NetworkManager[354]: <info>  [1697744440.8638] device (enp0s4): state change: disconnected -> prepare (reason 'none', sys-iface-state: 'managed')
Oct 20 03:40:40 openeuler NetworkManager[354]: <info>  [1697744440.8683] device (enp0s4): state change: prepare -> config (reason 'none', sys-iface-state: 'managed')
Oct 20 03:40:41 openeuler NetworkManager[354]: <info>  [1697744441.1736] device (enp0s4): state change: config -> ip-config (reason 'none', sys-iface-state: 'managed')
Oct 20 03:40:41 openeuler NetworkManager[354]: <info>  [1697744441.1828] dhcp4 (enp0s4): activation: beginning transaction (timeout in 45 seconds)
Oct 20 03:40:41 openeuler NetworkManager[354]: <info>  [1697744441.2132] dhcp4 (enp0s4): dhclient started with pid 9793
Oct 20 03:40:41 openeuler dhclient[9793]: DHCPDISCOVER on enp0s4 to 255.255.255.255 port 67 interval 3 (xid=0x681d0e75)
Oct 20 03:40:41 openeuler NetworkManager[354]: <info>  [1697744441.6414] device (enp0s5): state change: ip-config -> failed (reason 'ip-config-unavailable', sys-iface-state: 'managed')
Oct 20 03:40:41 openeuler NetworkManager[354]: <warn>  [1697744441.6465] device (enp0s5): Activation: failed for connection 'Wired connection 3'
Oct 20 03:40:41 openeuler NetworkManager[354]: <info>  [1697744441.6489] device (enp0s5): state change: failed -> disconnected (reason 'none', sys-iface-state: 'managed')
Oct 20 03:40:41 openeuler NetworkManager[354]: <info>  [1697744441.7070] dhcp4 (enp0s5): canceled DHCP transaction, DHCP client pid 9773
Oct 20 03:40:41 openeuler NetworkManager[354]: <info>  [1697744441.7075] dhcp4 (enp0s5): activation: beginning transaction (timeout in 45 seconds)
Oct 20 03:40:41 openeuler NetworkManager[354]: <info>  [1697744441.7078] dhcp4 (enp0s5): state changed no lease
Oct 20 03:40:41 openeuler NetworkManager[354]: <info>  [1697744441.8433] policy: auto-activating connection 'Wired connection 3' (782645d7-b1fb-3efd-a43c-de4deb486bb9)
Oct 20 03:40:41 openeuler NetworkManager[354]: <info>  [1697744441.8481] device (enp0s5): Activation: starting connection 'Wired connection 3' (782645d7-b1fb-3efd-a43c-de4deb486bb9)
Oct 20 03:40:41 openeuler NetworkManager[354]: <info>  [1697744441.8497] device (enp0s5): state change: disconnected -> prepare (reason 'none', sys-iface-state: 'managed')
Oct 20 03:40:41 openeuler NetworkManager[354]: <info>  [1697744441.8538] device (enp0s5): state change: prepare -> config (reason 'none', sys-iface-state: 'managed')
Oct 20 03:40:42 openeuler NetworkManager[354]: <info>  [1697744442.0541] device (enp0s5): state change: config -> ip-config (reason 'none', sys-iface-state: 'managed')
Oct 20 03:40:42 openeuler NetworkManager[354]: <info>  [1697744442.0611] dhcp4 (enp0s5): activation: beginning transaction (timeout in 45 seconds)
Oct 20 03:40:42 openeuler NetworkManager[354]: <info>  [1697744442.0961] dhcp4 (enp0s5): dhclient started with pid 9803
Oct 20 03:40:42 openeuler dhclient[9803]: DHCPDISCOVER on enp0s5 to 255.255.255.255 port 67 interval 4 (xid=0xc47eda70)
Oct 20 03:40:44 openeuler dhclient[9793]: DHCPDISCOVER on enp0s4 to 255.255.255.255 port 67 interval 8 (xid=0x681d0e75)
Oct 20 03:40:46 openeuler dhclient[9803]: DHCPDISCOVER on enp0s5 to 255.255.255.255 port 67 interval 7 (xid=0xc47eda70)
Oct 20 03:40:52 openeuler dhclient[9793]: DHCPDISCOVER on enp0s4 to 255.255.255.255 port 67 interval 7 (xid=0x681d0e75)
Oct 20 03:40:53 openeuler dhclient[9803]: DHCPDISCOVER on enp0s5 to 255.255.255.255 port 67 interval 15 (xid=0xc47eda70)
Oct 20 03:40:59 openeuler dhclient[9793]: DHCPDISCOVER on enp0s4 to 255.255.255.255 port 67 interval 12 (xid=0x681d0e75)
Oct 20 03:41:08 openeuler dhclient[9803]: DHCPDISCOVER on enp0s5 to 255.255.255.255 port 67 interval 15 (xid=0xc47eda70)
Oct 20 03:41:11 openeuler dhclient[9793]: DHCPDISCOVER on enp0s4 to 255.255.255.255 port 67 interval 12 (xid=0x681d0e75)
Oct 20 03:41:23 openeuler dhclient[9793]: DHCPDISCOVER on enp0s4 to 255.255.255.255 port 67 interval 11 (xid=0x681d0e75)
Oct 20 03:41:23 openeuler dhclient[9803]: DHCPDISCOVER on enp0s5 to 255.255.255.255 port 67 interval 9 (xid=0xc47eda70)
Oct 20 03:41:26 openeuler NetworkManager[354]: <info>  [1697744486.6493] device (enp0s4): state change: ip-config -> failed (reason 'ip-config-unavailable', sys-iface-state: 'managed')
Oct 20 03:41:26 openeuler NetworkManager[354]: <warn>  [1697744486.6545] device (enp0s4): Activation: failed for connection 'Wired connection 2'
Oct 20 03:41:26 openeuler NetworkManager[354]: <info>  [1697744486.6568] device (enp0s4): state change: failed -> disconnected (reason 'none', sys-iface-state: 'managed')
Oct 20 03:41:26 openeuler NetworkManager[354]: <info>  [1697744486.6940] dhcp4 (enp0s4): canceled DHCP transaction, DHCP client pid 9793
Oct 20 03:41:26 openeuler NetworkManager[354]: <info>  [1697744486.6943] dhcp4 (enp0s4): activation: beginning transaction (timeout in 45 seconds)
Oct 20 03:41:26 openeuler NetworkManager[354]: <info>  [1697744486.6945] dhcp4 (enp0s4): state changed no lease
Oct 20 03:41:26 openeuler NetworkManager[354]: <info>  [1697744486.8010] policy: auto-activating connection 'Wired connection 2' (4a29acb3-afe4-3ef4-9b97-3d94df9fd918)
Oct 20 03:41:26 openeuler NetworkManager[354]: <info>  [1697744486.8052] device (enp0s4): Activation: starting connection 'Wired connection 2' (4a29acb3-afe4-3ef4-9b97-3d94df9fd918)
Oct 20 03:41:26 openeuler NetworkManager[354]: <info>  [1697744486.8062] device (enp0s4): state change: disconnected -> prepare (reason 'none', sys-iface-state: 'managed')
Oct 20 03:41:26 openeuler NetworkManager[354]: <info>  [1697744486.8093] device (enp0s4): state change: prepare -> config (reason 'none', sys-iface-state: 'managed')
Oct 20 03:41:26 openeuler NetworkManager[354]: <info>  [1697744486.9916] device (enp0s4): state change: config -> ip-config (reason 'none', sys-iface-state: 'managed')
Oct 20 03:41:26 openeuler NetworkManager[354]: <info>  [1697744486.9972] dhcp4 (enp0s4): activation: beginning transaction (timeout in 45 seconds)
Oct 20 03:41:27 openeuler NetworkManager[354]: <info>  [1697744487.0250] dhcp4 (enp0s4): dhclient started with pid 9823
Oct 20 03:41:27 openeuler dhclient[9823]: DHCPDISCOVER on enp0s4 to 255.255.255.255 port 67 interval 3 (xid=0x7530d320)
Oct 20 03:41:27 openeuler NetworkManager[354]: <info>  [1697744487.6413] device (enp0s5): state change: ip-config -> failed (reason 'ip-config-unavailable', sys-iface-state: 'managed')
Oct 20 03:41:27 openeuler NetworkManager[354]: <warn>  [1697744487.6465] device (enp0s5): Activation: failed for connection 'Wired connection 3'
Oct 20 03:41:27 openeuler NetworkManager[354]: <info>  [1697744487.6490] device (enp0s5): state change: failed -> disconnected (reason 'none', sys-iface-state: 'managed')
Oct 20 03:41:27 openeuler NetworkManager[354]: <info>  [1697744487.6859] dhcp4 (enp0s5): canceled DHCP transaction, DHCP client pid 9803
Oct 20 03:41:27 openeuler NetworkManager[354]: <info>  [1697744487.6862] dhcp4 (enp0s5): activation: beginning transaction (timeout in 45 seconds)
Oct 20 03:41:27 openeuler NetworkManager[354]: <info>  [1697744487.6864] dhcp4 (enp0s5): state changed no lease
Oct 20 03:41:27 openeuler NetworkManager[354]: <info>  [1697744487.7789] policy: auto-activating connection 'Wired connection 3' (782645d7-b1fb-3efd-a43c-de4deb486bb9)
Oct 20 03:41:27 openeuler NetworkManager[354]: <info>  [1697744487.7826] device (enp0s5): Activation: starting connection 'Wired connection 3' (782645d7-b1fb-3efd-a43c-de4deb486bb9)
Oct 20 03:41:27 openeuler NetworkManager[354]: <info>  [1697744487.7835] device (enp0s5): state change: disconnected -> prepare (reason 'none', sys-iface-state: 'managed')
Oct 20 03:41:27 openeuler NetworkManager[354]: <info>  [1697744487.7891] device (enp0s5): state change: prepare -> config (reason 'none', sys-iface-state: 'managed')
Oct 20 03:41:27 openeuler NetworkManager[354]: <info>  [1697744487.9843] device (enp0s5): state change: config -> ip-config (reason 'none', sys-iface-state: 'managed')
Oct 20 03:41:27 openeuler NetworkManager[354]: <info>  [1697744487.9903] dhcp4 (enp0s5): activation: beginning transaction (timeout in 45 seconds)
Oct 20 03:41:28 openeuler NetworkManager[354]: <info>  [1697744488.0160] dhcp4 (enp0s5): dhclient started with pid 9833
Oct 20 03:41:28 openeuler dhclient[9833]: DHCPDISCOVER on enp0s5 to 255.255.255.255 port 67 interval 7 (xid=0xe908a1d)
Oct 20 03:41:30 openeuler dhclient[9823]: DHCPDISCOVER on enp0s4 to 255.255.255.255 port 67 interval 6 (xid=0x7530d320)
Oct 20 03:41:35 openeuler dhclient[9833]: DHCPDISCOVER on enp0s5 to 255.255.255.255 port 67 interval 9 (xid=0xe908a1d)
Oct 20 03:41:36 openeuler dhclient[9823]: DHCPDISCOVER on enp0s4 to 255.255.255.255 port 67 interval 7 (xid=0x7530d320)
Oct 20 03:41:43 openeuler dhclient[9823]: DHCPDISCOVER on enp0s4 to 255.255.255.255 port 67 interval 20 (xid=0x7530d320)
Oct 20 03:41:44 openeuler dhclient[9833]: DHCPDISCOVER on enp0s5 to 255.255.255.255 port 67 interval 21 (xid=0xe908a1d)
Oct 20 03:42:03 openeuler dhclient[9823]: DHCPDISCOVER on enp0s4 to 255.255.255.255 port 67 interval 20 (xid=0x7530d320)
Oct 20 03:42:05 openeuler dhclient[9833]: DHCPDISCOVER on enp0s5 to 255.255.255.255 port 67 interval 18 (xid=0xe908a1d)
Oct 20 03:42:12 openeuler NetworkManager[354]: <info>  [1697744532.6534] device (enp0s4): state change: ip-config -> failed (reason 'ip-config-unavailable', sys-iface-state: 'managed')
Oct 20 03:42:12 openeuler NetworkManager[354]: <warn>  [1697744532.6586] device (enp0s4): Activation: failed for connection 'Wired connection 2'
Oct 20 03:42:12 openeuler NetworkManager[354]: <info>  [1697744532.6612] device (enp0s4): state change: failed -> disconnected (reason 'none', sys-iface-state: 'managed')
Oct 20 03:42:12 openeuler NetworkManager[354]: <info>  [1697744532.6874] dhcp4 (enp0s4): canceled DHCP transaction, DHCP client pid 9823
Oct 20 03:42:12 openeuler NetworkManager[354]: <info>  [1697744532.6877] dhcp4 (enp0s4): activation: beginning transaction (timeout in 45 seconds)
Oct 20 03:42:12 openeuler NetworkManager[354]: <info>  [1697744532.6879] dhcp4 (enp0s4): state changed no lease
Oct 20 03:42:12 openeuler NetworkManager[354]: <info>  [1697744532.8085] policy: auto-activating connection 'Wired connection 2' (4a29acb3-afe4-3ef4-9b97-3d94df9fd918)
Oct 20 03:42:12 openeuler NetworkManager[354]: <info>  [1697744532.8125] device (enp0s4): Activation: starting connection 'Wired connection 2' (4a29acb3-afe4-3ef4-9b97-3d94df9fd918)
Oct 20 03:42:12 openeuler NetworkManager[354]: <info>  [1697744532.8142] device (enp0s4): state change: disconnected -> prepare (reason 'none', sys-iface-state: 'managed')
Oct 20 03:42:12 openeuler NetworkManager[354]: <info>  [1697744532.8175] device (enp0s4): state change: prepare -> config (reason 'none', sys-iface-state: 'managed')
Oct 20 03:42:13 openeuler NetworkManager[354]: <info>  [1697744533.0034] device (enp0s4): state change: config -> ip-config (reason 'none', sys-iface-state: 'managed')
Oct 20 03:42:13 openeuler NetworkManager[354]: <info>  [1697744533.0134] dhcp4 (enp0s4): activation: beginning transaction (timeout in 45 seconds)
Oct 20 03:42:13 openeuler NetworkManager[354]: <info>  [1697744533.0423] dhcp4 (enp0s4): dhclient started with pid 9853
Oct 20 03:42:13 openeuler dhclient[9853]: DHCPDISCOVER on enp0s4 to 255.255.255.255 port 67 interval 3 (xid=0x324f1f28)
Oct 20 03:42:13 openeuler NetworkManager[354]: <info>  [1697744533.6414] device (enp0s5): state change: ip-config -> failed (reason 'ip-config-unavailable', sys-iface-state: 'managed')
Oct 20 03:42:13 openeuler NetworkManager[354]: <warn>  [1697744533.6469] device (enp0s5): Activation: failed for connection 'Wired connection 3'
Oct 20 03:42:13 openeuler NetworkManager[354]: <info>  [1697744533.6493] device (enp0s5): state change: failed -> disconnected (reason 'none', sys-iface-state: 'managed')
Oct 20 03:42:13 openeuler NetworkManager[354]: <info>  [1697744533.6899] dhcp4 (enp0s5): canceled DHCP transaction, DHCP client pid 9833
Oct 20 03:42:13 openeuler NetworkManager[354]: <info>  [1697744533.6902] dhcp4 (enp0s5): activation: beginning transaction (timeout in 45 seconds)
Oct 20 03:42:13 openeuler NetworkManager[354]: <info>  [1697744533.6904] dhcp4 (enp0s5): state changed no lease
Oct 20 03:42:13 openeuler NetworkManager[354]: <info>  [1697744533.8230] policy: auto-activating connection 'Wired connection 3' (782645d7-b1fb-3efd-a43c-de4deb486bb9)
Oct 20 03:42:13 openeuler NetworkManager[354]: <info>  [1697744533.8272] device (enp0s5): Activation: starting connection 'Wired connection 3' (782645d7-b1fb-3efd-a43c-de4deb486bb9)
Oct 20 03:42:13 openeuler NetworkManager[354]: <info>  [1697744533.8282] device (enp0s5): state change: disconnected -> prepare (reason 'none', sys-iface-state: 'managed')
Oct 20 03:42:13 openeuler NetworkManager[354]: <info>  [1697744533.8312] device (enp0s5): state change: prepare -> config (reason 'none', sys-iface-state: 'managed')
Oct 20 03:42:14 openeuler NetworkManager[354]: <info>  [1697744534.0192] device (enp0s5): state change: config -> ip-config (reason 'none', sys-iface-state: 'managed')
Oct 20 03:42:14 openeuler NetworkManager[354]: <info>  [1697744534.0245] dhcp4 (enp0s5): activation: beginning transaction (timeout in 45 seconds)
Oct 20 03:42:14 openeuler NetworkManager[354]: <info>  [1697744534.0515] dhcp4 (enp0s5): dhclient started with pid 9864
Oct 20 03:42:14 openeuler dhclient[9864]: DHCPDISCOVER on enp0s5 to 255.255.255.255 port 67 interval 7 (xid=0x67ba6c2f)
Oct 20 03:42:16 openeuler dhclient[9853]: DHCPDISCOVER on enp0s4 to 255.255.255.255 port 67 interval 4 (xid=0x324f1f28)
Oct 20 03:42:20 openeuler dhclient[9853]: DHCPDISCOVER on enp0s4 to 255.255.255.255 port 67 interval 10 (xid=0x324f1f28)
Oct 20 03:42:21 openeuler dhclient[9864]: DHCPDISCOVER on enp0s5 to 255.255.255.255 port 67 interval 8 (xid=0x67ba6c2f)
Oct 20 03:42:29 openeuler dhclient[9864]: DHCPDISCOVER on enp0s5 to 255.255.255.255 port 67 interval 15 (xid=0x67ba6c2f)
Oct 20 03:42:30 openeuler dhclient[9853]: DHCPDISCOVER on enp0s4 to 255.255.255.255 port 67 interval 13 (xid=0x324f1f28)
Oct 20 03:42:43 openeuler dhclient[9853]: DHCPDISCOVER on enp0s4 to 255.255.255.255 port 67 interval 16 (xid=0x324f1f28)
Oct 20 03:42:44 openeuler dhclient[9864]: DHCPDISCOVER on enp0s5 to 255.255.255.255 port 67 interval 14 (xid=0x67ba6c2f)
Oct 20 03:42:58 openeuler dhclient[9864]: DHCPDISCOVER on enp0s5 to 255.255.255.255 port 67 interval 16 (xid=0x67ba6c2f)
Oct 20 03:42:58 openeuler NetworkManager[354]: <info>  [1697744578.6493] device (enp0s4): state change: ip-config -> failed (reason 'ip-config-unavailable', sys-iface-state: 'managed')
Oct 20 03:42:58 openeuler NetworkManager[354]: <warn>  [1697744578.6548] device (enp0s4): Activation: failed for connection 'Wired connection 2'
Oct 20 03:42:58 openeuler NetworkManager[354]: <info>  [1697744578.6577] device (enp0s4): state change: failed -> disconnected (reason 'none', sys-iface-state: 'managed')
Oct 20 03:42:58 openeuler NetworkManager[354]: <info>  [1697744578.6940] dhcp4 (enp0s4): canceled DHCP transaction, DHCP client pid 9853
Oct 20 03:42:58 openeuler NetworkManager[354]: <info>  [1697744578.6943] dhcp4 (enp0s4): activation: beginning transaction (timeout in 45 seconds)
Oct 20 03:42:58 openeuler NetworkManager[354]: <info>  [1697744578.6945] dhcp4 (enp0s4): state changed no lease
Oct 20 03:42:59 openeuler NetworkManager[354]: <info>  [1697744579.6413] device (enp0s5): state change: ip-config -> failed (reason 'ip-config-unavailable', sys-iface-state: 'managed')
Oct 20 03:42:59 openeuler NetworkManager[354]: <warn>  [1697744579.6458] device (enp0s5): Activation: failed for connection 'Wired connection 3'
Oct 20 03:42:59 openeuler NetworkManager[354]: <info>  [1697744579.6480] device (enp0s5): state change: failed -> disconnected (reason 'none', sys-iface-state: 'managed')
Oct 20 03:42:59 openeuler NetworkManager[354]: <info>  [1697744579.6821] dhcp4 (enp0s5): canceled DHCP transaction, DHCP client pid 9864
Oct 20 03:42:59 openeuler NetworkManager[354]: <info>  [1697744579.6824] dhcp4 (enp0s5): activation: beginning transaction (timeout in 45 seconds)
Oct 20 03:42:59 openeuler NetworkManager[354]: <info>  [1697744579.6826] dhcp4 (enp0s5): state changed no lease
Oct 20 03:47:58 openeuler NetworkManager[354]: <info>  [1697744878.6432] policy: auto-activating connection 'Wired connection 2' (4a29acb3-afe4-3ef4-9b97-3d94df9fd918)
Oct 20 03:47:58 openeuler NetworkManager[354]: <info>  [1697744878.6503] device (enp0s4): Activation: starting connection 'Wired connection 2' (4a29acb3-afe4-3ef4-9b97-3d94df9fd918)
Oct 20 03:47:58 openeuler NetworkManager[354]: <info>  [1697744878.6522] device (enp0s4): state change: disconnected -> prepare (reason 'none', sys-iface-state: 'managed')
Oct 20 03:47:58 openeuler NetworkManager[354]: <info>  [1697744878.6581] device (enp0s4): state change: prepare -> config (reason 'none', sys-iface-state: 'managed')
Oct 20 03:47:58 openeuler NetworkManager[354]: <info>  [1697744878.8863] device (enp0s4): state change: config -> ip-config (reason 'none', sys-iface-state: 'managed')
Oct 20 03:47:58 openeuler NetworkManager[354]: <info>  [1697744878.8942] dhcp4 (enp0s4): activation: beginning transaction (timeout in 45 seconds)
Oct 20 03:47:58 openeuler NetworkManager[354]: <info>  [1697744878.9227] dhcp4 (enp0s4): dhclient started with pid 10030
Oct 20 03:47:59 openeuler dhclient[10030]: DHCPDISCOVER on enp0s4 to 255.255.255.255 port 67 interval 7 (xid=0xcf0a0b72)
Oct 20 03:47:59 openeuler NetworkManager[354]: <info>  [1697744879.6419] policy: auto-activating connection 'Wired connection 3' (782645d7-b1fb-3efd-a43c-de4deb486bb9)
Oct 20 03:47:59 openeuler NetworkManager[354]: <info>  [1697744879.6475] device (enp0s5): Activation: starting connection 'Wired connection 3' (782645d7-b1fb-3efd-a43c-de4deb486bb9)
Oct 20 03:47:59 openeuler NetworkManager[354]: <info>  [1697744879.6489] device (enp0s5): state change: disconnected -> prepare (reason 'none', sys-iface-state: 'managed')
Oct 20 03:47:59 openeuler NetworkManager[354]: <info>  [1697744879.6525] device (enp0s5): state change: prepare -> config (reason 'none', sys-iface-state: 'managed')
Oct 20 03:47:59 openeuler NetworkManager[354]: <info>  [1697744879.8714] device (enp0s5): state change: config -> ip-config (reason 'none', sys-iface-state: 'managed')
Oct 20 03:47:59 openeuler NetworkManager[354]: <info>  [1697744879.8866] dhcp4 (enp0s5): activation: beginning transaction (timeout in 45 seconds)
Oct 20 03:47:59 openeuler NetworkManager[354]: <info>  [1697744879.9305] dhcp4 (enp0s5): dhclient started with pid 10040
Oct 20 03:48:00 openeuler dhclient[10040]: DHCPDISCOVER on enp0s5 to 255.255.255.255 port 67 interval 3 (xid=0x6b93f038)
Oct 20 03:48:03 openeuler dhclient[10040]: DHCPDISCOVER on enp0s5 to 255.255.255.255 port 67 interval 8 (xid=0x6b93f038)
Oct 20 03:48:06 openeuler dhclient[10030]: DHCPDISCOVER on enp0s4 to 255.255.255.255 port 67 interval 15 (xid=0xcf0a0b72)
Oct 20 03:48:11 openeuler dhclient[10040]: DHCPDISCOVER on enp0s5 to 255.255.255.255 port 67 interval 10 (xid=0x6b93f038)
Oct 20 03:48:21 openeuler dhclient[10030]: DHCPDISCOVER on enp0s4 to 255.255.255.255 port 67 interval 8 (xid=0xcf0a0b72)
Oct 20 03:48:21 openeuler dhclient[10040]: DHCPDISCOVER on enp0s5 to 255.255.255.255 port 67 interval 13 (xid=0x6b93f038)
Oct 20 03:48:29 openeuler dhclient[10030]: DHCPDISCOVER on enp0s4 to 255.255.255.255 port 67 interval 11 (xid=0xcf0a0b72)
Oct 20 03:48:34 openeuler dhclient[10040]: DHCPDISCOVER on enp0s5 to 255.255.255.255 port 67 interval 20 (xid=0x6b93f038)
Oct 20 03:48:40 openeuler dhclient[10030]: DHCPDISCOVER on enp0s4 to 255.255.255.255 port 67 interval 17 (xid=0xcf0a0b72)
Oct 20 03:48:44 openeuler NetworkManager[354]: <info>  [1697744924.6412] device (enp0s4): state change: ip-config -> failed (reason 'ip-config-unavailable', sys-iface-state: 'managed')
Oct 20 03:48:44 openeuler NetworkManager[354]: <warn>  [1697744924.6455] device (enp0s4): Activation: failed for connection 'Wired connection 2'
Oct 20 03:48:44 openeuler NetworkManager[354]: <info>  [1697744924.6474] device (enp0s4): state change: failed -> disconnected (reason 'none', sys-iface-state: 'managed')
Oct 20 03:48:44 openeuler NetworkManager[354]: <info>  [1697744924.7021] dhcp4 (enp0s4): canceled DHCP transaction, DHCP client pid 10030
Oct 20 03:48:44 openeuler NetworkManager[354]: <info>  [1697744924.7024] dhcp4 (enp0s4): activation: beginning transaction (timeout in 45 seconds)
Oct 20 03:48:44 openeuler NetworkManager[354]: <info>  [1697744924.7026] dhcp4 (enp0s4): state changed no lease
Oct 20 03:48:44 openeuler NetworkManager[354]: <info>  [1697744924.8341] policy: auto-activating connection 'Wired connection 2' (4a29acb3-afe4-3ef4-9b97-3d94df9fd918)
Oct 20 03:48:44 openeuler NetworkManager[354]: <info>  [1697744924.8376] device (enp0s4): Activation: starting connection 'Wired connection 2' (4a29acb3-afe4-3ef4-9b97-3d94df9fd918)
Oct 20 03:48:44 openeuler NetworkManager[354]: <info>  [1697744924.8384] device (enp0s4): state change: disconnected -> prepare (reason 'none', sys-iface-state: 'managed')
Oct 20 03:48:44 openeuler NetworkManager[354]: <info>  [1697744924.8433] device (enp0s4): state change: prepare -> config (reason 'none', sys-iface-state: 'managed')
Oct 20 03:48:45 openeuler NetworkManager[354]: <info>  [1697744925.0255] device (enp0s4): state change: config -> ip-config (reason 'none', sys-iface-state: 'managed')
Oct 20 03:48:45 openeuler NetworkManager[354]: <info>  [1697744925.0325] dhcp4 (enp0s4): activation: beginning transaction (timeout in 45 seconds)
Oct 20 03:48:45 openeuler NetworkManager[354]: <info>  [1697744925.0587] dhcp4 (enp0s4): dhclient started with pid 10287
Oct 20 03:48:45 openeuler dhclient[10287]: DHCPDISCOVER on enp0s4 to 255.255.255.255 port 67 interval 7 (xid=0x9595547c)
Oct 20 03:48:45 openeuler NetworkManager[354]: <info>  [1697744925.6420] device (enp0s5): state change: ip-config -> failed (reason 'ip-config-unavailable', sys-iface-state: 'managed')
Oct 20 03:48:45 openeuler NetworkManager[354]: <warn>  [1697744925.6474] device (enp0s5): Activation: failed for connection 'Wired connection 3'
Oct 20 03:48:45 openeuler NetworkManager[354]: <info>  [1697744925.6501] device (enp0s5): state change: failed -> disconnected (reason 'none', sys-iface-state: 'managed')
Oct 20 03:48:45 openeuler NetworkManager[354]: <info>  [1697744925.6872] dhcp4 (enp0s5): canceled DHCP transaction, DHCP client pid 10040
Oct 20 03:48:45 openeuler NetworkManager[354]: <info>  [1697744925.6875] dhcp4 (enp0s5): activation: beginning transaction (timeout in 45 seconds)
Oct 20 03:48:45 openeuler NetworkManager[354]: <info>  [1697744925.6877] dhcp4 (enp0s5): state changed no lease
Oct 20 03:48:45 openeuler NetworkManager[354]: <info>  [1697744925.7797] policy: auto-activating connection 'Wired connection 3' (782645d7-b1fb-3efd-a43c-de4deb486bb9)
Oct 20 03:48:45 openeuler NetworkManager[354]: <info>  [1697744925.7839] device (enp0s5): Activation: starting connection 'Wired connection 3' (782645d7-b1fb-3efd-a43c-de4deb486bb9)
Oct 20 03:48:45 openeuler NetworkManager[354]: <info>  [1697744925.7851] device (enp0s5): state change: disconnected -> prepare (reason 'none', sys-iface-state: 'managed')
Oct 20 03:48:45 openeuler NetworkManager[354]: <info>  [1697744925.7880] device (enp0s5): state change: prepare -> config (reason 'none', sys-iface-state: 'managed')
Oct 20 03:48:45 openeuler NetworkManager[354]: <info>  [1697744925.9795] device (enp0s5): state change: config -> ip-config (reason 'none', sys-iface-state: 'managed')
Oct 20 03:48:45 openeuler NetworkManager[354]: <info>  [1697744925.9869] dhcp4 (enp0s5): activation: beginning transaction (timeout in 45 seconds)
Oct 20 03:48:46 openeuler NetworkManager[354]: <info>  [1697744926.0085] dhcp4 (enp0s5): dhclient started with pid 10298
Oct 20 03:48:46 openeuler dhclient[10298]: DHCPDISCOVER on enp0s5 to 255.255.255.255 port 67 interval 4 (xid=0x8f83ff35)
+ CHECK_RESULT 0
+ actual_result=0
+ expect_result=0
+ mode=0
+ error_log=
+ exit_mode=0
+ '[' -z 0 ']'
+ '[' 0 -eq 0 ']'
+ test 0x '!=' 0x
+ return 0
+ LOG_INFO 'End of testcase execution.'
+ message='End of testcase execution.'
+ python3 /root/mugen/libs/locallibs/mugen_log.py --level info --message 'End of testcase execution.'
Fri Oct 20 03:48:50 2023 - INFO  - End of testcase execution.
+ CASE_RESULT 0
+ case_re=0
+ test -z ''
+ test 0 -eq 0
+ LOG_INFO 'succeed to execute the case.'
+ message='succeed to execute the case.'
+ python3 /root/mugen/libs/locallibs/mugen_log.py --level info --message 'succeed to execute the case.'
Fri Oct 20 03:48:51 2023 - INFO  - succeed to execute the case.
+ exec_result=
+ exit 0
+ post_test
+ LOG_INFO 'start environment cleanup.'
+ message='start environment cleanup.'
+ python3 /root/mugen/libs/locallibs/mugen_log.py --level info --message 'start environment cleanup.'
Fri Oct 20 03:48:51 2023 - INFO  - start environment cleanup.
++ ps -ef
++ grep tail
++ grep -v grep
++ awk '{print $2}'
+ pid=10280
+ kill -9 10280
+ rm -rf log
oe_test_system_log_view.sh: line 37: 10280 Killed                  tail -f /var/log/messages > log 2>&1
+ LOG_INFO 'Finish environment cleanup.'
+ message='Finish environment cleanup.'
+ python3 /root/mugen/libs/locallibs/mugen_log.py --level info --message 'Finish environment cleanup.'
Fri Oct 20 03:48:52 2023 - INFO  - Finish environment cleanup.
