Oct 20 02:59:28 openeuler NetworkManager[354]: <info>  [1697741968.5654] device (lo): Activation: starting connection 'lo' (98482b96-b634-4d02-99a7-73e77e10c233)
Oct 20 02:59:28 openeuler NetworkManager[354]: <info>  [1697741968.6150] manager: (enp0s3): new Ethernet device (/org/freedesktop/NetworkManager/Devices/2)
Oct 20 02:59:28 openeuler dbus-daemon[302]: [system] Successfully activated service 'org.freedesktop.nm_dispatcher'
Oct 20 02:59:28 openeuler systemd[1]: Started Network Manager Script Dispatcher Service.
Oct 20 02:59:28 openeuler NetworkManager[354]: <info>  [1697741968.6853] settings: (enp0s3): created default wired connection 'Wired connection 1'
Oct 20 02:59:28 openeuler NetworkManager[354]: <info>  [1697741968.6863] device (enp0s3): state change: unmanaged -> unavailable (reason 'managed', sys-iface-state: 'external')
Oct 20 02:59:28 openeuler NetworkManager[354]: <info>  [1697741968.8828] manager: (enp0s4): new Ethernet device (/org/freedesktop/NetworkManager/Devices/3)
Oct 20 02:59:28 openeuler NetworkManager[354]: <info>  [1697741968.9269] settings: (enp0s4): created default wired connection 'Wired connection 2'
Oct 20 02:59:28 openeuler NetworkManager[354]: <info>  [1697741968.9284] device (enp0s4): state change: unmanaged -> unavailable (reason 'managed', sys-iface-state: 'external')
Oct 20 02:59:29 openeuler NetworkManager[354]: <info>  [1697741969.1224] manager: (enp0s5): new Ethernet device (/org/freedesktop/NetworkManager/Devices/4)
Oct 20 02:59:29 openeuler NetworkManager[354]: <info>  [1697741969.1595] settings: (enp0s5): created default wired connection 'Wired connection 3'
Oct 20 02:59:29 openeuler NetworkManager[354]: <info>  [1697741969.1633] device (enp0s5): state change: unmanaged -> unavailable (reason 'managed', sys-iface-state: 'external')
Oct 20 02:59:29 openeuler NetworkManager[354]: <info>  [1697741969.3080] manager: (enp0s6): new Ethernet device (/org/freedesktop/NetworkManager/Devices/5)
Oct 20 02:59:29 openeuler NetworkManager[354]: <info>  [1697741969.3640] settings: (enp0s6): created default wired connection 'Wired connection 4'
Oct 20 02:59:29 openeuler NetworkManager[354]: <info>  [1697741969.3659] device (enp0s6): state change: unmanaged -> unavailable (reason 'managed', sys-iface-state: 'external')
Oct 20 02:59:29 openeuler NetworkManager[354]: <info>  [1697741969.5575] ovsdb: disconnected from ovsdb
Oct 20 02:59:29 openeuler NetworkManager[354]: <info>  [1697741969.5653] device (lo): state change: disconnected -> prepare (reason 'none', sys-iface-state: 'external')
Oct 20 02:59:29 openeuler NetworkManager[354]: <info>  [1697741969.5858] device (lo): state change: prepare -> config (reason 'none', sys-iface-state: 'external')
Oct 20 02:59:29 openeuler NetworkManager[354]: <info>  [1697741969.6003] device (lo): state change: config -> ip-config (reason 'none', sys-iface-state: 'external')
Oct 20 02:59:29 openeuler NetworkManager[354]: <info>  [1697741969.6215] device (enp0s3): carrier: link connected
Oct 20 02:59:29 openeuler NetworkManager[354]: <info>  [1697741969.6404] device (enp0s4): carrier: link connected
Oct 20 02:59:29 openeuler NetworkManager[354]: <info>  [1697741969.6467] device (enp0s5): carrier: link connected
Oct 20 02:59:29 openeuler NetworkManager[354]: <info>  [1697741969.6700] device (enp0s6): carrier: link connected
Oct 20 02:59:29 openeuler NetworkManager[354]: <info>  [1697741969.6912] device (lo): state change: ip-config -> ip-check (reason 'none', sys-iface-state: 'external')
Oct 20 02:59:29 openeuler NetworkManager[354]: <info>  [1697741969.7190] device (enp0s3): state change: unavailable -> disconnected (reason 'carrier-changed', sys-iface-state: 'managed')
Oct 20 02:59:29 openeuler NetworkManager[354]: <info>  [1697741969.7432] device (enp0s4): state change: unavailable -> disconnected (reason 'carrier-changed', sys-iface-state: 'managed')
Oct 20 02:59:29 openeuler NetworkManager[354]: <info>  [1697741969.7725] device (enp0s5): state change: unavailable -> disconnected (reason 'carrier-changed', sys-iface-state: 'managed')
Oct 20 02:59:29 openeuler NetworkManager[354]: <info>  [1697741969.7914] device (enp0s6): state change: unavailable -> disconnected (reason 'carrier-changed', sys-iface-state: 'managed')
Oct 20 02:59:29 openeuler NetworkManager[354]: <info>  [1697741969.8688] policy: auto-activating connection 'Wired connection 1' (6f01c756-f9c7-3fe9-99f8-bb83b7d554cd)
Oct 20 02:59:29 openeuler NetworkManager[354]: <info>  [1697741969.8758] policy: auto-activating connection 'Wired connection 2' (4a29acb3-afe4-3ef4-9b97-3d94df9fd918)
Oct 20 02:59:29 openeuler NetworkManager[354]: <info>  [1697741969.8824] policy: auto-activating connection 'Wired connection 3' (782645d7-b1fb-3efd-a43c-de4deb486bb9)
Oct 20 02:59:29 openeuler NetworkManager[354]: <info>  [1697741969.8877] policy: auto-activating connection 'Wired connection 4' (9abfe8b0-9dfa-3427-9769-f5e976127182)
Oct 20 02:59:29 openeuler NetworkManager[354]: <info>  [1697741969.9038] device (enp0s3): Activation: starting connection 'Wired connection 1' (6f01c756-f9c7-3fe9-99f8-bb83b7d554cd)
Oct 20 02:59:29 openeuler NetworkManager[354]: <info>  [1697741969.9125] device (enp0s4): Activation: starting connection 'Wired connection 2' (4a29acb3-afe4-3ef4-9b97-3d94df9fd918)
Oct 20 02:59:29 openeuler NetworkManager[354]: <info>  [1697741969.9208] device (enp0s5): Activation: starting connection 'Wired connection 3' (782645d7-b1fb-3efd-a43c-de4deb486bb9)
Oct 20 02:59:29 openeuler NetworkManager[354]: <info>  [1697741969.9279] device (enp0s6): Activation: starting connection 'Wired connection 4' (9abfe8b0-9dfa-3427-9769-f5e976127182)
Oct 20 02:59:29 openeuler NetworkManager[354]: <info>  [1697741969.9321] device (enp0s3): state change: disconnected -> prepare (reason 'none', sys-iface-state: 'managed')
Oct 20 02:59:29 openeuler NetworkManager[354]: <info>  [1697741969.9403] manager: NetworkManager state is now CONNECTING
Oct 20 02:59:29 openeuler NetworkManager[354]: <info>  [1697741969.9492] device (enp0s3): state change: prepare -> config (reason 'none', sys-iface-state: 'managed')
Oct 20 02:59:29 openeuler NetworkManager[354]: <info>  [1697741969.9817] device (enp0s4): state change: disconnected -> prepare (reason 'none', sys-iface-state: 'managed')
Oct 20 02:59:29 openeuler NetworkManager[354]: <info>  [1697741969.9909] device (enp0s4): state change: prepare -> config (reason 'none', sys-iface-state: 'managed')
Oct 20 02:59:30 openeuler NetworkManager[354]: <info>  [1697741970.0089] device (enp0s5): state change: disconnected -> prepare (reason 'none', sys-iface-state: 'managed')
Oct 20 02:59:30 openeuler NetworkManager[354]: <info>  [1697741970.0184] device (enp0s5): state change: prepare -> config (reason 'none', sys-iface-state: 'managed')
Oct 20 02:59:30 openeuler NetworkManager[354]: <info>  [1697741970.0311] device (enp0s6): state change: disconnected -> prepare (reason 'none', sys-iface-state: 'managed')
Oct 20 02:59:30 openeuler NetworkManager[354]: <info>  [1697741970.0406] device (enp0s6): state change: prepare -> config (reason 'none', sys-iface-state: 'managed')
Oct 20 02:59:30 openeuler NetworkManager[354]: <info>  [1697741970.0581] device (lo): state change: ip-check -> secondaries (reason 'none', sys-iface-state: 'external')
Oct 20 02:59:30 openeuler NetworkManager[354]: <info>  [1697741970.0641] device (lo): state change: secondaries -> activated (reason 'none', sys-iface-state: 'external')
Oct 20 02:59:30 openeuler NetworkManager[354]: <info>  [1697741970.0798] device (lo): Activation: successful, device activated.
Oct 20 02:59:35 openeuler NetworkManager[354]: <info>  [1697741975.7466] device (enp0s3): state change: config -> ip-config (reason 'none', sys-iface-state: 'managed')
Oct 20 02:59:35 openeuler NetworkManager[354]: <info>  [1697741975.7713] dhcp4 (enp0s3): activation: beginning transaction (timeout in 45 seconds)
Oct 20 02:59:35 openeuler NetworkManager[354]: <info>  [1697741975.8228] dhcp4 (enp0s3): dhclient started with pid 690
Oct 20 02:59:36 openeuler NetworkManager[354]: <info>  [1697741976.1078] device (enp0s4): state change: config -> ip-config (reason 'none', sys-iface-state: 'managed')
Oct 20 02:59:36 openeuler NetworkManager[354]: <info>  [1697741976.1268] dhcp4 (enp0s4): activation: beginning transaction (timeout in 45 seconds)
Oct 20 02:59:36 openeuler NetworkManager[354]: <info>  [1697741976.1779] dhcp4 (enp0s4): dhclient started with pid 701
Oct 20 02:59:36 openeuler dhclient[690]: DHCPDISCOVER on enp0s3 to 255.255.255.255 port 67 interval 6 (xid=0x4844a339)
Oct 20 02:59:36 openeuler NetworkManager[354]: <info>  [1697741976.4030] device (enp0s5): state change: config -> ip-config (reason 'none', sys-iface-state: 'managed')
Oct 20 02:59:36 openeuler NetworkManager[354]: <info>  [1697741976.4201] dhcp4 (enp0s5): activation: beginning transaction (timeout in 45 seconds)
Oct 20 02:59:36 openeuler NetworkManager[354]: <info>  [1697741976.4656] dhcp4 (enp0s5): dhclient started with pid 708
Oct 20 02:59:36 openeuler dhclient[701]: DHCPDISCOVER on enp0s4 to 255.255.255.255 port 67 interval 4 (xid=0x4fcd5e66)
Oct 20 02:59:36 openeuler dhclient[708]: DHCPDISCOVER on enp0s5 to 255.255.255.255 port 67 interval 3 (xid=0x76ec2a20)
Oct 20 02:59:36 openeuler NetworkManager[354]: <info>  [1697741976.7831] device (enp0s6): state change: config -> ip-config (reason 'none', sys-iface-state: 'managed')
Oct 20 02:59:36 openeuler NetworkManager[354]: <info>  [1697741976.7988] dhcp4 (enp0s6): activation: beginning transaction (timeout in 45 seconds)
Oct 20 02:59:36 openeuler NetworkManager[354]: <info>  [1697741976.8472] dhcp4 (enp0s6): dhclient started with pid 717
Oct 20 02:59:37 openeuler tuned[392]: libperf: mmap_per_cpu: nr cpu values 4 nr threads 1
Oct 20 02:59:37 openeuler tuned[392]: libperf: idx 0: mmapping fd 8
Oct 20 02:59:37 openeuler tuned[392]: libperf: idx 1: mmapping fd 9
Oct 20 02:59:37 openeuler tuned[392]: libperf: idx 2: mmapping fd 10
Oct 20 02:59:37 openeuler tuned[392]: libperf: idx 3: mmapping fd 11
Oct 20 02:59:37 openeuler dhclient[717]: DHCPDISCOVER on enp0s6 to 255.255.255.255 port 67 interval 4 (xid=0xd3da8976)
Oct 20 02:59:37 openeuler dhclient[717]: DHCPOFFER of 10.0.2.15 from 10.0.2.2
Oct 20 02:59:37 openeuler dhclient[717]: DHCPREQUEST for 10.0.2.15 on enp0s6 to 255.255.255.255 port 67 (xid=0xd3da8976)
Oct 20 02:59:37 openeuler dhclient[717]: DHCPACK of 10.0.2.15 from 10.0.2.2 (xid=0xd3da8976)
Oct 20 02:59:37 openeuler NetworkManager[354]: <info>  [1697741977.2284] dhcp4 (enp0s6):   address 10.0.2.15
Oct 20 02:59:37 openeuler NetworkManager[354]: <info>  [1697741977.2291] dhcp4 (enp0s6):   plen 24 (255.255.255.0)
Oct 20 02:59:37 openeuler NetworkManager[354]: <info>  [1697741977.2302] dhcp4 (enp0s6):   gateway 10.0.2.2
Oct 20 02:59:37 openeuler NetworkManager[354]: <info>  [1697741977.2311] dhcp4 (enp0s6):   lease time 86400
Oct 20 02:59:37 openeuler NetworkManager[354]: <info>  [1697741977.2324] dhcp4 (enp0s6):   nameserver '10.0.2.3'
Oct 20 02:59:37 openeuler NetworkManager[354]: <info>  [1697741977.2338] dhcp4 (enp0s6): state changed new lease, address=10.0.2.15
Oct 20 02:59:37 openeuler NetworkManager[354]: <info>  [1697741977.2498] policy: set 'Wired connection 4' (enp0s6) as default for IPv4 routing and DNS
Oct 20 02:59:37 openeuler NetworkManager[354]: <info>  [1697741977.4389] device (enp0s6): state change: ip-config -> ip-check (reason 'none', sys-iface-state: 'managed')
Oct 20 02:59:37 openeuler dhclient[717]: bound to 10.0.2.15 -- renewal in 40733 seconds.
Oct 20 02:59:37 openeuler NetworkManager[354]: <info>  [1697741977.5897] device (enp0s6): state change: ip-check -> secondaries (reason 'none', sys-iface-state: 'managed')
Oct 20 02:59:37 openeuler NetworkManager[354]: <info>  [1697741977.5947] device (enp0s6): state change: secondaries -> activated (reason 'none', sys-iface-state: 'managed')
Oct 20 02:59:37 openeuler NetworkManager[354]: <info>  [1697741977.6083] manager: NetworkManager state is now CONNECTED_SITE
Oct 20 02:59:37 openeuler NetworkManager[354]: <info>  [1697741977.6154] device (enp0s6): Activation: successful, device activated.
Oct 20 02:59:37 openeuler NetworkManager[354]: <info>  [1697741977.6288] manager: NetworkManager state is now CONNECTED_GLOBAL
Oct 20 02:59:38 openeuler systemd[1]: Started Dynamic System Tuning Daemon.
Oct 20 02:59:38 openeuler NetworkManager[354]: <info>  [1697741978.4085] policy: set 'Wired connection 4' (enp0s6) as default for IPv6 routing and DNS
Oct 20 02:59:38 openeuler sshd[762]: Connection from 10.0.2.2 port 59710 on 10.0.2.15 port 22 rdomain ""
Oct 20 02:59:38 openeuler sshd[762]: Connection closed by 10.0.2.2 port 59710 [preauth]
Oct 20 02:59:39 openeuler sshd[764]: Connection from 10.0.2.2 port 53026 on 10.0.2.15 port 22 rdomain ""
Oct 20 02:59:39 openeuler sshd[764]: Failed publickey for root from 10.0.2.2 port 53026 ssh2: ED25519 SHA256:UZOrG9wWe2Aao+hFK6UqK5Rb+Vv1nYoP66E5znfRTwA
Oct 20 02:59:39 openeuler sshd[764]: Accepted password for root from 10.0.2.2 port 53026 ssh2
Oct 20 02:59:39 openeuler sshd[764]: User child is on pid 766
Oct 20 02:59:39 openeuler sshd[766]: Read error from remote host 10.0.2.2 port 53026: Connection reset by peer
Oct 20 02:59:39 openeuler dhclient[708]: DHCPDISCOVER on enp0s5 to 255.255.255.255 port 67 interval 7 (xid=0x76ec2a20)
Oct 20 02:59:40 openeuler dhclient[701]: DHCPDISCOVER on enp0s4 to 255.255.255.255 port 67 interval 7 (xid=0x4fcd5e66)
Oct 20 02:59:40 openeuler sshd[767]: Connection from 10.0.2.2 port 35970 on 10.0.2.15 port 22 rdomain ""
Oct 20 02:59:40 openeuler sshd[767]: Connection closed by 10.0.2.2 port 35970 [preauth]
Oct 20 02:59:42 openeuler dhclient[690]: DHCPDISCOVER on enp0s3 to 255.255.255.255 port 67 interval 7 (xid=0x4844a339)
Oct 20 02:59:44 openeuler chronyd[320]: Selected source 119.28.206.193 (pool.ntp.org)
Oct 20 02:59:47 openeuler dhclient[708]: DHCPDISCOVER on enp0s5 to 255.255.255.255 port 67 interval 13 (xid=0x76ec2a20)
Oct 20 02:59:47 openeuler dhclient[701]: DHCPDISCOVER on enp0s4 to 255.255.255.255 port 67 interval 15 (xid=0x4fcd5e66)
Oct 20 02:59:47 openeuler sshd[770]: Connection from 10.0.2.2 port 43694 on 10.0.2.15 port 22 rdomain ""
Oct 20 02:59:48 openeuler sshd[770]: Connection closed by 10.0.2.2 port 43694 [preauth]
Oct 20 02:59:48 openeuler systemd[1]: NetworkManager-dispatcher.service: Deactivated successfully.
Oct 20 02:59:49 openeuler dhclient[690]: DHCPDISCOVER on enp0s3 to 255.255.255.255 port 67 interval 16 (xid=0x4844a339)
Oct 20 02:59:50 openeuler sshd[774]: Connection from 10.0.2.2 port 39428 on 10.0.2.15 port 22 rdomain ""
Oct 20 02:59:50 openeuler sshd[774]: Connection closed by 10.0.2.2 port 39428 [preauth]
Oct 20 02:59:55 openeuler systemd[1]: NetworkManager-wait-online.service: Main process exited, code=exited, status=1/FAILURE
Oct 20 02:59:55 openeuler systemd[1]: NetworkManager-wait-online.service: Failed with result 'exit-code'.
Oct 20 02:59:55 openeuler systemd[1]: Failed to start Network Manager Wait Online.
Oct 20 02:59:55 openeuler systemd[1]: Reached target Network is Online.
Oct 20 02:59:55 openeuler systemd[1]: Starting Notify NFS peers of a restart...
Oct 20 02:59:55 openeuler systemd[1]: Starting System Logging Service...
Oct 20 02:59:55 openeuler sm-notify[777]: Version 2.6.2 starting
Oct 20 02:59:55 openeuler systemd[1]: Started Notify NFS peers of a restart.
Oct 20 02:59:55 openeuler rsyslogd[778]: [origin software="rsyslogd" swVersion="8.2210.0" x-pid="778" x-info="https://www.rsyslog.com"] start
Oct 20 02:59:55 openeuler rsyslogd[778]: imjournal: No statefile exists, /run/log/imjournal.state will be created (ignore if this is first run): No such file or directory [v8.2210.0 try https://www.rsyslog.com/e/2040 ]
Oct 20 02:59:55 openeuler systemd[1]: Started System Logging Service.
Oct 20 02:59:55 openeuler systemd[1]: Reached target Multi-User System.
Oct 20 02:59:55 openeuler systemd[1]: Reached target Graphical Interface.
Oct 20 02:59:55 openeuler systemd[1]: Starting Record Runlevel Change in UTMP...
Oct 20 02:59:55 openeuler systemd[1]: systemd-update-utmp-runlevel.service: Deactivated successfully.
Oct 20 02:59:55 openeuler systemd[1]: Finished Record Runlevel Change in UTMP.
Oct 20 02:59:55 openeuler rsyslogd[778]: imjournal: journal files changed, reloading...  [v8.2210.0 try https://www.rsyslog.com/e/0 ]
Oct 20 02:59:55 openeuler systemd[1]: Startup finished in 3.127s (kernel) + 55.110s (userspace) = 58.237s.
Oct 20 02:59:57 openeuler systemd[1]: systemd-hostnamed.service: Deactivated successfully.
Oct 20 03:00:00 openeuler dhclient[708]: DHCPDISCOVER on enp0s5 to 255.255.255.255 port 67 interval 12 (xid=0x76ec2a20)
Oct 20 03:00:02 openeuler dhclient[701]: DHCPDISCOVER on enp0s4 to 255.255.255.255 port 67 interval 21 (xid=0x4fcd5e66)
Oct 20 03:00:05 openeuler dhclient[690]: DHCPDISCOVER on enp0s3 to 255.255.255.255 port 67 interval 7 (xid=0x4844a339)
Oct 20 03:00:12 openeuler dhclient[708]: DHCPDISCOVER on enp0s5 to 255.255.255.255 port 67 interval 14 (xid=0x76ec2a20)
Oct 20 03:00:12 openeuler dhclient[690]: DHCPDISCOVER on enp0s3 to 255.255.255.255 port 67 interval 16 (xid=0x4844a339)
Oct 20 03:00:20 openeuler NetworkManager[354]: <info>  [1697742020.6449] device (enp0s3): state change: ip-config -> failed (reason 'ip-config-unavailable', sys-iface-state: 'managed')
Oct 20 03:00:20 openeuler NetworkManager[354]: <warn>  [1697742020.6546] device (enp0s3): Activation: failed for connection 'Wired connection 1'
Oct 20 03:00:20 openeuler NetworkManager[354]: <info>  [1697742020.6600] device (enp0s3): state change: failed -> disconnected (reason 'none', sys-iface-state: 'managed')
Oct 20 03:00:20 openeuler NetworkManager[354]: <info>  [1697742020.6910] dhcp4 (enp0s3): canceled DHCP transaction, DHCP client pid 690
Oct 20 03:00:20 openeuler NetworkManager[354]: <info>  [1697742020.6914] dhcp4 (enp0s3): activation: beginning transaction (timeout in 45 seconds)
Oct 20 03:00:20 openeuler NetworkManager[354]: <info>  [1697742020.6920] dhcp4 (enp0s3): state changed no lease
Oct 20 03:00:20 openeuler NetworkManager[354]: <info>  [1697742020.8232] policy: auto-activating connection 'Wired connection 1' (6f01c756-f9c7-3fe9-99f8-bb83b7d554cd)
Oct 20 03:00:20 openeuler NetworkManager[354]: <info>  [1697742020.8303] device (enp0s3): Activation: starting connection 'Wired connection 1' (6f01c756-f9c7-3fe9-99f8-bb83b7d554cd)
Oct 20 03:00:20 openeuler NetworkManager[354]: <info>  [1697742020.8317] device (enp0s3): state change: disconnected -> prepare (reason 'none', sys-iface-state: 'managed')
Oct 20 03:00:20 openeuler NetworkManager[354]: <info>  [1697742020.8357] device (enp0s3): state change: prepare -> config (reason 'none', sys-iface-state: 'managed')
Oct 20 03:00:21 openeuler NetworkManager[354]: <info>  [1697742021.0698] device (enp0s3): state change: config -> ip-config (reason 'none', sys-iface-state: 'managed')
Oct 20 03:00:21 openeuler NetworkManager[354]: <info>  [1697742021.0779] dhcp4 (enp0s3): activation: beginning transaction (timeout in 45 seconds)
Oct 20 03:00:21 openeuler NetworkManager[354]: <info>  [1697742021.1074] dhcp4 (enp0s3): dhclient started with pid 800
Oct 20 03:00:21 openeuler dhclient[800]: DHCPDISCOVER on enp0s3 to 255.255.255.255 port 67 interval 3 (xid=0xfac45034)
Oct 20 03:00:21 openeuler NetworkManager[354]: <info>  [1697742021.6325] device (enp0s4): state change: ip-config -> failed (reason 'ip-config-unavailable', sys-iface-state: 'managed')
Oct 20 03:00:21 openeuler NetworkManager[354]: <warn>  [1697742021.6400] device (enp0s4): Activation: failed for connection 'Wired connection 2'
Oct 20 03:00:21 openeuler NetworkManager[354]: <info>  [1697742021.6410] device (enp0s5): state change: ip-config -> failed (reason 'ip-config-unavailable', sys-iface-state: 'managed')
Oct 20 03:00:21 openeuler NetworkManager[354]: <warn>  [1697742021.6459] device (enp0s5): Activation: failed for connection 'Wired connection 3'
Oct 20 03:00:21 openeuler NetworkManager[354]: <info>  [1697742021.6503] device (enp0s4): state change: failed -> disconnected (reason 'none', sys-iface-state: 'managed')
Oct 20 03:00:21 openeuler NetworkManager[354]: <info>  [1697742021.6892] dhcp4 (enp0s4): canceled DHCP transaction, DHCP client pid 701
Oct 20 03:00:21 openeuler NetworkManager[354]: <info>  [1697742021.6895] dhcp4 (enp0s4): activation: beginning transaction (timeout in 45 seconds)
Oct 20 03:00:21 openeuler NetworkManager[354]: <info>  [1697742021.6897] dhcp4 (enp0s4): state changed no lease
Oct 20 03:00:21 openeuler NetworkManager[354]: <info>  [1697742021.8245] device (enp0s5): state change: failed -> disconnected (reason 'none', sys-iface-state: 'managed')
Oct 20 03:00:21 openeuler NetworkManager[354]: <info>  [1697742021.8811] dhcp4 (enp0s5): canceled DHCP transaction, DHCP client pid 708
Oct 20 03:00:21 openeuler NetworkManager[354]: <info>  [1697742021.8816] dhcp4 (enp0s5): activation: beginning transaction (timeout in 45 seconds)
Oct 20 03:00:21 openeuler NetworkManager[354]: <info>  [1697742021.8818] dhcp4 (enp0s5): state changed no lease
Oct 20 03:00:21 openeuler NetworkManager[354]: <info>  [1697742021.9952] policy: auto-activating connection 'Wired connection 2' (4a29acb3-afe4-3ef4-9b97-3d94df9fd918)
Oct 20 03:00:22 openeuler NetworkManager[354]: <info>  [1697742022.0014] policy: auto-activating connection 'Wired connection 3' (782645d7-b1fb-3efd-a43c-de4deb486bb9)
Oct 20 03:00:22 openeuler NetworkManager[354]: <info>  [1697742022.0129] device (enp0s4): Activation: starting connection 'Wired connection 2' (4a29acb3-afe4-3ef4-9b97-3d94df9fd918)
Oct 20 03:00:22 openeuler NetworkManager[354]: <info>  [1697742022.0154] device (enp0s5): Activation: starting connection 'Wired connection 3' (782645d7-b1fb-3efd-a43c-de4deb486bb9)
Oct 20 03:00:22 openeuler NetworkManager[354]: <info>  [1697742022.0169] device (enp0s4): state change: disconnected -> prepare (reason 'none', sys-iface-state: 'managed')
Oct 20 03:00:22 openeuler NetworkManager[354]: <info>  [1697742022.0208] device (enp0s4): state change: prepare -> config (reason 'none', sys-iface-state: 'managed')
Oct 20 03:00:22 openeuler NetworkManager[354]: <info>  [1697742022.0269] device (enp0s5): state change: disconnected -> prepare (reason 'none', sys-iface-state: 'managed')
Oct 20 03:00:22 openeuler NetworkManager[354]: <info>  [1697742022.0307] device (enp0s5): state change: prepare -> config (reason 'none', sys-iface-state: 'managed')
Oct 20 03:00:22 openeuler NetworkManager[354]: <info>  [1697742022.2167] device (enp0s4): state change: config -> ip-config (reason 'none', sys-iface-state: 'managed')
Oct 20 03:00:22 openeuler NetworkManager[354]: <info>  [1697742022.2227] dhcp4 (enp0s4): activation: beginning transaction (timeout in 45 seconds)
Oct 20 03:00:22 openeuler NetworkManager[354]: <info>  [1697742022.2524] dhcp4 (enp0s4): dhclient started with pid 813
Oct 20 03:00:22 openeuler NetworkManager[354]: <info>  [1697742022.4764] device (enp0s5): state change: config -> ip-config (reason 'none', sys-iface-state: 'managed')
Oct 20 03:00:22 openeuler dhclient[813]: DHCPDISCOVER on enp0s4 to 255.255.255.255 port 67 interval 7 (xid=0x1a2a3b18)
Oct 20 03:00:22 openeuler NetworkManager[354]: <info>  [1697742022.4896] dhcp4 (enp0s5): activation: beginning transaction (timeout in 45 seconds)
Oct 20 03:00:22 openeuler NetworkManager[354]: <info>  [1697742022.5431] dhcp4 (enp0s5): dhclient started with pid 819
Oct 20 03:00:22 openeuler dhclient[819]: DHCPDISCOVER on enp0s5 to 255.255.255.255 port 67 interval 5 (xid=0x48d1d470)
Oct 20 03:00:24 openeuler dhclient[800]: DHCPDISCOVER on enp0s3 to 255.255.255.255 port 67 interval 6 (xid=0xfac45034)
Oct 20 03:00:26 openeuler systemd[1]: pcscd.service: Deactivated successfully.
Oct 20 03:00:27 openeuler dhclient[819]: DHCPDISCOVER on enp0s5 to 255.255.255.255 port 67 interval 8 (xid=0x48d1d470)
Oct 20 03:00:29 openeuler dhclient[813]: DHCPDISCOVER on enp0s4 to 255.255.255.255 port 67 interval 8 (xid=0x1a2a3b18)
Oct 20 03:00:30 openeuler dhclient[800]: DHCPDISCOVER on enp0s3 to 255.255.255.255 port 67 interval 8 (xid=0xfac45034)
Oct 20 03:00:35 openeuler dhclient[819]: DHCPDISCOVER on enp0s5 to 255.255.255.255 port 67 interval 14 (xid=0x48d1d470)
Oct 20 03:00:37 openeuler dhclient[813]: DHCPDISCOVER on enp0s4 to 255.255.255.255 port 67 interval 15 (xid=0x1a2a3b18)
Oct 20 03:00:38 openeuler dhclient[800]: DHCPDISCOVER on enp0s3 to 255.255.255.255 port 67 interval 17 (xid=0xfac45034)
Oct 20 03:00:49 openeuler dhclient[819]: DHCPDISCOVER on enp0s5 to 255.255.255.255 port 67 interval 21 (xid=0x48d1d470)
Oct 20 03:00:52 openeuler dhclient[813]: DHCPDISCOVER on enp0s4 to 255.255.255.255 port 67 interval 9 (xid=0x1a2a3b18)
Oct 20 03:00:55 openeuler dhclient[800]: DHCPDISCOVER on enp0s3 to 255.255.255.255 port 67 interval 11 (xid=0xfac45034)
Oct 20 03:00:57 openeuler sshd[826]: Connection from 10.0.2.2 port 43552 on 10.0.2.15 port 22 rdomain ""
Oct 20 03:00:58 openeuler sshd[826]: Accepted password for root from 10.0.2.2 port 43552 ssh2
Oct 20 03:00:58 openeuler sshd[826]: User child is on pid 828
Oct 20 03:00:58 openeuler sshd[828]: Starting session: command for root from 10.0.2.2 port 43552 id 0
Oct 20 03:01:01 openeuler dhclient[813]: DHCPDISCOVER on enp0s4 to 255.255.255.255 port 67 interval 20 (xid=0x1a2a3b18)
Oct 20 03:01:06 openeuler NetworkManager[354]: <info>  [1697742066.6330] device (enp0s3): state change: ip-config -> failed (reason 'ip-config-unavailable', sys-iface-state: 'managed')
Oct 20 03:01:06 openeuler NetworkManager[354]: <warn>  [1697742066.6384] device (enp0s3): Activation: failed for connection 'Wired connection 1'
Oct 20 03:01:06 openeuler NetworkManager[354]: <info>  [1697742066.6419] device (enp0s3): state change: failed -> disconnected (reason 'none', sys-iface-state: 'managed')
Oct 20 03:01:06 openeuler NetworkManager[354]: <info>  [1697742066.6861] dhcp4 (enp0s3): canceled DHCP transaction, DHCP client pid 800
Oct 20 03:01:06 openeuler NetworkManager[354]: <info>  [1697742066.6866] dhcp4 (enp0s3): activation: beginning transaction (timeout in 45 seconds)
Oct 20 03:01:06 openeuler NetworkManager[354]: <info>  [1697742066.6869] dhcp4 (enp0s3): state changed no lease
Oct 20 03:01:06 openeuler sshd[828]: Connection closed by 10.0.2.2 port 43552
Oct 20 03:01:06 openeuler sshd[828]: Close session: user root from 10.0.2.2 port 43552 id 0
Oct 20 03:01:06 openeuler sshd[828]: Transferred: sent 2256, received 1456 bytes
Oct 20 03:01:06 openeuler sshd[828]: Closing connection to 10.0.2.2 port 43552
Oct 20 03:01:06 openeuler NetworkManager[354]: <info>  [1697742066.8820] policy: auto-activating connection 'Wired connection 1' (6f01c756-f9c7-3fe9-99f8-bb83b7d554cd)
Oct 20 03:01:06 openeuler NetworkManager[354]: <info>  [1697742066.8886] device (enp0s3): Activation: starting connection 'Wired connection 1' (6f01c756-f9c7-3fe9-99f8-bb83b7d554cd)
Oct 20 03:01:06 openeuler NetworkManager[354]: <info>  [1697742066.8898] device (enp0s3): state change: disconnected -> prepare (reason 'none', sys-iface-state: 'managed')
Oct 20 03:01:06 openeuler NetworkManager[354]: <info>  [1697742066.8933] device (enp0s3): state change: prepare -> config (reason 'none', sys-iface-state: 'managed')
Oct 20 03:01:06 openeuler sshd[900]: Connection from 10.0.2.2 port 47414 on 10.0.2.15 port 22 rdomain ""
Oct 20 03:01:07 openeuler NetworkManager[354]: <info>  [1697742067.1013] device (enp0s3): state change: config -> ip-config (reason 'none', sys-iface-state: 'managed')
Oct 20 03:01:07 openeuler NetworkManager[354]: <info>  [1697742067.1065] dhcp4 (enp0s3): activation: beginning transaction (timeout in 45 seconds)
Oct 20 03:01:07 openeuler NetworkManager[354]: <info>  [1697742067.1319] dhcp4 (enp0s3): dhclient started with pid 903
Oct 20 03:01:07 openeuler sshd[900]: Accepted password for root from 10.0.2.2 port 47414 ssh2
Oct 20 03:01:07 openeuler sshd[900]: User child is on pid 910
Oct 20 03:01:07 openeuler sshd[910]: Starting session: command for root from 10.0.2.2 port 47414 id 0
Oct 20 03:01:07 openeuler dhclient[903]: DHCPDISCOVER on enp0s3 to 255.255.255.255 port 67 interval 3 (xid=0x99fa2646)
Oct 20 03:01:07 openeuler NetworkManager[354]: <info>  [1697742067.6324] device (enp0s4): state change: ip-config -> failed (reason 'ip-config-unavailable', sys-iface-state: 'managed')
Oct 20 03:01:07 openeuler NetworkManager[354]: <warn>  [1697742067.6409] device (enp0s4): Activation: failed for connection 'Wired connection 2'
Oct 20 03:01:07 openeuler NetworkManager[354]: <info>  [1697742067.6416] device (enp0s5): state change: ip-config -> failed (reason 'ip-config-unavailable', sys-iface-state: 'managed')
Oct 20 03:01:07 openeuler NetworkManager[354]: <warn>  [1697742067.6492] device (enp0s5): Activation: failed for connection 'Wired connection 3'
Oct 20 03:01:07 openeuler NetworkManager[354]: <info>  [1697742067.6534] device (enp0s4): state change: failed -> disconnected (reason 'none', sys-iface-state: 'managed')
Oct 20 03:01:07 openeuler NetworkManager[354]: <info>  [1697742067.6898] dhcp4 (enp0s4): canceled DHCP transaction, DHCP client pid 813
Oct 20 03:01:07 openeuler NetworkManager[354]: <info>  [1697742067.6903] dhcp4 (enp0s4): activation: beginning transaction (timeout in 45 seconds)
Oct 20 03:01:07 openeuler NetworkManager[354]: <info>  [1697742067.6906] dhcp4 (enp0s4): state changed no lease
Oct 20 03:01:07 openeuler NetworkManager[354]: <info>  [1697742067.8312] device (enp0s5): state change: failed -> disconnected (reason 'none', sys-iface-state: 'managed')
Oct 20 03:01:07 openeuler NetworkManager[354]: <info>  [1697742067.8891] dhcp4 (enp0s5): canceled DHCP transaction, DHCP client pid 819
Oct 20 03:01:07 openeuler NetworkManager[354]: <info>  [1697742067.8894] dhcp4 (enp0s5): activation: beginning transaction (timeout in 45 seconds)
Oct 20 03:01:07 openeuler NetworkManager[354]: <info>  [1697742067.8897] dhcp4 (enp0s5): state changed no lease
Oct 20 03:01:08 openeuler NetworkManager[354]: <info>  [1697742068.0067] policy: auto-activating connection 'Wired connection 2' (4a29acb3-afe4-3ef4-9b97-3d94df9fd918)
Oct 20 03:01:08 openeuler NetworkManager[354]: <info>  [1697742068.0097] policy: auto-activating connection 'Wired connection 3' (782645d7-b1fb-3efd-a43c-de4deb486bb9)
Oct 20 03:01:08 openeuler NetworkManager[354]: <info>  [1697742068.0136] device (enp0s4): Activation: starting connection 'Wired connection 2' (4a29acb3-afe4-3ef4-9b97-3d94df9fd918)
Oct 20 03:01:08 openeuler NetworkManager[354]: <info>  [1697742068.0158] device (enp0s5): Activation: starting connection 'Wired connection 3' (782645d7-b1fb-3efd-a43c-de4deb486bb9)
Oct 20 03:01:08 openeuler NetworkManager[354]: <info>  [1697742068.0166] device (enp0s4): state change: disconnected -> prepare (reason 'none', sys-iface-state: 'managed')
Oct 20 03:01:08 openeuler NetworkManager[354]: <info>  [1697742068.0196] device (enp0s4): state change: prepare -> config (reason 'none', sys-iface-state: 'managed')
Oct 20 03:01:08 openeuler NetworkManager[354]: <info>  [1697742068.0298] device (enp0s5): state change: disconnected -> prepare (reason 'none', sys-iface-state: 'managed')
Oct 20 03:01:08 openeuler NetworkManager[354]: <info>  [1697742068.0330] device (enp0s5): state change: prepare -> config (reason 'none', sys-iface-state: 'managed')
Oct 20 03:01:08 openeuler NetworkManager[354]: <info>  [1697742068.2965] device (enp0s4): state change: config -> ip-config (reason 'none', sys-iface-state: 'managed')
Oct 20 03:01:08 openeuler NetworkManager[354]: <info>  [1697742068.3048] dhcp4 (enp0s4): activation: beginning transaction (timeout in 45 seconds)
Oct 20 03:01:08 openeuler NetworkManager[354]: <info>  [1697742068.3525] dhcp4 (enp0s4): dhclient started with pid 951
Oct 20 03:01:08 openeuler NetworkManager[354]: <info>  [1697742068.5277] device (enp0s5): state change: config -> ip-config (reason 'none', sys-iface-state: 'managed')
Oct 20 03:01:08 openeuler NetworkManager[354]: <info>  [1697742068.5400] dhcp4 (enp0s5): activation: beginning transaction (timeout in 45 seconds)
Oct 20 03:01:08 openeuler dhclient[951]: DHCPDISCOVER on enp0s4 to 255.255.255.255 port 67 interval 5 (xid=0x832c1d7f)
Oct 20 03:01:08 openeuler NetworkManager[354]: <info>  [1697742068.5861] dhcp4 (enp0s5): dhclient started with pid 965
Oct 20 03:01:08 openeuler dhclient[965]: DHCPDISCOVER on enp0s5 to 255.255.255.255 port 67 interval 5 (xid=0xf5ef5b39)
Oct 20 03:01:10 openeuler dhclient[903]: DHCPDISCOVER on enp0s3 to 255.255.255.255 port 67 interval 6 (xid=0x99fa2646)
Oct 20 03:01:13 openeuler dhclient[951]: DHCPDISCOVER on enp0s4 to 255.255.255.255 port 67 interval 14 (xid=0x832c1d7f)
Oct 20 03:01:13 openeuler dhclient[965]: DHCPDISCOVER on enp0s5 to 255.255.255.255 port 67 interval 13 (xid=0xf5ef5b39)
Oct 20 03:01:16 openeuler sshd[910]: Connection closed by 10.0.2.2 port 47414
Oct 20 03:01:16 openeuler sshd[910]: Close session: user root from 10.0.2.2 port 47414 id 0
Oct 20 03:01:16 openeuler sshd[910]: Transferred: sent 2000, received 1568 bytes
Oct 20 03:01:16 openeuler sshd[910]: Closing connection to 10.0.2.2 port 47414
Oct 20 03:01:16 openeuler sshd[989]: Connection from 10.0.2.2 port 52846 on 10.0.2.15 port 22 rdomain ""
Oct 20 03:01:16 openeuler dhclient[903]: DHCPDISCOVER on enp0s3 to 255.255.255.255 port 67 interval 6 (xid=0x99fa2646)
Oct 20 03:01:16 openeuler sshd[989]: Accepted password for root from 10.0.2.2 port 52846 ssh2
Oct 20 03:01:16 openeuler sshd[989]: User child is on pid 991
Oct 20 03:01:16 openeuler sshd[991]: Starting session: command for root from 10.0.2.2 port 52846 id 0
Oct 20 03:01:18 openeuler NetworkManager[354]: <info>  [1697742078.8822] audit: op="connection-add" uuid="2b781621-af71-4d91-b9dd-7cf99d5eb682" name="enp0s3" pid=992 uid=0 result="success"
Oct 20 03:01:18 openeuler sshd[991]: Connection closed by 10.0.2.2 port 52846
Oct 20 03:01:18 openeuler sshd[991]: Close session: user root from 10.0.2.2 port 52846 id 0
Oct 20 03:01:18 openeuler sshd[991]: Transferred: sent 2064, received 1520 bytes
Oct 20 03:01:18 openeuler sshd[991]: Closing connection to 10.0.2.2 port 52846
Oct 20 03:01:19 openeuler sshd[1050]: Connection from 10.0.2.2 port 52852 on 10.0.2.15 port 22 rdomain ""
Oct 20 03:01:19 openeuler sshd[1050]: Accepted password for root from 10.0.2.2 port 52852 ssh2
Oct 20 03:01:19 openeuler sshd[1050]: User child is on pid 1052
Oct 20 03:01:19 openeuler sshd[1052]: Starting session: command for root from 10.0.2.2 port 52852 id 0
Oct 20 03:01:21 openeuler NetworkManager[354]: <info>  [1697742081.2781] agent-manager: agent[f3ef5ee57003bfcd,:1.12/nmcli-connect/0]: agent registered
Oct 20 03:01:21 openeuler NetworkManager[354]: <info>  [1697742081.2973] device (enp0s3): disconnecting for new activation request.
Oct 20 03:01:21 openeuler NetworkManager[354]: <info>  [1697742081.2977] device (enp0s3): state change: ip-config -> deactivating (reason 'new-activation', sys-iface-state: 'managed')
Oct 20 03:01:21 openeuler NetworkManager[354]: <info>  [1697742081.3055] audit: op="connection-activate" uuid="2b781621-af71-4d91-b9dd-7cf99d5eb682" name="enp0s3" pid=1053 uid=0 result="success"
Oct 20 03:01:21 openeuler dbus-daemon[302]: [system] Activating via systemd: service name='org.freedesktop.nm_dispatcher' unit='dbus-org.freedesktop.nm-dispatcher.service' requested by ':1.4' (uid=0 pid=354 comm="/usr/sbin/NetworkManager --no-daemon")
Oct 20 03:01:21 openeuler systemd[1]: Starting Network Manager Script Dispatcher Service...
Oct 20 03:01:21 openeuler dbus-daemon[302]: [system] Successfully activated service 'org.freedesktop.nm_dispatcher'
Oct 20 03:01:21 openeuler systemd[1]: Started Network Manager Script Dispatcher Service.
Oct 20 03:01:21 openeuler NetworkManager[354]: <info>  [1697742081.5432] device (enp0s3): state change: deactivating -> disconnected (reason 'new-activation', sys-iface-state: 'managed')
Oct 20 03:01:21 openeuler NetworkManager[354]: <info>  [1697742081.5698] dhcp4 (enp0s3): canceled DHCP transaction, DHCP client pid 903
Oct 20 03:01:21 openeuler NetworkManager[354]: <info>  [1697742081.5702] dhcp4 (enp0s3): state changed no lease
Oct 20 03:01:21 openeuler NetworkManager[354]: <info>  [1697742081.6937] device (enp0s3): Activation: starting connection 'enp0s3' (2b781621-af71-4d91-b9dd-7cf99d5eb682)
Oct 20 03:01:21 openeuler NetworkManager[354]: <info>  [1697742081.7108] device (enp0s3): state change: disconnected -> prepare (reason 'none', sys-iface-state: 'managed')
Oct 20 03:01:21 openeuler NetworkManager[354]: <info>  [1697742081.7148] device (enp0s3): state change: prepare -> config (reason 'none', sys-iface-state: 'managed')
Oct 20 03:01:21 openeuler NetworkManager[354]: <info>  [1697742081.9623] device (enp0s3): state change: config -> ip-config (reason 'none', sys-iface-state: 'managed')
Oct 20 03:01:22 openeuler NetworkManager[354]: <info>  [1697742082.0045] device (enp0s3): state change: ip-config -> ip-check (reason 'none', sys-iface-state: 'managed')
Oct 20 03:01:22 openeuler NetworkManager[354]: <info>  [1697742082.0895] device (enp0s3): state change: ip-check -> secondaries (reason 'none', sys-iface-state: 'managed')
Oct 20 03:01:22 openeuler NetworkManager[354]: <info>  [1697742082.0921] device (enp0s3): state change: secondaries -> activated (reason 'none', sys-iface-state: 'managed')
Oct 20 03:01:22 openeuler NetworkManager[354]: <info>  [1697742082.1002] device (enp0s3): Activation: successful, device activated.
Oct 20 03:01:22 openeuler sshd[1052]: Connection closed by 10.0.2.2 port 52852
Oct 20 03:01:22 openeuler sshd[1052]: Close session: user root from 10.0.2.2 port 52852 id 0
Oct 20 03:01:22 openeuler sshd[1052]: Transferred: sent 2080, received 1456 bytes
Oct 20 03:01:22 openeuler sshd[1052]: Closing connection to 10.0.2.2 port 52852
Oct 20 03:01:22 openeuler sshd[1126]: Connection from 10.0.2.2 port 52860 on 10.0.2.15 port 22 rdomain ""
Oct 20 03:01:22 openeuler sshd[1126]: Accepted password for root from 10.0.2.2 port 52860 ssh2
Oct 20 03:01:22 openeuler sshd[1126]: User child is on pid 1136
Oct 20 03:01:22 openeuler sshd[1136]: Starting session: command for root from 10.0.2.2 port 52860 id 0
Oct 20 03:01:24 openeuler sshd[1136]: Read error from remote host 10.0.2.2 port 52860: Connection reset by peer
Oct 20 03:01:24 openeuler sshd[1191]: Connection from 10.0.2.2 port 52862 on 10.0.2.15 port 22 rdomain ""
Oct 20 03:01:24 openeuler sshd[1191]: Accepted password for root from 10.0.2.2 port 52862 ssh2
Oct 20 03:01:24 openeuler sshd[1191]: User child is on pid 1193
Oct 20 03:01:24 openeuler sshd[1193]: Starting session: command for root from 10.0.2.2 port 52862 id 0
Oct 20 03:01:26 openeuler dhclient[965]: DHCPDISCOVER on enp0s5 to 255.255.255.255 port 67 interval 20 (xid=0xf5ef5b39)
Oct 20 03:01:27 openeuler dhclient[951]: DHCPDISCOVER on enp0s4 to 255.255.255.255 port 67 interval 7 (xid=0x832c1d7f)
Oct 20 03:01:29 openeuler sshd[1257]: Connection from 192.168.114.1 port 53630 on 192.168.114.1 port 22 rdomain ""
Oct 20 03:01:29 openeuler sshd[1257]: Accepted password for root from 192.168.114.1 port 53630 ssh2
Oct 20 03:01:29 openeuler sshd[1257]: User child is on pid 1260
Oct 20 03:01:29 openeuler sshd[1260]: Starting session: command for root from 192.168.114.1 port 53630 id 0
Oct 20 03:01:31 openeuler dbus-daemon[302]: [system] Activating via systemd: service name='org.freedesktop.hostname1' unit='dbus-org.freedesktop.hostname1.service' requested by ':1.14' (uid=0 pid=1315 comm="hostnamectl")
Oct 20 03:01:31 openeuler systemd[1]: Starting Hostname Service...
Oct 20 03:01:32 openeuler dbus-daemon[302]: [system] Successfully activated service 'org.freedesktop.hostname1'
Oct 20 03:01:32 openeuler systemd[1]: Started Hostname Service.
Oct 20 03:01:32 openeuler sshd[1260]: Close session: user root from 192.168.114.1 port 53630 id 0
Oct 20 03:01:32 openeuler sshd[1260]: Starting session: command for root from 192.168.114.1 port 53630 id 1
Oct 20 03:01:32 openeuler systemd[1]: NetworkManager-dispatcher.service: Deactivated successfully.
Oct 20 03:01:34 openeuler sshd[1260]: Starting session: command for root from 192.168.114.1 port 53630 id 0
Oct 20 03:01:34 openeuler sshd[1260]: Close session: user root from 192.168.114.1 port 53630 id 1
Oct 20 03:01:34 openeuler dhclient[951]: DHCPDISCOVER on enp0s4 to 255.255.255.255 port 67 interval 9 (xid=0x832c1d7f)
Oct 20 03:01:35 openeuler sshd[1260]: Starting session: command for root from 192.168.114.1 port 53630 id 1
Oct 20 03:01:35 openeuler sshd[1260]: Close session: user root from 192.168.114.1 port 53630 id 0
Oct 20 03:01:37 openeuler sshd[1260]: Starting session: command for root from 192.168.114.1 port 53630 id 0
Oct 20 03:01:37 openeuler sshd[1260]: Close session: user root from 192.168.114.1 port 53630 id 1
Oct 20 03:01:38 openeuler sshd[1260]: Connection closed by 192.168.114.1 port 53630
Oct 20 03:01:38 openeuler sshd[1260]: Close session: user root from 192.168.114.1 port 53630 id 0
Oct 20 03:01:38 openeuler sshd[1260]: Transferred: sent 2752, received 2144 bytes
Oct 20 03:01:38 openeuler sshd[1260]: Closing connection to 192.168.114.1 port 53630
Oct 20 03:01:38 openeuler sshd[1193]: Connection closed by 10.0.2.2 port 52862
Oct 20 03:01:38 openeuler sshd[1193]: Close session: user root from 10.0.2.2 port 52862 id 0
Oct 20 03:01:38 openeuler sshd[1193]: Transferred: sent 2048, received 1536 bytes
Oct 20 03:01:38 openeuler sshd[1193]: Closing connection to 10.0.2.2 port 52862
Oct 20 03:01:39 openeuler sshd[1546]: Connection from 10.0.2.2 port 48864 on 10.0.2.15 port 22 rdomain ""
Oct 20 03:01:39 openeuler sshd[1546]: Accepted password for root from 10.0.2.2 port 48864 ssh2
Oct 20 03:01:39 openeuler sshd[1546]: User child is on pid 1548
Oct 20 03:01:39 openeuler sshd[1548]: Starting session: command for root from 10.0.2.2 port 48864 id 0
Oct 20 03:01:43 openeuler dhclient[951]: DHCPDISCOVER on enp0s4 to 255.255.255.255 port 67 interval 18 (xid=0x832c1d7f)
Oct 20 03:01:46 openeuler dhclient[965]: DHCPDISCOVER on enp0s5 to 255.255.255.255 port 67 interval 10 (xid=0xf5ef5b39)
Oct 20 03:01:53 openeuler NetworkManager[354]: <info>  [1697742113.6324] device (enp0s4): state change: ip-config -> failed (reason 'ip-config-unavailable', sys-iface-state: 'managed')
Oct 20 03:01:53 openeuler NetworkManager[354]: <warn>  [1697742113.6377] device (enp0s4): Activation: failed for connection 'Wired connection 2'
Oct 20 03:01:53 openeuler NetworkManager[354]: <info>  [1697742113.6381] device (enp0s5): state change: ip-config -> failed (reason 'ip-config-unavailable', sys-iface-state: 'managed')
Oct 20 03:01:53 openeuler NetworkManager[354]: <warn>  [1697742113.6424] device (enp0s5): Activation: failed for connection 'Wired connection 3'
Oct 20 03:01:53 openeuler NetworkManager[354]: <info>  [1697742113.6460] device (enp0s4): state change: failed -> disconnected (reason 'none', sys-iface-state: 'managed')
Oct 20 03:01:53 openeuler NetworkManager[354]: <info>  [1697742113.6712] dhcp4 (enp0s4): canceled DHCP transaction, DHCP client pid 951
Oct 20 03:01:53 openeuler NetworkManager[354]: <info>  [1697742113.6719] dhcp4 (enp0s4): activation: beginning transaction (timeout in 45 seconds)
Oct 20 03:01:53 openeuler NetworkManager[354]: <info>  [1697742113.6723] dhcp4 (enp0s4): state changed no lease
Oct 20 03:01:53 openeuler NetworkManager[354]: <info>  [1697742113.8337] device (enp0s5): state change: failed -> disconnected (reason 'none', sys-iface-state: 'managed')
Oct 20 03:01:53 openeuler NetworkManager[354]: <info>  [1697742113.8633] dhcp4 (enp0s5): canceled DHCP transaction, DHCP client pid 965
Oct 20 03:01:53 openeuler NetworkManager[354]: <info>  [1697742113.8640] dhcp4 (enp0s5): activation: beginning transaction (timeout in 45 seconds)
Oct 20 03:01:53 openeuler NetworkManager[354]: <info>  [1697742113.8644] dhcp4 (enp0s5): state changed no lease
Oct 20 03:01:53 openeuler NetworkManager[354]: <info>  [1697742113.9873] policy: auto-activating connection 'Wired connection 2' (4a29acb3-afe4-3ef4-9b97-3d94df9fd918)
Oct 20 03:01:53 openeuler NetworkManager[354]: <info>  [1697742113.9899] policy: auto-activating connection 'Wired connection 3' (782645d7-b1fb-3efd-a43c-de4deb486bb9)
Oct 20 03:01:53 openeuler NetworkManager[354]: <info>  [1697742113.9968] device (enp0s4): Activation: starting connection 'Wired connection 2' (4a29acb3-afe4-3ef4-9b97-3d94df9fd918)
Oct 20 03:01:54 openeuler NetworkManager[354]: <info>  [1697742114.0004] device (enp0s5): Activation: starting connection 'Wired connection 3' (782645d7-b1fb-3efd-a43c-de4deb486bb9)
Oct 20 03:01:54 openeuler NetworkManager[354]: <info>  [1697742114.0018] device (enp0s4): state change: disconnected -> prepare (reason 'none', sys-iface-state: 'managed')
Oct 20 03:01:54 openeuler NetworkManager[354]: <info>  [1697742114.0054] device (enp0s4): state change: prepare -> config (reason 'none', sys-iface-state: 'managed')
Oct 20 03:01:54 openeuler NetworkManager[354]: <info>  [1697742114.0181] device (enp0s5): state change: disconnected -> prepare (reason 'none', sys-iface-state: 'managed')
Oct 20 03:01:54 openeuler NetworkManager[354]: <info>  [1697742114.0250] device (enp0s5): state change: prepare -> config (reason 'none', sys-iface-state: 'managed')
Oct 20 03:01:54 openeuler NetworkManager[354]: <info>  [1697742114.2577] device (enp0s4): state change: config -> ip-config (reason 'none', sys-iface-state: 'managed')
Oct 20 03:01:54 openeuler NetworkManager[354]: <info>  [1697742114.2661] dhcp4 (enp0s4): activation: beginning transaction (timeout in 45 seconds)
Oct 20 03:01:54 openeuler NetworkManager[354]: <info>  [1697742114.3106] dhcp4 (enp0s4): dhclient started with pid 1622
Oct 20 03:01:54 openeuler NetworkManager[354]: <info>  [1697742114.4443] device (enp0s5): state change: config -> ip-config (reason 'none', sys-iface-state: 'managed')
Oct 20 03:01:54 openeuler NetworkManager[354]: <info>  [1697742114.4527] dhcp4 (enp0s5): activation: beginning transaction (timeout in 45 seconds)
Oct 20 03:01:54 openeuler NetworkManager[354]: <info>  [1697742114.5009] dhcp4 (enp0s5): dhclient started with pid 1626
Oct 20 03:01:54 openeuler dhclient[1622]: DHCPDISCOVER on enp0s4 to 255.255.255.255 port 67 interval 4 (xid=0x85139c78)
Oct 20 03:01:54 openeuler dhclient[1626]: DHCPDISCOVER on enp0s5 to 255.255.255.255 port 67 interval 8 (xid=0xdb4bda3d)
Oct 20 03:01:56 openeuler sshd[1548]: Read error from remote host 10.0.2.2 port 48864: Connection reset by peer
Oct 20 03:01:56 openeuler sshd[1635]: Connection from 10.0.2.2 port 42796 on 10.0.2.15 port 22 rdomain ""
Oct 20 03:01:56 openeuler sshd[1635]: Failed publickey for root from 10.0.2.2 port 42796 ssh2: ED25519 SHA256:UZOrG9wWe2Aao+hFK6UqK5Rb+Vv1nYoP66E5znfRTwA
Oct 20 03:01:56 openeuler sshd[1635]: Accepted password for root from 10.0.2.2 port 42796 ssh2
Oct 20 03:01:56 openeuler sshd[1635]: User child is on pid 1638
Oct 20 03:01:56 openeuler sshd[1638]: Read error from remote host 10.0.2.2 port 42796: Connection reset by peer
Oct 20 03:01:56 openeuler sshd[1637]: Connection from 10.0.2.2 port 42800 on 10.0.2.15 port 22 rdomain ""
Oct 20 03:01:57 openeuler sshd[1637]: Accepted password for root from 10.0.2.2 port 42800 ssh2
Oct 20 03:01:57 openeuler sshd[1637]: User child is on pid 1640
Oct 20 03:01:57 openeuler sshd[1640]: Starting session: command for root from 10.0.2.2 port 42800 id 0
Oct 20 03:01:58 openeuler dhclient[1622]: DHCPDISCOVER on enp0s4 to 255.255.255.255 port 67 interval 4 (xid=0x85139c78)
Oct 20 03:02:02 openeuler systemd[1]: systemd-hostnamed.service: Deactivated successfully.
Oct 20 03:02:02 openeuler dhclient[1626]: DHCPDISCOVER on enp0s5 to 255.255.255.255 port 67 interval 10 (xid=0xdb4bda3d)
Oct 20 03:02:02 openeuler dhclient[1622]: DHCPDISCOVER on enp0s4 to 255.255.255.255 port 67 interval 4 (xid=0x85139c78)
Oct 20 03:02:06 openeuler dhclient[1622]: DHCPDISCOVER on enp0s4 to 255.255.255.255 port 67 interval 10 (xid=0x85139c78)
Oct 20 03:02:12 openeuler dhclient[1626]: DHCPDISCOVER on enp0s5 to 255.255.255.255 port 67 interval 10 (xid=0xdb4bda3d)
Oct 20 03:02:16 openeuler dhclient[1622]: DHCPDISCOVER on enp0s4 to 255.255.255.255 port 67 interval 14 (xid=0x85139c78)
Oct 20 03:02:22 openeuler dhclient[1626]: DHCPDISCOVER on enp0s5 to 255.255.255.255 port 67 interval 10 (xid=0xdb4bda3d)
Oct 20 03:02:30 openeuler dhclient[1622]: DHCPDISCOVER on enp0s4 to 255.255.255.255 port 67 interval 18 (xid=0x85139c78)
Oct 20 03:02:32 openeuler dhclient[1626]: DHCPDISCOVER on enp0s5 to 255.255.255.255 port 67 interval 20 (xid=0xdb4bda3d)
Oct 20 03:02:39 openeuler NetworkManager[354]: <info>  [1697742159.6327] device (enp0s4): state change: ip-config -> failed (reason 'ip-config-unavailable', sys-iface-state: 'managed')
Oct 20 03:02:39 openeuler NetworkManager[354]: <warn>  [1697742159.6407] device (enp0s4): Activation: failed for connection 'Wired connection 2'
Oct 20 03:02:39 openeuler NetworkManager[354]: <info>  [1697742159.6413] device (enp0s5): state change: ip-config -> failed (reason 'ip-config-unavailable', sys-iface-state: 'managed')
Oct 20 03:02:39 openeuler NetworkManager[354]: <warn>  [1697742159.6546] device (enp0s5): Activation: failed for connection 'Wired connection 3'
Oct 20 03:02:39 openeuler NetworkManager[354]: <info>  [1697742159.6580] device (enp0s4): state change: failed -> disconnected (reason 'none', sys-iface-state: 'managed')
Oct 20 03:02:39 openeuler NetworkManager[354]: <info>  [1697742159.7138] dhcp4 (enp0s4): canceled DHCP transaction, DHCP client pid 1622
Oct 20 03:02:39 openeuler NetworkManager[354]: <info>  [1697742159.7144] dhcp4 (enp0s4): activation: beginning transaction (timeout in 45 seconds)
Oct 20 03:02:39 openeuler NetworkManager[354]: <info>  [1697742159.7147] dhcp4 (enp0s4): state changed no lease
Oct 20 03:02:39 openeuler NetworkManager[354]: <info>  [1697742159.8437] device (enp0s5): state change: failed -> disconnected (reason 'none', sys-iface-state: 'managed')
