Oct 20 03:17:28 openeuler dhclient[9034]: DHCPDISCOVER on enp0s4 to 255.255.255.255 port 67 interval 21 (xid=0x8e3d5d6c)
Oct 20 03:17:30 openeuler systemd-timedated[9049]: chronyd.service: Disabling unit.
Oct 20 03:17:31 openeuler systemd[1]: Reloading requested from client PID 9049 ('systemd-timedat') (unit systemd-timedated.service)...
Oct 20 03:17:31 openeuler systemd[1]: Reloading.
Oct 20 03:17:31 openeuler dhclient[9042]: DHCPDISCOVER on enp0s5 to 255.255.255.255 port 67 interval 10 (xid=0x47fb2d3d)
Oct 20 03:17:32 openeuler chronyd[9094]: Selected source 84.16.67.12 (pool.ntp.org)
Oct 20 03:17:32 openeuler systemd[1]: /usr/lib/systemd/system/dbus.socket:5: ListenStream= references a path below legacy directory /var/run/, updating /var/run/dbus/system_bus_socket → /run/dbus/system_bus_socket; please update the unit file accordingly.
Oct 20 03:17:34 openeuler chronyd[9094]: chronyd exiting
Oct 20 03:17:34 openeuler systemd-timedated[9049]: Set NTP to disabled.
Oct 20 03:17:34 openeuler systemd[1]: Stopping NTP client/server...
Oct 20 03:17:34 openeuler systemd[1]: chronyd.service: Deactivated successfully.
Oct 20 03:17:34 openeuler systemd[1]: Stopped NTP client/server.
Aug 14 00:00:00 openeuler systemd-timedated[9049]: Changed local time to Wed 2019-08-14 00:00:00 CST
Aug 14 00:00:00 openeuler systemd-journald[181]: [ 1121.566383] Time jumped backwards, rotating.
Aug 14 00:00:00 openeuler rsyslogd[778]: imjournal: journal files changed, reloading...  [v8.2210.0 try https://www.rsyslog.com/e/0 ]
Aug 14 00:00:00 openeuler systemd[1]: Time has been changed
Aug 14 15:00:00 openeuler systemd[1]: Time has been changed
Aug 14 15:00:00 openeuler systemd-timedated[9049]: Changed local time to Wed 2019-08-14 15:00:00 CST
Aug 14 15:00:00 openeuler systemd-timedated[9049]: Changed time zone to 'Asia/Beijing' (CST).
Aug 14 15:00:00 openeuler systemd[1]: Starting dnf makecache...
Aug 14 15:00:00 openeuler dhclient[9042]: System time has been changed. Unable to use existing leases. Restarting
Aug 14 15:00:02 openeuler systemd-timedated[9049]: Changed time zone to 'Asia/Shanghai' (CST).
Aug 14 15:00:02 openeuler systemd-timedated[9049]: chronyd.service: Enabling unit.
Aug 14 15:00:02 openeuler systemd[1]: Reloading requested from client PID 9049 ('systemd-timedat') (unit systemd-timedated.service)...
Aug 14 15:00:02 openeuler systemd[1]: Reloading.
Aug 14 15:00:03 openeuler dnf[9137]: Failed determining last makecache time.
Aug 14 15:00:03 openeuler systemd[1]: /usr/lib/systemd/system/dbus.socket:5: ListenStream= references a path below legacy directory /var/run/, updating /var/run/dbus/system_bus_socket → /run/dbus/system_bus_socket; please update the unit file accordingly.
Aug 14 15:00:04 openeuler dnf[9137]: OS                                              0.0  B/s |   0  B     00:00
Aug 14 15:00:04 openeuler dnf[9137]: Errors during downloading metadata for repository 'OS':
Aug 14 15:00:04 openeuler dnf[9137]:  - Curl error (60): SSL peer certificate or SSH remote key was not OK for https://repo.tarsier-infra.com/openEuler-RISC-V/obs/hwobs_2309/repodata/repomd.xml [SSL certificate problem: certificate is not yet valid]
Aug 14 15:00:04 openeuler dnf[9137]: Error: Failed to download metadata for repo 'OS': Cannot download repomd.xml: Curl error (60): SSL peer certificate or SSH remote key was not OK for https://repo.tarsier-infra.com/openEuler-RISC-V/obs/hwobs_2309/repodata/repomd.xml [SSL certificate problem: certificate is not yet valid]
Aug 14 15:00:04 openeuler systemd[1]: dnf-makecache.service: Main process exited, code=exited, status=1/FAILURE
Aug 14 15:00:04 openeuler systemd[1]: dnf-makecache.service: Failed with result 'exit-code'.
Aug 14 15:00:04 openeuler systemd[1]: Failed to start dnf makecache.
Aug 14 15:00:05 openeuler systemd-timedated[9049]: Set NTP to enabled (chronyd.service).
Oct 20 03:17:16 openeuler systemd[1]: Starting NTP client/server...
Oct 20 03:17:16 openeuler systemd-journald[181]: [ 1127.081898] Oldest entry in /run/log/journal/6e37af0bdae444699af81731a834f3e3/system.journal is older than the configured file retention duration (1month), suggesting rotation.
Oct 20 03:17:16 openeuler systemd-journald[181]: [ 1127.082753] /run/log/journal/6e37af0bdae444699af81731a834f3e3/system.journal: Journal header limits reached or header out-of-date, rotating.
Oct 20 03:17:16 openeuler rsyslogd[778]: imjournal: journal files changed, reloading...  [v8.2210.0 try https://www.rsyslog.com/e/0 ]
Oct 20 03:17:16 openeuler systemd[1]: Time has been changed
Oct 20 03:17:16 openeuler chronyd[9166]: chronyd version 4.3 starting (+CMDMON +NTP +REFCLOCK +RTC +PRIVDROP +SCFILTER +SIGND +ASYNCDNS +NTS +SECHASH +IPV6 +DEBUG)
Oct 20 03:17:16 openeuler chronyd[9166]: Frequency -1.166 +/- 2.710 ppm read from /var/lib/chrony/drift
Oct 20 03:17:16 openeuler systemd[1]: Started NTP client/server.
Oct 20 03:17:19 openeuler dhclient[9034]: System time has been changed. Unable to use existing leases. Restarting
Oct 20 03:17:22 openeuler chronyd[9166]: Selected source 202.118.1.130 (pool.ntp.org)
Oct 20 03:17:52 openeuler chronyd[9166]: System clock wrong by 29.566014 seconds
Oct 20 03:17:52 openeuler systemd[1]: Time has been changed
Oct 20 03:17:52 openeuler chronyd[9166]: System clock was stepped by 29.566014 seconds
Oct 20 03:18:01 openeuler NetworkManager[354]: <info>  [1697743081.6535] device (enp0s4): state change: ip-config -> failed (reason 'ip-config-unavailable', sys-iface-state: 'managed')
Oct 20 03:18:01 openeuler NetworkManager[354]: <warn>  [1697743081.6609] device (enp0s4): Activation: failed for connection 'Wired connection 2'
Oct 20 03:18:01 openeuler NetworkManager[354]: <info>  [1697743081.6615] device (enp0s5): state change: ip-config -> failed (reason 'ip-config-unavailable', sys-iface-state: 'managed')
Oct 20 03:18:01 openeuler NetworkManager[354]: <warn>  [1697743081.6660] device (enp0s5): Activation: failed for connection 'Wired connection 3'
Oct 20 03:18:01 openeuler NetworkManager[354]: <info>  [1697743081.6708] device (enp0s4): state change: failed -> disconnected (reason 'none', sys-iface-state: 'managed')
Oct 20 03:18:01 openeuler NetworkManager[354]: <info>  [1697743081.7060] dhcp4 (enp0s4): canceled DHCP transaction, DHCP client pid 9034
Oct 20 03:18:01 openeuler NetworkManager[354]: <info>  [1697743081.7063] dhcp4 (enp0s4): activation: beginning transaction (timeout in 45 seconds)
Oct 20 03:18:01 openeuler NetworkManager[354]: <info>  [1697743081.7066] dhcp4 (enp0s4): state changed no lease
Oct 20 03:18:01 openeuler NetworkManager[354]: <info>  [1697743081.8309] device (enp0s5): state change: failed -> disconnected (reason 'none', sys-iface-state: 'managed')
Oct 20 03:18:01 openeuler NetworkManager[354]: <info>  [1697743081.8550] dhcp4 (enp0s5): canceled DHCP transaction, DHCP client pid 9042
Oct 20 03:18:01 openeuler NetworkManager[354]: <info>  [1697743081.8554] dhcp4 (enp0s5): activation: beginning transaction (timeout in 45 seconds)
Oct 20 03:18:01 openeuler NetworkManager[354]: <info>  [1697743081.8556] dhcp4 (enp0s5): state changed no lease
Oct 20 03:18:01 openeuler NetworkManager[354]: <info>  [1697743081.9890] policy: auto-activating connection 'Wired connection 2' (4a29acb3-afe4-3ef4-9b97-3d94df9fd918)
Oct 20 03:18:01 openeuler NetworkManager[354]: <info>  [1697743081.9913] policy: auto-activating connection 'Wired connection 3' (782645d7-b1fb-3efd-a43c-de4deb486bb9)
Oct 20 03:18:01 openeuler NetworkManager[354]: <info>  [1697743081.9950] device (enp0s4): Activation: starting connection 'Wired connection 2' (4a29acb3-afe4-3ef4-9b97-3d94df9fd918)
Oct 20 03:18:02 openeuler NetworkManager[354]: <info>  [1697743081.9974] device (enp0s5): Activation: starting connection 'Wired connection 3' (782645d7-b1fb-3efd-a43c-de4deb486bb9)
Oct 20 03:18:02 openeuler NetworkManager[354]: <info>  [1697743081.9982] device (enp0s4): state change: disconnected -> prepare (reason 'none', sys-iface-state: 'managed')
Oct 20 03:18:02 openeuler NetworkManager[354]: <info>  [1697743082.0024] device (enp0s4): state change: prepare -> config (reason 'none', sys-iface-state: 'managed')
Oct 20 03:18:02 openeuler NetworkManager[354]: <info>  [1697743082.0089] device (enp0s5): state change: disconnected -> prepare (reason 'none', sys-iface-state: 'managed')
Oct 20 03:18:02 openeuler NetworkManager[354]: <info>  [1697743082.0121] device (enp0s5): state change: prepare -> config (reason 'none', sys-iface-state: 'managed')
Oct 20 03:18:02 openeuler NetworkManager[354]: <info>  [1697743082.2549] device (enp0s4): state change: config -> ip-config (reason 'none', sys-iface-state: 'managed')
Oct 20 03:18:02 openeuler NetworkManager[354]: <info>  [1697743082.2610] dhcp4 (enp0s4): activation: beginning transaction (timeout in 45 seconds)
Oct 20 03:18:02 openeuler NetworkManager[354]: <info>  [1697743082.2995] dhcp4 (enp0s4): dhclient started with pid 9263
Oct 20 03:18:02 openeuler NetworkManager[354]: <info>  [1697743082.4374] device (enp0s5): state change: config -> ip-config (reason 'none', sys-iface-state: 'managed')
Oct 20 03:18:02 openeuler NetworkManager[354]: <info>  [1697743082.4453] dhcp4 (enp0s5): activation: beginning transaction (timeout in 45 seconds)
Oct 20 03:18:02 openeuler dhclient[9263]: DHCPDISCOVER on enp0s4 to 255.255.255.255 port 67 interval 8 (xid=0x3f403f4b)
Oct 20 03:18:02 openeuler NetworkManager[354]: <info>  [1697743082.4856] dhcp4 (enp0s5): dhclient started with pid 9270
Oct 20 03:18:02 openeuler dhclient[9270]: DHCPDISCOVER on enp0s5 to 255.255.255.255 port 67 interval 4 (xid=0xa75f712)
Oct 20 03:18:06 openeuler dhclient[9270]: DHCPDISCOVER on enp0s5 to 255.255.255.255 port 67 interval 6 (xid=0xa75f712)
Oct 20 03:18:10 openeuler dhclient[9263]: DHCPDISCOVER on enp0s4 to 255.255.255.255 port 67 interval 8 (xid=0x3f403f4b)
Oct 20 03:18:12 openeuler dhclient[9270]: DHCPDISCOVER on enp0s5 to 255.255.255.255 port 67 interval 10 (xid=0xa75f712)
Oct 20 03:18:16 openeuler systemd[1]: systemd-timedated.service: Deactivated successfully.
Oct 20 03:18:18 openeuler dhclient[9263]: DHCPDISCOVER on enp0s4 to 255.255.255.255 port 67 interval 14 (xid=0x3f403f4b)
Oct 20 03:18:22 openeuler dhclient[9270]: DHCPDISCOVER on enp0s5 to 255.255.255.255 port 67 interval 13 (xid=0xa75f712)
Oct 20 03:18:32 openeuler dhclient[9263]: DHCPDISCOVER on enp0s4 to 255.255.255.255 port 67 interval 7 (xid=0x3f403f4b)
Oct 20 03:18:35 openeuler dhclient[9270]: DHCPDISCOVER on enp0s5 to 255.255.255.255 port 67 interval 7 (xid=0xa75f712)
Oct 20 03:18:39 openeuler dhclient[9263]: DHCPDISCOVER on enp0s4 to 255.255.255.255 port 67 interval 14 (xid=0x3f403f4b)
Oct 20 03:18:42 openeuler dhclient[9270]: DHCPDISCOVER on enp0s5 to 255.255.255.255 port 67 interval 8 (xid=0xa75f712)
Oct 20 03:18:47 openeuler NetworkManager[354]: <info>  [1697743127.6539] device (enp0s4): state change: ip-config -> failed (reason 'ip-config-unavailable', sys-iface-state: 'managed')
Oct 20 03:18:47 openeuler NetworkManager[354]: <warn>  [1697743127.6619] device (enp0s4): Activation: failed for connection 'Wired connection 2'
Oct 20 03:18:47 openeuler NetworkManager[354]: <info>  [1697743127.6626] device (enp0s5): state change: ip-config -> failed (reason 'ip-config-unavailable', sys-iface-state: 'managed')
Oct 20 03:18:47 openeuler NetworkManager[354]: <warn>  [1697743127.6706] device (enp0s5): Activation: failed for connection 'Wired connection 3'
Oct 20 03:18:47 openeuler NetworkManager[354]: <info>  [1697743127.6776] device (enp0s4): state change: failed -> disconnected (reason 'none', sys-iface-state: 'managed')
Oct 20 03:18:47 openeuler NetworkManager[354]: <info>  [1697743127.7151] dhcp4 (enp0s4): canceled DHCP transaction, DHCP client pid 9263
Oct 20 03:18:47 openeuler NetworkManager[354]: <info>  [1697743127.7156] dhcp4 (enp0s4): activation: beginning transaction (timeout in 45 seconds)
Oct 20 03:18:47 openeuler NetworkManager[354]: <info>  [1697743127.7159] dhcp4 (enp0s4): state changed no lease
Oct 20 03:18:47 openeuler NetworkManager[354]: <info>  [1697743127.8679] device (enp0s5): state change: failed -> disconnected (reason 'none', sys-iface-state: 'managed')
Oct 20 03:18:47 openeuler NetworkManager[354]: <info>  [1697743127.8918] dhcp4 (enp0s5): canceled DHCP transaction, DHCP client pid 9270
Oct 20 03:18:47 openeuler NetworkManager[354]: <info>  [1697743127.8922] dhcp4 (enp0s5): activation: beginning transaction (timeout in 45 seconds)
Oct 20 03:18:47 openeuler NetworkManager[354]: <info>  [1697743127.8925] dhcp4 (enp0s5): state changed no lease
Oct 20 03:23:47 openeuler NetworkManager[354]: <info>  [1697743427.6666] policy: auto-activating connection 'Wired connection 2' (4a29acb3-afe4-3ef4-9b97-3d94df9fd918)
Oct 20 03:23:47 openeuler NetworkManager[354]: <info>  [1697743427.6698] policy: auto-activating connection 'Wired connection 3' (782645d7-b1fb-3efd-a43c-de4deb486bb9)
Oct 20 03:23:47 openeuler NetworkManager[354]: <info>  [1697743427.6761] device (enp0s4): Activation: starting connection 'Wired connection 2' (4a29acb3-afe4-3ef4-9b97-3d94df9fd918)
Oct 20 03:23:47 openeuler NetworkManager[354]: <info>  [1697743427.6802] device (enp0s5): Activation: starting connection 'Wired connection 3' (782645d7-b1fb-3efd-a43c-de4deb486bb9)
Oct 20 03:23:47 openeuler NetworkManager[354]: <info>  [1697743427.6823] device (enp0s4): state change: disconnected -> prepare (reason 'none', sys-iface-state: 'managed')
Oct 20 03:23:47 openeuler NetworkManager[354]: <info>  [1697743427.6877] device (enp0s4): state change: prepare -> config (reason 'none', sys-iface-state: 'managed')
Oct 20 03:23:47 openeuler NetworkManager[354]: <info>  [1697743427.6961] device (enp0s5): state change: disconnected -> prepare (reason 'none', sys-iface-state: 'managed')
Oct 20 03:23:47 openeuler NetworkManager[354]: <info>  [1697743427.7016] device (enp0s5): state change: prepare -> config (reason 'none', sys-iface-state: 'managed')
Oct 20 03:23:47 openeuler NetworkManager[354]: <info>  [1697743427.9091] device (enp0s4): state change: config -> ip-config (reason 'none', sys-iface-state: 'managed')
Oct 20 03:23:47 openeuler NetworkManager[354]: <info>  [1697743427.9170] dhcp4 (enp0s4): activation: beginning transaction (timeout in 45 seconds)
Oct 20 03:23:47 openeuler NetworkManager[354]: <info>  [1697743427.9571] dhcp4 (enp0s4): dhclient started with pid 9369
Oct 20 03:23:48 openeuler NetworkManager[354]: <info>  [1697743428.1483] device (enp0s5): state change: config -> ip-config (reason 'none', sys-iface-state: 'managed')
Oct 20 03:23:48 openeuler NetworkManager[354]: <info>  [1697743428.1554] dhcp4 (enp0s5): activation: beginning transaction (timeout in 45 seconds)
Oct 20 03:23:48 openeuler dhclient[9369]: DHCPDISCOVER on enp0s4 to 255.255.255.255 port 67 interval 7 (xid=0x714d0b17)
Oct 20 03:23:48 openeuler NetworkManager[354]: <info>  [1697743428.1853] dhcp4 (enp0s5): dhclient started with pid 9377
Oct 20 03:23:48 openeuler dhclient[9377]: DHCPDISCOVER on enp0s5 to 255.255.255.255 port 67 interval 3 (xid=0xcd879c7e)
Oct 20 03:23:51 openeuler dhclient[9377]: DHCPDISCOVER on enp0s5 to 255.255.255.255 port 67 interval 8 (xid=0xcd879c7e)
Oct 20 03:23:55 openeuler dhclient[9369]: DHCPDISCOVER on enp0s4 to 255.255.255.255 port 67 interval 10 (xid=0x714d0b17)
Oct 20 03:23:59 openeuler dhclient[9377]: DHCPDISCOVER on enp0s5 to 255.255.255.255 port 67 interval 14 (xid=0xcd879c7e)
Oct 20 03:24:05 openeuler dhclient[9369]: DHCPDISCOVER on enp0s4 to 255.255.255.255 port 67 interval 12 (xid=0x714d0b17)
Oct 20 03:24:13 openeuler dhclient[9377]: DHCPDISCOVER on enp0s5 to 255.255.255.255 port 67 interval 17 (xid=0xcd879c7e)
Oct 20 03:24:17 openeuler dhclient[9369]: DHCPDISCOVER on enp0s4 to 255.255.255.255 port 67 interval 13 (xid=0x714d0b17)
Oct 20 03:24:30 openeuler dhclient[9369]: DHCPDISCOVER on enp0s4 to 255.255.255.255 port 67 interval 10 (xid=0x714d0b17)
Oct 20 03:24:30 openeuler dhclient[9377]: DHCPDISCOVER on enp0s5 to 255.255.255.255 port 67 interval 18 (xid=0xcd879c7e)
Oct 20 03:24:33 openeuler NetworkManager[354]: <info>  [1697743473.6458] device (enp0s4): state change: ip-config -> failed (reason 'ip-config-unavailable', sys-iface-state: 'managed')
Oct 20 03:24:33 openeuler NetworkManager[354]: <warn>  [1697743473.6533] device (enp0s4): Activation: failed for connection 'Wired connection 2'
Oct 20 03:24:33 openeuler NetworkManager[354]: <info>  [1697743473.6539] device (enp0s5): state change: ip-config -> failed (reason 'ip-config-unavailable', sys-iface-state: 'managed')
Oct 20 03:24:33 openeuler NetworkManager[354]: <warn>  [1697743473.6595] device (enp0s5): Activation: failed for connection 'Wired connection 3'
Oct 20 03:24:33 openeuler NetworkManager[354]: <info>  [1697743473.6649] device (enp0s4): state change: failed -> disconnected (reason 'none', sys-iface-state: 'managed')
Oct 20 03:24:33 openeuler NetworkManager[354]: <info>  [1697743473.7021] dhcp4 (enp0s4): canceled DHCP transaction, DHCP client pid 9369
Oct 20 03:24:33 openeuler NetworkManager[354]: <info>  [1697743473.7026] dhcp4 (enp0s4): activation: beginning transaction (timeout in 45 seconds)
Oct 20 03:24:33 openeuler NetworkManager[354]: <info>  [1697743473.7028] dhcp4 (enp0s4): state changed no lease
Oct 20 03:24:33 openeuler NetworkManager[354]: <info>  [1697743473.8306] device (enp0s5): state change: failed -> disconnected (reason 'none', sys-iface-state: 'managed')
Oct 20 03:24:33 openeuler NetworkManager[354]: <info>  [1697743473.8660] dhcp4 (enp0s5): canceled DHCP transaction, DHCP client pid 9377
Oct 20 03:24:33 openeuler NetworkManager[354]: <info>  [1697743473.8665] dhcp4 (enp0s5): activation: beginning transaction (timeout in 45 seconds)
Oct 20 03:24:33 openeuler NetworkManager[354]: <info>  [1697743473.8667] dhcp4 (enp0s5): state changed no lease
Oct 20 03:24:33 openeuler NetworkManager[354]: <info>  [1697743473.9841] policy: auto-activating connection 'Wired connection 2' (4a29acb3-afe4-3ef4-9b97-3d94df9fd918)
Oct 20 03:24:33 openeuler NetworkManager[354]: <info>  [1697743473.9867] policy: auto-activating connection 'Wired connection 3' (782645d7-b1fb-3efd-a43c-de4deb486bb9)
Oct 20 03:24:33 openeuler NetworkManager[354]: <info>  [1697743473.9909] device (enp0s4): Activation: starting connection 'Wired connection 2' (4a29acb3-afe4-3ef4-9b97-3d94df9fd918)
Oct 20 03:24:33 openeuler NetworkManager[354]: <info>  [1697743473.9943] device (enp0s5): Activation: starting connection 'Wired connection 3' (782645d7-b1fb-3efd-a43c-de4deb486bb9)
Oct 20 03:24:33 openeuler NetworkManager[354]: <info>  [1697743473.9955] device (enp0s4): state change: disconnected -> prepare (reason 'none', sys-iface-state: 'managed')
Oct 20 03:24:33 openeuler NetworkManager[354]: <info>  [1697743473.9990] device (enp0s4): state change: prepare -> config (reason 'none', sys-iface-state: 'managed')
Oct 20 03:24:34 openeuler NetworkManager[354]: <info>  [1697743474.0045] device (enp0s5): state change: disconnected -> prepare (reason 'none', sys-iface-state: 'managed')
Oct 20 03:24:34 openeuler NetworkManager[354]: <info>  [1697743474.0098] device (enp0s5): state change: prepare -> config (reason 'none', sys-iface-state: 'managed')
Oct 20 03:24:34 openeuler NetworkManager[354]: <info>  [1697743474.1904] device (enp0s4): state change: config -> ip-config (reason 'none', sys-iface-state: 'managed')
Oct 20 03:24:34 openeuler NetworkManager[354]: <info>  [1697743474.1959] dhcp4 (enp0s4): activation: beginning transaction (timeout in 45 seconds)
Oct 20 03:24:34 openeuler NetworkManager[354]: <info>  [1697743474.2232] dhcp4 (enp0s4): dhclient started with pid 9400
Oct 20 03:24:34 openeuler NetworkManager[354]: <info>  [1697743474.3671] device (enp0s5): state change: config -> ip-config (reason 'none', sys-iface-state: 'managed')
Oct 20 03:24:34 openeuler NetworkManager[354]: <info>  [1697743474.3774] dhcp4 (enp0s5): activation: beginning transaction (timeout in 45 seconds)
Oct 20 03:24:34 openeuler dhclient[9400]: DHCPDISCOVER on enp0s4 to 255.255.255.255 port 67 interval 3 (xid=0xc1285006)
Oct 20 03:24:34 openeuler NetworkManager[354]: <info>  [1697743474.4066] dhcp4 (enp0s5): dhclient started with pid 9407
Oct 20 03:24:34 openeuler dhclient[9407]: DHCPDISCOVER on enp0s5 to 255.255.255.255 port 67 interval 7 (xid=0xe59a4538)
Oct 20 03:24:37 openeuler dhclient[9400]: DHCPDISCOVER on enp0s4 to 255.255.255.255 port 67 interval 8 (xid=0xc1285006)
Oct 20 03:24:41 openeuler dhclient[9407]: DHCPDISCOVER on enp0s5 to 255.255.255.255 port 67 interval 10 (xid=0xe59a4538)
Oct 20 03:24:45 openeuler dhclient[9400]: DHCPDISCOVER on enp0s4 to 255.255.255.255 port 67 interval 12 (xid=0xc1285006)
Oct 20 03:24:51 openeuler dhclient[9407]: DHCPDISCOVER on enp0s5 to 255.255.255.255 port 67 interval 13 (xid=0xe59a4538)
Oct 20 03:24:57 openeuler dhclient[9400]: DHCPDISCOVER on enp0s4 to 255.255.255.255 port 67 interval 9 (xid=0xc1285006)
Oct 20 03:25:04 openeuler dhclient[9407]: DHCPDISCOVER on enp0s5 to 255.255.255.255 port 67 interval 15 (xid=0xe59a4538)
Oct 20 03:25:06 openeuler dhclient[9400]: DHCPDISCOVER on enp0s4 to 255.255.255.255 port 67 interval 17 (xid=0xc1285006)
Oct 20 03:25:19 openeuler dhclient[9407]: DHCPDISCOVER on enp0s5 to 255.255.255.255 port 67 interval 9 (xid=0xe59a4538)
Oct 20 03:25:19 openeuler NetworkManager[354]: <info>  [1697743519.6538] device (enp0s4): state change: ip-config -> failed (reason 'ip-config-unavailable', sys-iface-state: 'managed')
Oct 20 03:25:19 openeuler NetworkManager[354]: <warn>  [1697743519.6619] device (enp0s4): Activation: failed for connection 'Wired connection 2'
Oct 20 03:25:19 openeuler NetworkManager[354]: <info>  [1697743519.6625] device (enp0s5): state change: ip-config -> failed (reason 'ip-config-unavailable', sys-iface-state: 'managed')
Oct 20 03:25:19 openeuler NetworkManager[354]: <warn>  [1697743519.6696] device (enp0s5): Activation: failed for connection 'Wired connection 3'
Oct 20 03:25:19 openeuler NetworkManager[354]: <info>  [1697743519.6751] device (enp0s4): state change: failed -> disconnected (reason 'none', sys-iface-state: 'managed')
Oct 20 03:25:19 openeuler NetworkManager[354]: <info>  [1697743519.7042] dhcp4 (enp0s4): canceled DHCP transaction, DHCP client pid 9400
Oct 20 03:25:19 openeuler NetworkManager[354]: <info>  [1697743519.7048] dhcp4 (enp0s4): activation: beginning transaction (timeout in 45 seconds)
Oct 20 03:25:19 openeuler NetworkManager[354]: <info>  [1697743519.7051] dhcp4 (enp0s4): state changed no lease
Oct 20 03:25:19 openeuler NetworkManager[354]: <info>  [1697743519.8224] device (enp0s5): state change: failed -> disconnected (reason 'none', sys-iface-state: 'managed')
Oct 20 03:25:19 openeuler NetworkManager[354]: <info>  [1697743519.8593] dhcp4 (enp0s5): canceled DHCP transaction, DHCP client pid 9407
Oct 20 03:25:19 openeuler NetworkManager[354]: <info>  [1697743519.8597] dhcp4 (enp0s5): activation: beginning transaction (timeout in 45 seconds)
Oct 20 03:25:19 openeuler NetworkManager[354]: <info>  [1697743519.8600] dhcp4 (enp0s5): state changed no lease
Oct 20 03:25:19 openeuler NetworkManager[354]: <info>  [1697743519.9935] policy: auto-activating connection 'Wired connection 2' (4a29acb3-afe4-3ef4-9b97-3d94df9fd918)
Oct 20 03:25:20 openeuler NetworkManager[354]: <info>  [1697743519.9990] policy: auto-activating connection 'Wired connection 3' (782645d7-b1fb-3efd-a43c-de4deb486bb9)
Oct 20 03:25:20 openeuler NetworkManager[354]: <info>  [1697743520.0079] device (enp0s4): Activation: starting connection 'Wired connection 2' (4a29acb3-afe4-3ef4-9b97-3d94df9fd918)
Oct 20 03:25:20 openeuler NetworkManager[354]: <info>  [1697743520.0134] device (enp0s5): Activation: starting connection 'Wired connection 3' (782645d7-b1fb-3efd-a43c-de4deb486bb9)
Oct 20 03:25:20 openeuler NetworkManager[354]: <info>  [1697743520.0154] device (enp0s4): state change: disconnected -> prepare (reason 'none', sys-iface-state: 'managed')
Oct 20 03:25:20 openeuler NetworkManager[354]: <info>  [1697743520.0223] device (enp0s4): state change: prepare -> config (reason 'none', sys-iface-state: 'managed')
Oct 20 03:25:20 openeuler NetworkManager[354]: <info>  [1697743520.0301] device (enp0s5): state change: disconnected -> prepare (reason 'none', sys-iface-state: 'managed')
Oct 20 03:25:20 openeuler NetworkManager[354]: <info>  [1697743520.0344] device (enp0s5): state change: prepare -> config (reason 'none', sys-iface-state: 'managed')
Oct 20 03:25:20 openeuler NetworkManager[354]: <info>  [1697743520.2489] device (enp0s4): state change: config -> ip-config (reason 'none', sys-iface-state: 'managed')
Oct 20 03:25:20 openeuler NetworkManager[354]: <info>  [1697743520.2574] dhcp4 (enp0s4): activation: beginning transaction (timeout in 45 seconds)
Oct 20 03:25:20 openeuler NetworkManager[354]: <info>  [1697743520.2972] dhcp4 (enp0s4): dhclient started with pid 9430
Oct 20 03:25:20 openeuler NetworkManager[354]: <info>  [1697743520.4340] device (enp0s5): state change: config -> ip-config (reason 'none', sys-iface-state: 'managed')
Oct 20 03:25:20 openeuler NetworkManager[354]: <info>  [1697743520.4403] dhcp4 (enp0s5): activation: beginning transaction (timeout in 45 seconds)
Oct 20 03:25:20 openeuler NetworkManager[354]: <info>  [1697743520.4698] dhcp4 (enp0s5): dhclient started with pid 9436
Oct 20 03:25:20 openeuler dhclient[9430]: DHCPDISCOVER on enp0s4 to 255.255.255.255 port 67 interval 7 (xid=0x7a92d069)
Oct 20 03:25:20 openeuler dhclient[9436]: DHCPDISCOVER on enp0s5 to 255.255.255.255 port 67 interval 5 (xid=0xe1436234)
Oct 20 03:25:25 openeuler dhclient[9436]: DHCPDISCOVER on enp0s5 to 255.255.255.255 port 67 interval 10 (xid=0xe1436234)
Oct 20 03:25:27 openeuler dhclient[9430]: DHCPDISCOVER on enp0s4 to 255.255.255.255 port 67 interval 20 (xid=0x7a92d069)
Oct 20 03:25:35 openeuler dhclient[9436]: DHCPDISCOVER on enp0s5 to 255.255.255.255 port 67 interval 14 (xid=0xe1436234)
Oct 20 03:25:47 openeuler dhclient[9430]: DHCPDISCOVER on enp0s4 to 255.255.255.255 port 67 interval 8 (xid=0x7a92d069)
Oct 20 03:25:49 openeuler dhclient[9436]: DHCPDISCOVER on enp0s5 to 255.255.255.255 port 67 interval 15 (xid=0xe1436234)
Oct 20 03:25:55 openeuler dhclient[9430]: DHCPDISCOVER on enp0s4 to 255.255.255.255 port 67 interval 15 (xid=0x7a92d069)
Oct 20 03:26:04 openeuler dhclient[9436]: DHCPDISCOVER on enp0s5 to 255.255.255.255 port 67 interval 8 (xid=0xe1436234)
Oct 20 03:26:05 openeuler NetworkManager[354]: <info>  [1697743565.6535] device (enp0s4): state change: ip-config -> failed (reason 'ip-config-unavailable', sys-iface-state: 'managed')
Oct 20 03:26:05 openeuler NetworkManager[354]: <warn>  [1697743565.6605] device (enp0s4): Activation: failed for connection 'Wired connection 2'
Oct 20 03:26:05 openeuler NetworkManager[354]: <info>  [1697743565.6613] device (enp0s5): state change: ip-config -> failed (reason 'ip-config-unavailable', sys-iface-state: 'managed')
Oct 20 03:26:05 openeuler NetworkManager[354]: <warn>  [1697743565.6685] device (enp0s5): Activation: failed for connection 'Wired connection 3'
Oct 20 03:26:05 openeuler NetworkManager[354]: <info>  [1697743565.6745] device (enp0s4): state change: failed -> disconnected (reason 'none', sys-iface-state: 'managed')
Oct 20 03:26:05 openeuler NetworkManager[354]: <info>  [1697743565.7308] dhcp4 (enp0s4): canceled DHCP transaction, DHCP client pid 9430
Oct 20 03:26:05 openeuler NetworkManager[354]: <info>  [1697743565.7313] dhcp4 (enp0s4): activation: beginning transaction (timeout in 45 seconds)
Oct 20 03:26:05 openeuler NetworkManager[354]: <info>  [1697743565.7316] dhcp4 (enp0s4): state changed no lease
Oct 20 03:26:05 openeuler NetworkManager[354]: <info>  [1697743565.9042] device (enp0s5): state change: failed -> disconnected (reason 'none', sys-iface-state: 'managed')
Oct 20 03:26:05 openeuler NetworkManager[354]: <info>  [1697743565.9421] dhcp4 (enp0s5): canceled DHCP transaction, DHCP client pid 9436
Oct 20 03:26:05 openeuler NetworkManager[354]: <info>  [1697743565.9424] dhcp4 (enp0s5): activation: beginning transaction (timeout in 45 seconds)
Oct 20 03:26:05 openeuler NetworkManager[354]: <info>  [1697743565.9426] dhcp4 (enp0s5): state changed no lease
Oct 20 03:26:06 openeuler NetworkManager[354]: <info>  [1697743566.0671] policy: auto-activating connection 'Wired connection 2' (4a29acb3-afe4-3ef4-9b97-3d94df9fd918)
Oct 20 03:26:06 openeuler NetworkManager[354]: <info>  [1697743566.0718] policy: auto-activating connection 'Wired connection 3' (782645d7-b1fb-3efd-a43c-de4deb486bb9)
Oct 20 03:26:06 openeuler NetworkManager[354]: <info>  [1697743566.0790] device (enp0s4): Activation: starting connection 'Wired connection 2' (4a29acb3-afe4-3ef4-9b97-3d94df9fd918)
Oct 20 03:26:06 openeuler NetworkManager[354]: <info>  [1697743566.0841] device (enp0s5): Activation: starting connection 'Wired connection 3' (782645d7-b1fb-3efd-a43c-de4deb486bb9)
Oct 20 03:26:06 openeuler NetworkManager[354]: <info>  [1697743566.0862] device (enp0s4): state change: disconnected -> prepare (reason 'none', sys-iface-state: 'managed')
Oct 20 03:26:06 openeuler NetworkManager[354]: <info>  [1697743566.0923] device (enp0s4): state change: prepare -> config (reason 'none', sys-iface-state: 'managed')
Oct 20 03:26:06 openeuler NetworkManager[354]: <info>  [1697743566.1022] device (enp0s5): state change: disconnected -> prepare (reason 'none', sys-iface-state: 'managed')
Oct 20 03:26:06 openeuler NetworkManager[354]: <info>  [1697743566.1080] device (enp0s5): state change: prepare -> config (reason 'none', sys-iface-state: 'managed')
Oct 20 03:26:06 openeuler NetworkManager[354]: <info>  [1697743566.4789] device (enp0s4): state change: config -> ip-config (reason 'none', sys-iface-state: 'managed')
Oct 20 03:26:06 openeuler NetworkManager[354]: <info>  [1697743566.4881] dhcp4 (enp0s4): activation: beginning transaction (timeout in 45 seconds)
Oct 20 03:26:06 openeuler NetworkManager[354]: <info>  [1697743566.5351] dhcp4 (enp0s4): dhclient started with pid 9460
Oct 20 03:26:06 openeuler NetworkManager[354]: <info>  [1697743566.7818] device (enp0s5): state change: config -> ip-config (reason 'none', sys-iface-state: 'managed')
Oct 20 03:26:06 openeuler NetworkManager[354]: <info>  [1697743566.7936] dhcp4 (enp0s5): activation: beginning transaction (timeout in 45 seconds)
Oct 20 03:26:06 openeuler dhclient[9460]: DHCPDISCOVER on enp0s4 to 255.255.255.255 port 67 interval 6 (xid=0xb5b44f5e)
Oct 20 03:26:06 openeuler NetworkManager[354]: <info>  [1697743566.8425] dhcp4 (enp0s5): dhclient started with pid 9468
Oct 20 03:26:07 openeuler dhclient[9468]: DHCPDISCOVER on enp0s5 to 255.255.255.255 port 67 interval 5 (xid=0x303e1262)
Oct 20 03:26:12 openeuler dhclient[9460]: DHCPDISCOVER on enp0s4 to 255.255.255.255 port 67 interval 11 (xid=0xb5b44f5e)
Oct 20 03:26:12 openeuler dhclient[9468]: DHCPDISCOVER on enp0s5 to 255.255.255.255 port 67 interval 7 (xid=0x303e1262)
Oct 20 03:26:19 openeuler dhclient[9468]: DHCPDISCOVER on enp0s5 to 255.255.255.255 port 67 interval 18 (xid=0x303e1262)
Oct 20 03:26:23 openeuler dhclient[9460]: DHCPDISCOVER on enp0s4 to 255.255.255.255 port 67 interval 16 (xid=0xb5b44f5e)
Oct 20 03:26:37 openeuler dhclient[9468]: DHCPDISCOVER on enp0s5 to 255.255.255.255 port 67 interval 17 (xid=0x303e1262)
Oct 20 03:26:39 openeuler dhclient[9460]: DHCPDISCOVER on enp0s4 to 255.255.255.255 port 67 interval 20 (xid=0xb5b44f5e)
Oct 20 03:26:51 openeuler NetworkManager[354]: <info>  [1697743611.6534] device (enp0s4): state change: ip-config -> failed (reason 'ip-config-unavailable', sys-iface-state: 'managed')
Oct 20 03:26:51 openeuler NetworkManager[354]: <warn>  [1697743611.6589] device (enp0s4): Activation: failed for connection 'Wired connection 2'
Oct 20 03:26:51 openeuler NetworkManager[354]: <info>  [1697743611.6593] device (enp0s5): state change: ip-config -> failed (reason 'ip-config-unavailable', sys-iface-state: 'managed')
Oct 20 03:26:51 openeuler NetworkManager[354]: <warn>  [1697743611.6626] device (enp0s5): Activation: failed for connection 'Wired connection 3'
Oct 20 03:26:51 openeuler NetworkManager[354]: <info>  [1697743611.6657] device (enp0s4): state change: failed -> disconnected (reason 'none', sys-iface-state: 'managed')
Oct 20 03:26:51 openeuler NetworkManager[354]: <info>  [1697743611.7230] dhcp4 (enp0s4): canceled DHCP transaction, DHCP client pid 9460
Oct 20 03:26:51 openeuler NetworkManager[354]: <info>  [1697743611.7236] dhcp4 (enp0s4): activation: beginning transaction (timeout in 45 seconds)
Oct 20 03:26:51 openeuler NetworkManager[354]: <info>  [1697743611.7240] dhcp4 (enp0s4): state changed no lease
Oct 20 03:26:51 openeuler NetworkManager[354]: <info>  [1697743611.8336] device (enp0s5): state change: failed -> disconnected (reason 'none', sys-iface-state: 'managed')
Oct 20 03:26:51 openeuler NetworkManager[354]: <info>  [1697743611.8751] dhcp4 (enp0s5): canceled DHCP transaction, DHCP client pid 9468
Oct 20 03:26:51 openeuler NetworkManager[354]: <info>  [1697743611.8754] dhcp4 (enp0s5): activation: beginning transaction (timeout in 45 seconds)
Oct 20 03:26:51 openeuler NetworkManager[354]: <info>  [1697743611.8756] dhcp4 (enp0s5): state changed no lease
Oct 20 03:31:51 openeuler NetworkManager[354]: <info>  [1697743911.6540] policy: auto-activating connection 'Wired connection 2' (4a29acb3-afe4-3ef4-9b97-3d94df9fd918)
Oct 20 03:31:51 openeuler NetworkManager[354]: <info>  [1697743911.6572] policy: auto-activating connection 'Wired connection 3' (782645d7-b1fb-3efd-a43c-de4deb486bb9)
Oct 20 03:31:51 openeuler NetworkManager[354]: <info>  [1697743911.6638] device (enp0s4): Activation: starting connection 'Wired connection 2' (4a29acb3-afe4-3ef4-9b97-3d94df9fd918)
Oct 20 03:31:51 openeuler NetworkManager[354]: <info>  [1697743911.6678] device (enp0s5): Activation: starting connection 'Wired connection 3' (782645d7-b1fb-3efd-a43c-de4deb486bb9)
Oct 20 03:31:51 openeuler NetworkManager[354]: <info>  [1697743911.6693] device (enp0s4): state change: disconnected -> prepare (reason 'none', sys-iface-state: 'managed')
Oct 20 03:31:51 openeuler NetworkManager[354]: <info>  [1697743911.6748] device (enp0s4): state change: prepare -> config (reason 'none', sys-iface-state: 'managed')
Oct 20 03:31:51 openeuler NetworkManager[354]: <info>  [1697743911.6815] device (enp0s5): state change: disconnected -> prepare (reason 'none', sys-iface-state: 'managed')
Oct 20 03:31:51 openeuler NetworkManager[354]: <info>  [1697743911.6871] device (enp0s5): state change: prepare -> config (reason 'none', sys-iface-state: 'managed')
Oct 20 03:31:51 openeuler NetworkManager[354]: <info>  [1697743911.8675] device (enp0s4): state change: config -> ip-config (reason 'none', sys-iface-state: 'managed')
Oct 20 03:31:51 openeuler NetworkManager[354]: <info>  [1697743911.8756] dhcp4 (enp0s4): activation: beginning transaction (timeout in 45 seconds)
Oct 20 03:31:51 openeuler NetworkManager[354]: <info>  [1697743911.9131] dhcp4 (enp0s4): dhclient started with pid 9571
Oct 20 03:31:52 openeuler NetworkManager[354]: <info>  [1697743912.0468] device (enp0s5): state change: config -> ip-config (reason 'none', sys-iface-state: 'managed')
Oct 20 03:31:52 openeuler NetworkManager[354]: <info>  [1697743912.0559] dhcp4 (enp0s5): activation: beginning transaction (timeout in 45 seconds)
Oct 20 03:31:52 openeuler NetworkManager[354]: <info>  [1697743912.0856] dhcp4 (enp0s5): dhclient started with pid 9578
Oct 20 03:31:52 openeuler dhclient[9571]: DHCPDISCOVER on enp0s4 to 255.255.255.255 port 67 interval 5 (xid=0xf324bc63)
Oct 20 03:31:52 openeuler dhclient[9578]: DHCPDISCOVER on enp0s5 to 255.255.255.255 port 67 interval 8 (xid=0x9c9b072)
Oct 20 03:31:57 openeuler dhclient[9571]: DHCPDISCOVER on enp0s4 to 255.255.255.255 port 67 interval 13 (xid=0xf324bc63)
Oct 20 03:32:00 openeuler dhclient[9578]: DHCPDISCOVER on enp0s5 to 255.255.255.255 port 67 interval 18 (xid=0x9c9b072)
Oct 20 03:32:10 openeuler dhclient[9571]: DHCPDISCOVER on enp0s4 to 255.255.255.255 port 67 interval 14 (xid=0xf324bc63)
Oct 20 03:32:18 openeuler dhclient[9578]: DHCPDISCOVER on enp0s5 to 255.255.255.255 port 67 interval 17 (xid=0x9c9b072)
Oct 20 03:32:24 openeuler dhclient[9571]: DHCPDISCOVER on enp0s4 to 255.255.255.255 port 67 interval 8 (xid=0xf324bc63)
Oct 20 03:32:32 openeuler dhclient[9571]: DHCPDISCOVER on enp0s4 to 255.255.255.255 port 67 interval 9 (xid=0xf324bc63)
Oct 20 03:32:35 openeuler dhclient[9578]: DHCPDISCOVER on enp0s5 to 255.255.255.255 port 67 interval 10 (xid=0x9c9b072)
Oct 20 03:32:36 openeuler NetworkManager[354]: <info>  [1697743956.6537] device (enp0s4): state change: ip-config -> failed (reason 'ip-config-unavailable', sys-iface-state: 'managed')
Oct 20 03:32:36 openeuler NetworkManager[354]: <warn>  [1697743956.6614] device (enp0s4): Activation: failed for connection 'Wired connection 2'
Oct 20 03:32:36 openeuler NetworkManager[354]: <info>  [1697743956.6657] device (enp0s4): state change: failed -> disconnected (reason 'none', sys-iface-state: 'managed')
Oct 20 03:32:36 openeuler NetworkManager[354]: <info>  [1697743956.7225] dhcp4 (enp0s4): canceled DHCP transaction, DHCP client pid 9571
Oct 20 03:32:36 openeuler NetworkManager[354]: <info>  [1697743956.7229] dhcp4 (enp0s4): activation: beginning transaction (timeout in 45 seconds)
Oct 20 03:32:36 openeuler NetworkManager[354]: <info>  [1697743956.7232] dhcp4 (enp0s4): state changed no lease
Oct 20 03:32:36 openeuler NetworkManager[354]: <info>  [1697743956.8464] policy: auto-activating connection 'Wired connection 2' (4a29acb3-afe4-3ef4-9b97-3d94df9fd918)
Oct 20 03:32:36 openeuler NetworkManager[354]: <info>  [1697743956.8508] device (enp0s4): Activation: starting connection 'Wired connection 2' (4a29acb3-afe4-3ef4-9b97-3d94df9fd918)
Oct 20 03:32:36 openeuler NetworkManager[354]: <info>  [1697743956.8519] device (enp0s4): state change: disconnected -> prepare (reason 'none', sys-iface-state: 'managed')
Oct 20 03:32:36 openeuler NetworkManager[354]: <info>  [1697743956.8557] device (enp0s4): state change: prepare -> config (reason 'none', sys-iface-state: 'managed')
Oct 20 03:32:37 openeuler NetworkManager[354]: <info>  [1697743957.1221] device (enp0s4): state change: config -> ip-config (reason 'none', sys-iface-state: 'managed')
Oct 20 03:32:37 openeuler NetworkManager[354]: <info>  [1697743957.1306] dhcp4 (enp0s4): activation: beginning transaction (timeout in 45 seconds)
Oct 20 03:32:37 openeuler NetworkManager[354]: <info>  [1697743957.1673] dhcp4 (enp0s4): dhclient started with pid 9598
Oct 20 03:32:37 openeuler dhclient[9598]: DHCPDISCOVER on enp0s4 to 255.255.255.255 port 67 interval 5 (xid=0x68556b19)
Oct 20 03:32:37 openeuler NetworkManager[354]: <info>  [1697743957.6424] device (enp0s5): state change: ip-config -> failed (reason 'ip-config-unavailable', sys-iface-state: 'managed')
Oct 20 03:32:37 openeuler NetworkManager[354]: <warn>  [1697743957.6497] device (enp0s5): Activation: failed for connection 'Wired connection 3'
Oct 20 03:32:37 openeuler NetworkManager[354]: <info>  [1697743957.6550] device (enp0s5): state change: failed -> disconnected (reason 'none', sys-iface-state: 'managed')
Oct 20 03:32:37 openeuler NetworkManager[354]: <info>  [1697743957.6943] dhcp4 (enp0s5): canceled DHCP transaction, DHCP client pid 9578
Oct 20 03:32:37 openeuler NetworkManager[354]: <info>  [1697743957.6946] dhcp4 (enp0s5): activation: beginning transaction (timeout in 45 seconds)
Oct 20 03:32:37 openeuler NetworkManager[354]: <info>  [1697743957.6948] dhcp4 (enp0s5): state changed no lease
Oct 20 03:32:37 openeuler NetworkManager[354]: <info>  [1697743957.8304] policy: auto-activating connection 'Wired connection 3' (782645d7-b1fb-3efd-a43c-de4deb486bb9)
Oct 20 03:32:37 openeuler NetworkManager[354]: <info>  [1697743957.8369] device (enp0s5): Activation: starting connection 'Wired connection 3' (782645d7-b1fb-3efd-a43c-de4deb486bb9)
Oct 20 03:32:37 openeuler NetworkManager[354]: <info>  [1697743957.8380] device (enp0s5): state change: disconnected -> prepare (reason 'none', sys-iface-state: 'managed')
Oct 20 03:32:37 openeuler NetworkManager[354]: <info>  [1697743957.8413] device (enp0s5): state change: prepare -> config (reason 'none', sys-iface-state: 'managed')
Oct 20 03:32:38 openeuler NetworkManager[354]: <info>  [1697743958.0876] device (enp0s5): state change: config -> ip-config (reason 'none', sys-iface-state: 'managed')
Oct 20 03:32:38 openeuler NetworkManager[354]: <info>  [1697743958.0923] dhcp4 (enp0s5): activation: beginning transaction (timeout in 45 seconds)
Oct 20 03:32:38 openeuler NetworkManager[354]: <info>  [1697743958.1179] dhcp4 (enp0s5): dhclient started with pid 9608
Oct 20 03:32:38 openeuler dhclient[9608]: DHCPDISCOVER on enp0s5 to 255.255.255.255 port 67 interval 3 (xid=0x991d4f61)
Oct 20 03:32:41 openeuler dhclient[9608]: DHCPDISCOVER on enp0s5 to 255.255.255.255 port 67 interval 7 (xid=0x991d4f61)
Oct 20 03:32:42 openeuler dhclient[9598]: DHCPDISCOVER on enp0s4 to 255.255.255.255 port 67 interval 12 (xid=0x68556b19)
Oct 20 03:32:48 openeuler dhclient[9608]: DHCPDISCOVER on enp0s5 to 255.255.255.255 port 67 interval 9 (xid=0x991d4f61)
Oct 20 03:32:54 openeuler dhclient[9598]: DHCPDISCOVER on enp0s4 to 255.255.255.255 port 67 interval 18 (xid=0x68556b19)
Oct 20 03:32:57 openeuler dhclient[9608]: DHCPDISCOVER on enp0s5 to 255.255.255.255 port 67 interval 10 (xid=0x991d4f61)
Oct 20 03:33:07 openeuler dhclient[9608]: DHCPDISCOVER on enp0s5 to 255.255.255.255 port 67 interval 12 (xid=0x991d4f61)
Oct 20 03:33:12 openeuler dhclient[9598]: DHCPDISCOVER on enp0s4 to 255.255.255.255 port 67 interval 13 (xid=0x68556b19)
Oct 20 03:33:19 openeuler dhclient[9608]: DHCPDISCOVER on enp0s5 to 255.255.255.255 port 67 interval 9 (xid=0x991d4f61)
Oct 20 03:33:22 openeuler NetworkManager[354]: <info>  [1697744002.6419] device (enp0s4): state change: ip-config -> failed (reason 'ip-config-unavailable', sys-iface-state: 'managed')
Oct 20 03:33:22 openeuler NetworkManager[354]: <warn>  [1697744002.6490] device (enp0s4): Activation: failed for connection 'Wired connection 2'
Oct 20 03:33:22 openeuler NetworkManager[354]: <info>  [1697744002.6525] device (enp0s4): state change: failed -> disconnected (reason 'none', sys-iface-state: 'managed')
Oct 20 03:33:22 openeuler NetworkManager[354]: <info>  [1697744002.6789] dhcp4 (enp0s4): canceled DHCP transaction, DHCP client pid 9598
Oct 20 03:33:22 openeuler NetworkManager[354]: <info>  [1697744002.6792] dhcp4 (enp0s4): activation: beginning transaction (timeout in 45 seconds)
Oct 20 03:33:22 openeuler NetworkManager[354]: <info>  [1697744002.6794] dhcp4 (enp0s4): state changed no lease
Oct 20 03:33:22 openeuler NetworkManager[354]: <info>  [1697744002.8172] policy: auto-activating connection 'Wired connection 2' (4a29acb3-afe4-3ef4-9b97-3d94df9fd918)
Oct 20 03:33:22 openeuler NetworkManager[354]: <info>  [1697744002.8261] device (enp0s4): Activation: starting connection 'Wired connection 2' (4a29acb3-afe4-3ef4-9b97-3d94df9fd918)
Oct 20 03:33:22 openeuler NetworkManager[354]: <info>  [1697744002.8274] device (enp0s4): state change: disconnected -> prepare (reason 'none', sys-iface-state: 'managed')
Oct 20 03:33:22 openeuler NetworkManager[354]: <info>  [1697744002.8311] device (enp0s4): state change: prepare -> config (reason 'none', sys-iface-state: 'managed')
Oct 20 03:33:23 openeuler NetworkManager[354]: <info>  [1697744003.0403] device (enp0s4): state change: config -> ip-config (reason 'none', sys-iface-state: 'managed')
Oct 20 03:33:23 openeuler NetworkManager[354]: <info>  [1697744003.0474] dhcp4 (enp0s4): activation: beginning transaction (timeout in 45 seconds)
Oct 20 03:33:23 openeuler NetworkManager[354]: <info>  [1697744003.0811] dhcp4 (enp0s4): dhclient started with pid 9628
Oct 20 03:33:23 openeuler dhclient[9628]: DHCPDISCOVER on enp0s4 to 255.255.255.255 port 67 interval 4 (xid=0x74dbd371)
Oct 20 03:33:23 openeuler NetworkManager[354]: <info>  [1697744003.6415] device (enp0s5): state change: ip-config -> failed (reason 'ip-config-unavailable', sys-iface-state: 'managed')
Oct 20 03:33:23 openeuler NetworkManager[354]: <warn>  [1697744003.6468] device (enp0s5): Activation: failed for connection 'Wired connection 3'
Oct 20 03:33:23 openeuler NetworkManager[354]: <info>  [1697744003.6496] device (enp0s5): state change: failed -> disconnected (reason 'none', sys-iface-state: 'managed')
Oct 20 03:33:23 openeuler NetworkManager[354]: <info>  [1697744003.6866] dhcp4 (enp0s5): canceled DHCP transaction, DHCP client pid 9608
Oct 20 03:33:23 openeuler NetworkManager[354]: <info>  [1697744003.6870] dhcp4 (enp0s5): activation: beginning transaction (timeout in 45 seconds)
Oct 20 03:33:23 openeuler NetworkManager[354]: <info>  [1697744003.6872] dhcp4 (enp0s5): state changed no lease
Oct 20 03:33:23 openeuler NetworkManager[354]: <info>  [1697744003.7950] policy: auto-activating connection 'Wired connection 3' (782645d7-b1fb-3efd-a43c-de4deb486bb9)
Oct 20 03:33:23 openeuler NetworkManager[354]: <info>  [1697744003.8024] device (enp0s5): Activation: starting connection 'Wired connection 3' (782645d7-b1fb-3efd-a43c-de4deb486bb9)
Oct 20 03:33:23 openeuler NetworkManager[354]: <info>  [1697744003.8040] device (enp0s5): state change: disconnected -> prepare (reason 'none', sys-iface-state: 'managed')
Oct 20 03:33:23 openeuler NetworkManager[354]: <info>  [1697744003.8086] device (enp0s5): state change: prepare -> config (reason 'none', sys-iface-state: 'managed')
Oct 20 03:33:24 openeuler NetworkManager[354]: <info>  [1697744004.0211] device (enp0s5): state change: config -> ip-config (reason 'none', sys-iface-state: 'managed')
Oct 20 03:33:24 openeuler NetworkManager[354]: <info>  [1697744004.0291] dhcp4 (enp0s5): activation: beginning transaction (timeout in 45 seconds)
Oct 20 03:33:24 openeuler NetworkManager[354]: <info>  [1697744004.0633] dhcp4 (enp0s5): dhclient started with pid 9639
Oct 20 03:33:24 openeuler dhclient[9639]: DHCPDISCOVER on enp0s5 to 255.255.255.255 port 67 interval 6 (xid=0x4fc0de4b)
Oct 20 03:33:27 openeuler dhclient[9628]: DHCPDISCOVER on enp0s4 to 255.255.255.255 port 67 interval 8 (xid=0x74dbd371)
Oct 20 03:33:30 openeuler dhclient[9639]: DHCPDISCOVER on enp0s5 to 255.255.255.255 port 67 interval 12 (xid=0x4fc0de4b)
Oct 20 03:33:35 openeuler dhclient[9628]: DHCPDISCOVER on enp0s4 to 255.255.255.255 port 67 interval 12 (xid=0x74dbd371)
Oct 20 03:33:42 openeuler dhclient[9639]: DHCPDISCOVER on enp0s5 to 255.255.255.255 port 67 interval 12 (xid=0x4fc0de4b)
Oct 20 03:33:47 openeuler dhclient[9628]: DHCPDISCOVER on enp0s4 to 255.255.255.255 port 67 interval 16 (xid=0x74dbd371)
Oct 20 03:33:54 openeuler dhclient[9639]: DHCPDISCOVER on enp0s5 to 255.255.255.255 port 67 interval 20 (xid=0x4fc0de4b)
Oct 20 03:34:03 openeuler dhclient[9628]: DHCPDISCOVER on enp0s4 to 255.255.255.255 port 67 interval 17 (xid=0x74dbd371)
Oct 20 03:34:08 openeuler NetworkManager[354]: <info>  [1697744048.6537] device (enp0s4): state change: ip-config -> failed (reason 'ip-config-unavailable', sys-iface-state: 'managed')
Oct 20 03:34:08 openeuler NetworkManager[354]: <warn>  [1697744048.6616] device (enp0s4): Activation: failed for connection 'Wired connection 2'
Oct 20 03:34:08 openeuler NetworkManager[354]: <info>  [1697744048.6659] device (enp0s4): state change: failed -> disconnected (reason 'none', sys-iface-state: 'managed')
Oct 20 03:34:08 openeuler NetworkManager[354]: <info>  [1697744048.7070] dhcp4 (enp0s4): canceled DHCP transaction, DHCP client pid 9628
Oct 20 03:34:08 openeuler NetworkManager[354]: <info>  [1697744048.7076] dhcp4 (enp0s4): activation: beginning transaction (timeout in 45 seconds)
Oct 20 03:34:08 openeuler NetworkManager[354]: <info>  [1697744048.7079] dhcp4 (enp0s4): state changed no lease
Oct 20 03:34:08 openeuler NetworkManager[354]: <info>  [1697744048.8381] policy: auto-activating connection 'Wired connection 2' (4a29acb3-afe4-3ef4-9b97-3d94df9fd918)
Oct 20 03:34:08 openeuler NetworkManager[354]: <info>  [1697744048.8456] device (enp0s4): Activation: starting connection 'Wired connection 2' (4a29acb3-afe4-3ef4-9b97-3d94df9fd918)
Oct 20 03:34:08 openeuler NetworkManager[354]: <info>  [1697744048.8474] device (enp0s4): state change: disconnected -> prepare (reason 'none', sys-iface-state: 'managed')
Oct 20 03:34:08 openeuler NetworkManager[354]: <info>  [1697744048.8538] device (enp0s4): state change: prepare -> config (reason 'none', sys-iface-state: 'managed')
Oct 20 03:34:09 openeuler NetworkManager[354]: <info>  [1697744049.0645] device (enp0s4): state change: config -> ip-config (reason 'none', sys-iface-state: 'managed')
Oct 20 03:34:09 openeuler NetworkManager[354]: <info>  [1697744049.0732] dhcp4 (enp0s4): activation: beginning transaction (timeout in 45 seconds)
Oct 20 03:34:09 openeuler NetworkManager[354]: <info>  [1697744049.1138] dhcp4 (enp0s4): dhclient started with pid 9659
Oct 20 03:34:09 openeuler dhclient[9659]: DHCPDISCOVER on enp0s4 to 255.255.255.255 port 67 interval 6 (xid=0xfc7ef167)
Oct 20 03:34:09 openeuler NetworkManager[354]: <info>  [1697744049.6419] device (enp0s5): state change: ip-config -> failed (reason 'ip-config-unavailable', sys-iface-state: 'managed')
Oct 20 03:34:09 openeuler NetworkManager[354]: <warn>  [1697744049.6505] device (enp0s5): Activation: failed for connection 'Wired connection 3'
Oct 20 03:34:09 openeuler NetworkManager[354]: <info>  [1697744049.6547] device (enp0s5): state change: failed -> disconnected (reason 'none', sys-iface-state: 'managed')
Oct 20 03:34:09 openeuler NetworkManager[354]: <info>  [1697744049.6949] dhcp4 (enp0s5): canceled DHCP transaction, DHCP client pid 9639
Oct 20 03:34:09 openeuler NetworkManager[354]: <info>  [1697744049.6954] dhcp4 (enp0s5): activation: beginning transaction (timeout in 45 seconds)
Oct 20 03:34:09 openeuler NetworkManager[354]: <info>  [1697744049.6957] dhcp4 (enp0s5): state changed no lease
